10:49:21 **** Incremental Build of configuration Debug for project lab3 ****
make -j16 all 
arm-none-eabi-gcc -o "lab3.elf" @"objects.list"  -larm_cortexM4lf_math -mcpu=cortex-m4 -T"C:\Users\Ali\STM32CubeIDE\workspace_1.16.0\lab3\STM32L4S5VITX_FLASH.ld" --specs=nosys.specs -Wl,-Map="lab3.map" -Wl,--gc-sections -static -L"C:\Users\Ali\STM32CubeIDE\workspace_1.16.0\lab3\Core\Lib" --specs=nano.specs -mfpu=fpv4-sp-d16 -mfloat-abi=hard -mthumb -Wl,--start-group -lc -lm -Wl,--end-group
Finished building target: lab3.elf
 
arm-none-eabi-size  lab3.elf 
arm-none-eabi-objdump -h -S lab3.elf  > "lab3.list"
   text	   data	    bss	    dec	    hex	filename
  11584	     12	   1588	  13184	   3380	lab3.elf
Finished building: default.size.stdout
 
Finished building: lab3.list
 
10:49:40 **** Incremental Build of configuration Debug for project lab3 ****
make -j16 all 
arm-none-eabi-size  lab3.elf 
   text	   data	    bss	    dec	    hex	filename
  11584	     12	   1588	  13184	   3380	lab3.elf
Finished building: default.size.stdout
 
10:52:52 **** Incremental Build of configuration Debug for project lab3 ****
make -j16 all 
arm-none-eabi-gcc "../Core/Src/main.c" -mcpu=cortex-m4 -std=gnu11 -g3 -DDEBUG -DUSE_HAL_DRIVER -DSTM32L4S5xx -c -I../Core/Inc -I../Drivers/STM32L4xx_HAL_Driver/Inc -I../Drivers/STM32L4xx_HAL_Driver/Inc/Legacy -I../Drivers/CMSIS/Device/ST/STM32L4xx/Include -I../Drivers/CMSIS/Include -O0 -ffunction-sections -fdata-sections -Wall -fstack-usage -fcyclomatic-complexity -MMD -MP -MF"Core/Src/main.d" -MT"Core/Src/main.o" --specs=nano.specs -mfpu=fpv4-sp-d16 -mfloat-abi=hard -mthumb -o "Core/Src/main.o"
arm-none-eabi-gcc -o "lab3.elf" @"objects.list"  -larm_cortexM4lf_math -mcpu=cortex-m4 -T"C:\Users\Ali\STM32CubeIDE\workspace_1.16.0\lab3\STM32L4S5VITX_FLASH.ld" --specs=nosys.specs -Wl,-Map="lab3.map" -Wl,--gc-sections -static -L"C:\Users\Ali\STM32CubeIDE\workspace_1.16.0\lab3\Core\Lib" --specs=nano.specs -mfpu=fpv4-sp-d16 -mfloat-abi=hard -mthumb -Wl,--start-group -lc -lm -Wl,--end-group
Finished building target: lab3.elf
 
arm-none-eabi-size  lab3.elf 
arm-none-eabi-objdump -h -S lab3.elf  > "lab3.list"
   text	   data	    bss	    dec	    hex	filename
  11584	     12	   1588	  13184	   3380	lab3.elf
Finished building: default.size.stdout
 
Finished building: lab3.list
 
10:53:52 **** Incremental Build of configuration Debug for project lab3 ****
make -j16 all 
arm-none-eabi-size  lab3.elf 
   text	   data	    bss	    dec	    hex	filename
  11584	     12	   1588	  13184	   3380	lab3.elf
Finished building: default.size.stdout
 
10:54:27 **** Incremental Build of configuration Debug for project lab3 ****
make -j16 all 
arm-none-eabi-size  lab3.elf 
   text	   data	    bss	    dec	    hex	filename
  11584	     12	   1588	  13184	   3380	lab3.elf
Finished building: default.size.stdout
 
10:55:14 **** Incremental Build of configuration Debug for project lab3 ****
make -j16 all 
arm-none-eabi-gcc "../Core/Src/main.c" -mcpu=cortex-m4 -std=gnu11 -g3 -DDEBUG -DUSE_HAL_DRIVER -DSTM32L4S5xx -c -I../Core/Inc -I../Drivers/STM32L4xx_HAL_Driver/Inc -I../Drivers/STM32L4xx_HAL_Driver/Inc/Legacy -I../Drivers/CMSIS/Device/ST/STM32L4xx/Include -I../Drivers/CMSIS/Include -O0 -ffunction-sections -fdata-sections -Wall -fstack-usage -fcyclomatic-complexity -MMD -MP -MF"Core/Src/main.d" -MT"Core/Src/main.o" --specs=nano.specs -mfpu=fpv4-sp-d16 -mfloat-abi=hard -mthumb -o "Core/Src/main.o"
arm-none-eabi-gcc -o "lab3.elf" @"objects.list"  -larm_cortexM4lf_math -mcpu=cortex-m4 -T"C:\Users\Ali\STM32CubeIDE\workspace_1.16.0\lab3\STM32L4S5VITX_FLASH.ld" --specs=nosys.specs -Wl,-Map="lab3.map" -Wl,--gc-sections -static -L"C:\Users\Ali\STM32CubeIDE\workspace_1.16.0\lab3\Core\Lib" --specs=nano.specs -mfpu=fpv4-sp-d16 -mfloat-abi=hard -mthumb -Wl,--start-group -lc -lm -Wl,--end-group
Finished building target: lab3.elf
 
arm-none-eabi-size  lab3.elf 
arm-none-eabi-objdump -h -S lab3.elf  > "lab3.list"
   text	   data	    bss	    dec	    hex	filename
  11584	     12	   1588	  13184	   3380	lab3.elf
Finished building: default.size.stdout
 
Finished building: lab3.list
 
10:57:03 **** Incremental Build of configuration Debug for project lab3 ****
make -j16 all 
arm-none-eabi-gcc "../Core/Src/main.c" -mcpu=cortex-m4 -std=gnu11 -g3 -DDEBUG -DUSE_HAL_DRIVER -DSTM32L4S5xx -c -I../Core/Inc -I../Drivers/STM32L4xx_HAL_Driver/Inc -I../Drivers/STM32L4xx_HAL_Driver/Inc/Legacy -I../Drivers/CMSIS/Device/ST/STM32L4xx/Include -I../Drivers/CMSIS/Include -O0 -ffunction-sections -fdata-sections -Wall -fstack-usage -fcyclomatic-complexity -MMD -MP -MF"Core/Src/main.d" -MT"Core/Src/main.o" --specs=nano.specs -mfpu=fpv4-sp-d16 -mfloat-abi=hard -mthumb -o "Core/Src/main.o"
arm-none-eabi-gcc -o "lab3.elf" @"objects.list"  -larm_cortexM4lf_math -mcpu=cortex-m4 -T"C:\Users\Ali\STM32CubeIDE\workspace_1.16.0\lab3\STM32L4S5VITX_FLASH.ld" --specs=nosys.specs -Wl,-Map="lab3.map" -Wl,--gc-sections -static -L"C:\Users\Ali\STM32CubeIDE\workspace_1.16.0\lab3\Core\Lib" --specs=nano.specs -mfpu=fpv4-sp-d16 -mfloat-abi=hard -mthumb -Wl,--start-group -lc -lm -Wl,--end-group
Finished building target: lab3.elf
 
arm-none-eabi-size  lab3.elf 
arm-none-eabi-objdump -h -S lab3.elf  > "lab3.list"
   text	   data	    bss	    dec	    hex	filename
  11584	     12	   1588	  13184	   3380	lab3.elf
Finished building: default.size.stdout
 
Finished building: lab3.list
 
10:57:42 **** Incremental Build of configuration Debug for project lab3 ****
make -j16 all 
arm-none-eabi-gcc "../Core/Src/main.c" -mcpu=cortex-m4 -std=gnu11 -g3 -DDEBUG -DUSE_HAL_DRIVER -DSTM32L4S5xx -c -I../Core/Inc -I../Drivers/STM32L4xx_HAL_Driver/Inc -I../Drivers/STM32L4xx_HAL_Driver/Inc/Legacy -I../Drivers/CMSIS/Device/ST/STM32L4xx/Include -I../Drivers/CMSIS/Include -O0 -ffunction-sections -fdata-sections -Wall -fstack-usage -fcyclomatic-complexity -MMD -MP -MF"Core/Src/main.d" -MT"Core/Src/main.o" --specs=nano.specs -mfpu=fpv4-sp-d16 -mfloat-abi=hard -mthumb -o "Core/Src/main.o"
arm-none-eabi-gcc -o "lab3.elf" @"objects.list"  -larm_cortexM4lf_math -mcpu=cortex-m4 -T"C:\Users\Ali\STM32CubeIDE\workspace_1.16.0\lab3\STM32L4S5VITX_FLASH.ld" --specs=nosys.specs -Wl,-Map="lab3.map" -Wl,--gc-sections -static -L"C:\Users\Ali\STM32CubeIDE\workspace_1.16.0\lab3\Core\Lib" --specs=nano.specs -mfpu=fpv4-sp-d16 -mfloat-abi=hard -mthumb -Wl,--start-group -lc -lm -Wl,--end-group
Finished building target: lab3.elf
 
arm-none-eabi-size  lab3.elf 
arm-none-eabi-objdump -h -S lab3.elf  > "lab3.list"
   text	   data	    bss	    dec	    hex	filename
  11584	     12	   1588	  13184	   3380	lab3.elf
Finished building: default.size.stdout
 
Finished building: lab3.list
 
10:58:49 **** Incremental Build of configuration Debug for project lab3 ****
make -j16 all 
arm-none-eabi-size  lab3.elf 
   text	   data	    bss	    dec	    hex	filename
  11584	     12	   1588	  13184	   3380	lab3.elf
Finished building: default.size.stdout
 
11:04:28 **** Incremental Build of configuration Debug for project lab3 ****
make -j16 all 
arm-none-eabi-gcc "../Core/Src/main.c" -mcpu=cortex-m4 -std=gnu11 -g3 -DDEBUG -DUSE_HAL_DRIVER -DSTM32L4S5xx -c -I../Core/Inc -I../Drivers/STM32L4xx_HAL_Driver/Inc -I../Drivers/STM32L4xx_HAL_Driver/Inc/Legacy -I../Drivers/CMSIS/Device/ST/STM32L4xx/Include -I../Drivers/CMSIS/Include -O0 -ffunction-sections -fdata-sections -Wall -fstack-usage -fcyclomatic-complexity -MMD -MP -MF"Core/Src/main.d" -MT"Core/Src/main.o" --specs=nano.specs -mfpu=fpv4-sp-d16 -mfloat-abi=hard -mthumb -o "Core/Src/main.o"
arm-none-eabi-gcc -o "lab3.elf" @"objects.list"  -larm_cortexM4lf_math -mcpu=cortex-m4 -T"C:\Users\Ali\STM32CubeIDE\workspace_1.16.0\lab3\STM32L4S5VITX_FLASH.ld" --specs=nosys.specs -Wl,-Map="lab3.map" -Wl,--gc-sections -static -L"C:\Users\Ali\STM32CubeIDE\workspace_1.16.0\lab3\Core\Lib" --specs=nano.specs -mfpu=fpv4-sp-d16 -mfloat-abi=hard -mthumb -Wl,--start-group -lc -lm -Wl,--end-group
Finished building target: lab3.elf
 
arm-none-eabi-size  lab3.elf 
arm-none-eabi-objdump -h -S lab3.elf  > "lab3.list"
   text	   data	    bss	    dec	    hex	filename
  11584	     12	   1588	  13184	   3380	lab3.elf
Finished building: default.size.stdout
 
Finished building: lab3.list
 
11:09:48 **** Incremental Build of configuration Debug for project lab3 ****
make -j16 all 
arm-none-eabi-size  lab3.elf 
   text	   data	    bss	    dec	    hex	filename
  11584	     12	   1588	  13184	   3380	lab3.elf
Finished building: default.size.stdout
 
11:11:13 **** Incremental Build of configuration Debug for project lab3 ****
make -j16 all 
arm-none-eabi-size  lab3.elf 
   text	   data	    bss	    dec	    hex	filename
  11584	     12	   1588	  13184	   3380	lab3.elf
Finished building: default.size.stdout
 
11:13:23 **** Incremental Build of configuration Debug for project lab3 ****
make -j16 all 
arm-none-eabi-gcc "../Core/Src/main.c" -mcpu=cortex-m4 -std=gnu11 -g3 -DDEBUG -DUSE_HAL_DRIVER -DSTM32L4S5xx -c -I../Core/Inc -I../Drivers/STM32L4xx_HAL_Driver/Inc -I../Drivers/STM32L4xx_HAL_Driver/Inc/Legacy -I../Drivers/CMSIS/Device/ST/STM32L4xx/Include -I../Drivers/CMSIS/Include -O0 -ffunction-sections -fdata-sections -Wall -fstack-usage -fcyclomatic-complexity -MMD -MP -MF"Core/Src/main.d" -MT"Core/Src/main.o" --specs=nano.specs -mfpu=fpv4-sp-d16 -mfloat-abi=hard -mthumb -o "Core/Src/main.o"
arm-none-eabi-gcc -o "lab3.elf" @"objects.list"  -larm_cortexM4lf_math -mcpu=cortex-m4 -T"C:\Users\Ali\STM32CubeIDE\workspace_1.16.0\lab3\STM32L4S5VITX_FLASH.ld" --specs=nosys.specs -Wl,-Map="lab3.map" -Wl,--gc-sections -static -L"C:\Users\Ali\STM32CubeIDE\workspace_1.16.0\lab3\Core\Lib" --specs=nano.specs -mfpu=fpv4-sp-d16 -mfloat-abi=hard -mthumb -Wl,--start-group -lc -lm -Wl,--end-group
Finished building target: lab3.elf
 
arm-none-eabi-size  lab3.elf 
arm-none-eabi-objdump -h -S lab3.elf  > "lab3.list"
   text	   data	    bss	    dec	    hex	filename
  11584	     12	   1588	  13184	   3380	lab3.elf
Finished building: default.size.stdout
 
Finished building: lab3.list
 
11:14:20 **** Incremental Build of configuration Debug for project lab3 ****
make -j16 all 
arm-none-eabi-gcc "../Core/Src/main.c" -mcpu=cortex-m4 -std=gnu11 -g3 -DDEBUG -DUSE_HAL_DRIVER -DSTM32L4S5xx -c -I../Core/Inc -I../Drivers/STM32L4xx_HAL_Driver/Inc -I../Drivers/STM32L4xx_HAL_Driver/Inc/Legacy -I../Drivers/CMSIS/Device/ST/STM32L4xx/Include -I../Drivers/CMSIS/Include -O0 -ffunction-sections -fdata-sections -Wall -fstack-usage -fcyclomatic-complexity -MMD -MP -MF"Core/Src/main.d" -MT"Core/Src/main.o" --specs=nano.specs -mfpu=fpv4-sp-d16 -mfloat-abi=hard -mthumb -o "Core/Src/main.o"
arm-none-eabi-gcc -o "lab3.elf" @"objects.list"  -larm_cortexM4lf_math -mcpu=cortex-m4 -T"C:\Users\Ali\STM32CubeIDE\workspace_1.16.0\lab3\STM32L4S5VITX_FLASH.ld" --specs=nosys.specs -Wl,-Map="lab3.map" -Wl,--gc-sections -static -L"C:\Users\Ali\STM32CubeIDE\workspace_1.16.0\lab3\Core\Lib" --specs=nano.specs -mfpu=fpv4-sp-d16 -mfloat-abi=hard -mthumb -Wl,--start-group -lc -lm -Wl,--end-group
Finished building target: lab3.elf
 
arm-none-eabi-size  lab3.elf 
arm-none-eabi-objdump -h -S lab3.elf  > "lab3.list"
   text	   data	    bss	    dec	    hex	filename
  11584	     12	   1588	  13184	   3380	lab3.elf
Finished building: default.size.stdout
 
Finished building: lab3.list
 
