10:23:58 **** Incremental Build of configuration Debug for project lab2-2 ****
make -j16 all 
arm-none-eabi-gcc "../Core/Src/main.c" -mcpu=cortex-m4 -std=gnu11 -g3 -DDEBUG -DUSE_HAL_DRIVER -DSTM32L4S5xx -c -I../Core/Inc -I../Drivers/STM32L4xx_HAL_Driver/Inc -I../Drivers/STM32L4xx_HAL_Driver/Inc/Legacy -I../Drivers/CMSIS/Device/ST/STM32L4xx/Include -I../Drivers/CMSIS/Include -O0 -ffunction-sections -fdata-sections -Wall -fstack-usage -fcyclomatic-complexity -MMD -MP -MF"Core/Src/main.d" -MT"Core/Src/main.o" --specs=nano.specs -mfpu=fpv4-sp-d16 -mfloat-abi=hard -mthumb -o "Core/Src/main.o"
../Core/Src/main.c: In function 'main':
../Core/Src/main.c:137:19: warning: unused variable 'Temperature' [-Wunused-variable]
  137 |           int32_t Temperature = __HAL_ADC_CALC_TEMPERATURE(VREFANALOG_VOLTAGE, adcValue,ADC_RESOLUTION_12B);
      |                   ^~~~~~~~~~~
../Core/Src/main.c:117:20: warning: unused variable 'vdda_voltage' [-Wunused-variable]
  117 |           uint32_t vdda_voltage = __HAL_ADC_CALC_VREFANALOG_VOLTAGE(adcValue, ADC_RESOLUTION_12B);
      |                    ^~~~~~~~~~~~
arm-none-eabi-gcc -o "lab2-2.elf" @"objects.list"   -mcpu=cortex-m4 -T"C:\Users\Ali\STM32CubeIDE\workspace_1.16.0\lab2-2\STM32L4S5VITX_FLASH.ld" --specs=nosys.specs -Wl,-Map="lab2-2.map" -Wl,--gc-sections -static --specs=nano.specs -mfpu=fpv4-sp-d16 -mfloat-abi=hard -mthumb -Wl,--start-group -lc -lm -Wl,--end-group
C:/ST/STM32CubeIDE_1.16.0/STM32CubeIDE/plugins/com.st.stm32cube.ide.mcu.externaltools.gnu-tools-for-stm32.12.3.rel1.win32_1.0.200.202406191623/tools/bin/../lib/gcc/arm-none-eabi/12.3.1/../../../../arm-none-eabi/bin/ld.exe: warning: lab2-2.elf has a LOAD segment with RWX permissions
Finished building target: lab2-2.elf
 
arm-none-eabi-size  lab2-2.elf 
arm-none-eabi-objdump -h -S lab2-2.elf  > "lab2-2.list"
   text	   data	    bss	    dec	    hex	filename
  15304	     20	   1676	  17000	   4268	lab2-2.elf
Finished building: default.size.stdout
 
Finished building: lab2-2.list
 

10:23:59 Build Finished. 0 errors, 3 warnings. (took 916ms)

