Archive member included to satisfy reference by file (symbol)

C:\Users\Ali\STM32CubeIDE\workspace_1.16.0\lab3\Core\Lib\libarm_cortexM4lf_math.a(arm_sin_f32.o)
                              ./Core/Src/main.o (arm_sin_f32)
C:\Users\Ali\STM32CubeIDE\workspace_1.16.0\lab3\Core\Lib\libarm_cortexM4lf_math.a(arm_common_tables.o)
                              C:\Users\Ali\STM32CubeIDE\workspace_1.16.0\lab3\Core\Lib\libarm_cortexM4lf_math.a(arm_sin_f32.o) (sinTable_f32)
C:/ST/STM32CubeIDE_1.16.0/STM32CubeIDE/plugins/com.st.stm32cube.ide.mcu.externaltools.gnu-tools-for-stm32.12.3.rel1.win32_1.0.200.202406191623/tools/bin/../lib/gcc/arm-none-eabi/12.3.1/../../../../arm-none-eabi/lib/thumb/v7e-m+fp/hard\libc_nano.a(libc_a-exit.o)
                              C:/ST/STM32CubeIDE_1.16.0/STM32CubeIDE/plugins/com.st.stm32cube.ide.mcu.externaltools.gnu-tools-for-stm32.12.3.rel1.win32_1.0.200.202406191623/tools/bin/../lib/gcc/arm-none-eabi/12.3.1/../../../../arm-none-eabi/lib/thumb/v7e-m+fp/hard/crt0.o (exit)
C:/ST/STM32CubeIDE_1.16.0/STM32CubeIDE/plugins/com.st.stm32cube.ide.mcu.externaltools.gnu-tools-for-stm32.12.3.rel1.win32_1.0.200.202406191623/tools/bin/../lib/gcc/arm-none-eabi/12.3.1/../../../../arm-none-eabi/lib/thumb/v7e-m+fp/hard\libc_nano.a(libc_a-findfp.o)
                              C:/ST/STM32CubeIDE_1.16.0/STM32CubeIDE/plugins/com.st.stm32cube.ide.mcu.externaltools.gnu-tools-for-stm32.12.3.rel1.win32_1.0.200.202406191623/tools/bin/../lib/gcc/arm-none-eabi/12.3.1/../../../../arm-none-eabi/lib/thumb/v7e-m+fp/hard\libc_nano.a(libc_a-exit.o) (__stdio_exit_handler)
C:/ST/STM32CubeIDE_1.16.0/STM32CubeIDE/plugins/com.st.stm32cube.ide.mcu.externaltools.gnu-tools-for-stm32.12.3.rel1.win32_1.0.200.202406191623/tools/bin/../lib/gcc/arm-none-eabi/12.3.1/../../../../arm-none-eabi/lib/thumb/v7e-m+fp/hard\libc_nano.a(libc_a-fwalk.o)
                              C:/ST/STM32CubeIDE_1.16.0/STM32CubeIDE/plugins/com.st.stm32cube.ide.mcu.externaltools.gnu-tools-for-stm32.12.3.rel1.win32_1.0.200.202406191623/tools/bin/../lib/gcc/arm-none-eabi/12.3.1/../../../../arm-none-eabi/lib/thumb/v7e-m+fp/hard\libc_nano.a(libc_a-findfp.o) (_fwalk_sglue)
C:/ST/STM32CubeIDE_1.16.0/STM32CubeIDE/plugins/com.st.stm32cube.ide.mcu.externaltools.gnu-tools-for-stm32.12.3.rel1.win32_1.0.200.202406191623/tools/bin/../lib/gcc/arm-none-eabi/12.3.1/../../../../arm-none-eabi/lib/thumb/v7e-m+fp/hard\libc_nano.a(libc_a-stdio.o)
                              C:/ST/STM32CubeIDE_1.16.0/STM32CubeIDE/plugins/com.st.stm32cube.ide.mcu.externaltools.gnu-tools-for-stm32.12.3.rel1.win32_1.0.200.202406191623/tools/bin/../lib/gcc/arm-none-eabi/12.3.1/../../../../arm-none-eabi/lib/thumb/v7e-m+fp/hard\libc_nano.a(libc_a-findfp.o) (__sread)
C:/ST/STM32CubeIDE_1.16.0/STM32CubeIDE/plugins/com.st.stm32cube.ide.mcu.externaltools.gnu-tools-for-stm32.12.3.rel1.win32_1.0.200.202406191623/tools/bin/../lib/gcc/arm-none-eabi/12.3.1/../../../../arm-none-eabi/lib/thumb/v7e-m+fp/hard\libc_nano.a(libc_a-memset.o)
                              C:/ST/STM32CubeIDE_1.16.0/STM32CubeIDE/plugins/com.st.stm32cube.ide.mcu.externaltools.gnu-tools-for-stm32.12.3.rel1.win32_1.0.200.202406191623/tools/bin/../lib/gcc/arm-none-eabi/12.3.1/../../../../arm-none-eabi/lib/thumb/v7e-m+fp/hard/crt0.o (memset)
C:/ST/STM32CubeIDE_1.16.0/STM32CubeIDE/plugins/com.st.stm32cube.ide.mcu.externaltools.gnu-tools-for-stm32.12.3.rel1.win32_1.0.200.202406191623/tools/bin/../lib/gcc/arm-none-eabi/12.3.1/../../../../arm-none-eabi/lib/thumb/v7e-m+fp/hard\libc_nano.a(libc_a-closer.o)
                              C:/ST/STM32CubeIDE_1.16.0/STM32CubeIDE/plugins/com.st.stm32cube.ide.mcu.externaltools.gnu-tools-for-stm32.12.3.rel1.win32_1.0.200.202406191623/tools/bin/../lib/gcc/arm-none-eabi/12.3.1/../../../../arm-none-eabi/lib/thumb/v7e-m+fp/hard\libc_nano.a(libc_a-stdio.o) (_close_r)
C:/ST/STM32CubeIDE_1.16.0/STM32CubeIDE/plugins/com.st.stm32cube.ide.mcu.externaltools.gnu-tools-for-stm32.12.3.rel1.win32_1.0.200.202406191623/tools/bin/../lib/gcc/arm-none-eabi/12.3.1/../../../../arm-none-eabi/lib/thumb/v7e-m+fp/hard\libc_nano.a(libc_a-reent.o)
                              C:/ST/STM32CubeIDE_1.16.0/STM32CubeIDE/plugins/com.st.stm32cube.ide.mcu.externaltools.gnu-tools-for-stm32.12.3.rel1.win32_1.0.200.202406191623/tools/bin/../lib/gcc/arm-none-eabi/12.3.1/../../../../arm-none-eabi/lib/thumb/v7e-m+fp/hard\libc_nano.a(libc_a-closer.o) (errno)
C:/ST/STM32CubeIDE_1.16.0/STM32CubeIDE/plugins/com.st.stm32cube.ide.mcu.externaltools.gnu-tools-for-stm32.12.3.rel1.win32_1.0.200.202406191623/tools/bin/../lib/gcc/arm-none-eabi/12.3.1/../../../../arm-none-eabi/lib/thumb/v7e-m+fp/hard\libc_nano.a(libc_a-impure.o)
                              C:/ST/STM32CubeIDE_1.16.0/STM32CubeIDE/plugins/com.st.stm32cube.ide.mcu.externaltools.gnu-tools-for-stm32.12.3.rel1.win32_1.0.200.202406191623/tools/bin/../lib/gcc/arm-none-eabi/12.3.1/../../../../arm-none-eabi/lib/thumb/v7e-m+fp/hard\libc_nano.a(libc_a-reent.o) (_impure_ptr)
[...]
Memory Configuration

Name             Origin             Length             Attributes
RAM              0x20000000         0x000a0000         xrw
RAM2             0x10000000         0x00010000         xrw
RAM3             0x20040000         0x00060000         xrw
FLASH            0x08000000         0x00200000         xr
*default*        0x00000000         0xffffffff

Linker script and memory map

LOAD C:/ST/STM32CubeIDE_1.16.0/STM32CubeIDE/plugins/com.st.stm32cube.ide.mcu.externaltools.gnu-tools-for-stm32.12.3.rel1.win32_1.0.200.202406191623/tools/bin/../lib/gcc/arm-none-eabi/12.3.1/thumb/v7e-m+fp/hard/crti.o
LOAD C:/ST/STM32CubeIDE_1.16.0/STM32CubeIDE/plugins/com.st.stm32cube.ide.mcu.externaltools.gnu-tools-for-stm32.12.3.rel1.win32_1.0.200.202406191623/tools/bin/../lib/gcc/arm-none-eabi/12.3.1/thumb/v7e-m+fp/hard/crtbegin.o
LOAD C:/ST/STM32CubeIDE_1.16.0/STM32CubeIDE/plugins/com.st.stm32cube.ide.mcu.externaltools.gnu-tools-for-stm32.12.3.rel1.win32_1.0.200.202406191623/tools/bin/../lib/gcc/arm-none-eabi/12.3.1/../../../../arm-none-eabi/lib/thumb/v7e-m+fp/hard/crt0.o
LOAD ./Core/Src/main.o
LOAD ./Core/Src/stm32l4xx_hal_msp.o
LOAD ./Core/Src/stm32l4xx_it.o
LOAD ./Core/Src/syscalls.o
LOAD ./Core/Src/sysmem.o
LOAD ./Core/Src/system_stm32l4xx.o
LOAD ./Core/Startup/startup_stm32l4s5vitx.o
LOAD ./Drivers/STM32L4xx_HAL_Driver/Src/stm32l4xx_hal.o
LOAD ./Drivers/STM32L4xx_HAL_Driver/Src/stm32l4xx_hal_cortex.o
LOAD ./Drivers/STM32L4xx_HAL_Driver/Src/stm32l4xx_hal_dac.o
LOAD ./Drivers/STM32L4xx_HAL_Driver/Src/stm32l4xx_hal_dac_ex.o
LOAD ./Drivers/STM32L4xx_HAL_Driver/Src/stm32l4xx_hal_dma.o
LOAD ./Drivers/STM32L4xx_HAL_Driver/Src/stm32l4xx_hal_dma_ex.o
LOAD ./Drivers/STM32L4xx_HAL_Driver/Src/stm32l4xx_hal_exti.o
LOAD ./Drivers/STM32L4xx_HAL_Driver/Src/stm32l4xx_hal_flash.o
LOAD ./Drivers/STM32L4xx_HAL_Driver/Src/stm32l4xx_hal_flash_ex.o
LOAD ./Drivers/STM32L4xx_HAL_Driver/Src/stm32l4xx_hal_flash_ramfunc.o
LOAD ./Drivers/STM32L4xx_HAL_Driver/Src/stm32l4xx_hal_gpio.o
LOAD ./Drivers/STM32L4xx_HAL_Driver/Src/stm32l4xx_hal_i2c.o
LOAD ./Drivers/STM32L4xx_HAL_Driver/Src/stm32l4xx_hal_i2c_ex.o
LOAD ./Drivers/STM32L4xx_HAL_Driver/Src/stm32l4xx_hal_pwr.o
LOAD ./Drivers/STM32L4xx_HAL_Driver/Src/stm32l4xx_hal_pwr_ex.o
LOAD ./Drivers/STM32L4xx_HAL_Driver/Src/stm32l4xx_hal_rcc.o
LOAD ./Drivers/STM32L4xx_HAL_Driver/Src/stm32l4xx_hal_rcc_ex.o
LOAD ./Drivers/STM32L4xx_HAL_Driver/Src/stm32l4xx_hal_tim.o
LOAD ./Drivers/STM32L4xx_HAL_Driver/Src/stm32l4xx_hal_tim_ex.o
LOAD C:\Users\Ali\STM32CubeIDE\workspace_1.16.0\lab3\Core\Lib\libarm_cortexM4lf_math.a
START GROUP
LOAD C:/ST/STM32CubeIDE_1.16.0/STM32CubeIDE/plugins/com.st.stm32cube.ide.mcu.externaltools.gnu-tools-for-stm32.12.3.rel1.win32_1.0.200.202406191623/tools/bin/../lib/gcc/arm-none-eabi/12.3.1/../../../../arm-none-eabi/lib/thumb/v7e-m+fp/hard\libc_nano.a
LOAD C:/ST/STM32CubeIDE_1.16.0/STM32CubeIDE/plugins/com.st.stm32cube.ide.mcu.externaltools.gnu-tools-for-stm32.12.3.rel1.win32_1.0.200.202406191623/tools/bin/../lib/gcc/arm-none-eabi/12.3.1/../../../../arm-none-eabi/lib/thumb/v7e-m+fp/hard\libm.a
END GROUP
START GROUP
LOAD C:/ST/STM32CubeIDE_1.16.0/STM32CubeIDE/plugins/com.st.stm32cube.ide.mcu.externaltools.gnu-tools-for-stm32.12.3.rel1.win32_1.0.200.202406191623/tools/bin/../lib/gcc/arm-none-eabi/12.3.1/thumb/v7e-m+fp/hard\libgcc.a
LOAD C:/ST/STM32CubeIDE_1.16.0/STM32CubeIDE/plugins/com.st.stm32cube.ide.mcu.externaltools.gnu-tools-for-stm32.12.3.rel1.win32_1.0.200.202406191623/tools/bin/../lib/gcc/arm-none-eabi/12.3.1/../../../../arm-none-eabi/lib/thumb/v7e-m+fp/hard\libc_nano.a
END GROUP
START GROUP
LOAD C:/ST/STM32CubeIDE_1.16.0/STM32CubeIDE/plugins/com.st.stm32cube.ide.mcu.externaltools.gnu-tools-for-stm32.12.3.rel1.win32_1.0.200.202406191623/tools/bin/../lib/gcc/arm-none-eabi/12.3.1/thumb/v7e-m+fp/hard\libgcc.a
LOAD C:/ST/STM32CubeIDE_1.16.0/STM32CubeIDE/plugins/com.st.stm32cube.ide.mcu.externaltools.gnu-tools-for-stm32.12.3.rel1.win32_1.0.200.202406191623/tools/bin/../lib/gcc/arm-none-eabi/12.3.1/../../../../arm-none-eabi/lib/thumb/v7e-m+fp/hard\libc_nano.a
LOAD C:/ST/STM32CubeIDE_1.16.0/STM32CubeIDE/plugins/com.st.stm32cube.ide.mcu.externaltools.gnu-tools-for-stm32.12.3.rel1.win32_1.0.200.202406191623/tools/bin/../lib/gcc/arm-none-eabi/12.3.1/../../../../arm-none-eabi/lib/thumb/v7e-m+fp/hard\libnosys.a
END GROUP
START GROUP
LOAD C:/ST/STM32CubeIDE_1.16.0/STM32CubeIDE/plugins/com.st.stm32cube.ide.mcu.externaltools.gnu-tools-for-stm32.12.3.rel1.win32_1.0.200.202406191623/tools/bin/../lib/gcc/arm-none-eabi/12.3.1/thumb/v7e-m+fp/hard\libgcc.a
LOAD C:/ST/STM32CubeIDE_1.16.0/STM32CubeIDE/plugins/com.st.stm32cube.ide.mcu.externaltools.gnu-tools-for-stm32.12.3.rel1.win32_1.0.200.202406191623/tools/bin/../lib/gcc/arm-none-eabi/12.3.1/../../../../arm-none-eabi/lib/thumb/v7e-m+fp/hard\libc_nano.a
LOAD C:/ST/STM32CubeIDE_1.16.0/STM32CubeIDE/plugins/com.st.stm32cube.ide.mcu.externaltools.gnu-tools-for-stm32.12.3.rel1.win32_1.0.200.202406191623/tools/bin/../lib/gcc/arm-none-eabi/12.3.1/../../../../arm-none-eabi/lib/thumb/v7e-m+fp/hard\libnosys.a
END GROUP
LOAD C:/ST/STM32CubeIDE_1.16.0/STM32CubeIDE/plugins/com.st.stm32cube.ide.mcu.externaltools.gnu-tools-for-stm32.12.3.rel1.win32_1.0.200.202406191623/tools/bin/../lib/gcc/arm-none-eabi/12.3.1/thumb/v7e-m+fp/hard/crtend.o
LOAD C:/ST/STM32CubeIDE_1.16.0/STM32CubeIDE/plugins/com.st.stm32cube.ide.mcu.externaltools.gnu-tools-for-stm32.12.3.rel1.win32_1.0.200.202406191623/tools/bin/../lib/gcc/arm-none-eabi/12.3.1/thumb/v7e-m+fp/hard/crtn.o
                0x200a0000                        _estack = (ORIGIN (RAM) + LENGTH (RAM))
                0x00000200                        _Min_Heap_Size = 0x200
                0x00000400                        _Min_Stack_Size = 0x400

.isr_vector     0x08000000      0x1bc
                0x08000000                        . = ALIGN (0x4)
 *(.isr_vector)
 .isr_vector    0x08000000      0x1bc ./Core/Startup/startup_stm32l4s5vitx.o
                0x08000000                g_pfnVectors
                0x080001bc                        . = ALIGN (0x4)

.text           0x080001c0     0x2338
                0x080001c0                        . = ALIGN (0x4)
 *(.text)
 .text          0x080001c0       0x40 C:/ST/STM32CubeIDE_1.16.0/STM32CubeIDE/plugins/com.st.stm32cube.ide.mcu.externaltools.gnu-tools-for-stm32.12.3.rel1.win32_1.0.200.202406191623/tools/bin/../lib/gcc/arm-none-eabi/12.3.1/thumb/v7e-m+fp/hard/crtbegin.o
 .text          0x08000200      0x378 C:/ST/STM32CubeIDE_1.16.0/STM32CubeIDE/plugins/com.st.stm32cube.ide.mcu.externaltools.gnu-tools-for-stm32.12.3.rel1.win32_1.0.200.202406191623/tools/bin/../lib/gcc/arm-none-eabi/12.3.1/thumb/v7e-m+fp/hard\libgcc.a(_arm_addsubdf3.o)
                0x08000200                __aeabi_drsub
                0x08000208                __aeabi_dsub
                0x08000208                __subdf3
                0x0800020c                __aeabi_dadd
                0x0800020c                __adddf3
                0x08000484                __floatunsidf
                0x08000484                __aeabi_ui2d
                0x080004a4                __floatsidf
                0x080004a4                __aeabi_i2d
                0x080004c8                __aeabi_f2d
                0x080004c8                __extendsfdf2
                0x0800050c                __floatundidf
                0x0800050c                __aeabi_ul2d
                0x0800051c                __floatdidf
                0x0800051c                __aeabi_l2d
 .text          0x08000578       0xa0 C:/ST/STM32CubeIDE_1.16.0/STM32CubeIDE/plugins/com.st.stm32cube.ide.mcu.externaltools.gnu-tools-for-stm32.12.3.rel1.win32_1.0.200.202406191623/tools/bin/../lib/gcc/arm-none-eabi/12.3.1/thumb/v7e-m+fp/hard\libgcc.a(_arm_truncdfsf2.o)
                0x08000578                __truncdfsf2
                0x08000578                __aeabi_d2f
 *(.text*)
 .text.main     0x08000618      0x11c ./Core/Src/main.o
                0x08000618                main
 .text.SystemClock_Config
                0x08000734       0xa2 ./Core/Src/main.o
                0x08000734                SystemClock_Config
 *fill*         0x080007d6        0x2 
 .text.MX_DAC1_Init
                0x080007d8       0x80 ./Core/Src/main.o
 .text.MX_GPIO_Init
                0x08000858       0x84 ./Core/Src/main.o
 .text.Error_Handler
                0x080008dc        0xc ./Core/Src/main.o
                0x080008dc                Error_Handler
 .text.HAL_MspInit
                0x080008e8       0x48 ./Core/Src/stm32l4xx_hal_msp.o
                0x080008e8                HAL_MspInit
 .text.HAL_DAC_MspInit
                0x08000930       0x7c ./Core/Src/stm32l4xx_hal_msp.o
                0x08000930                HAL_DAC_MspInit
 .text.NMI_Handler
                0x080009ac        0x8 ./Core/Src/stm32l4xx_it.o
                0x080009ac                NMI_Handler
 .text.HardFault_Handler
                0x080009b4        0x8 ./Core/Src/stm32l4xx_it.o
                0x080009b4                HardFault_Handler
 .text.MemManage_Handler
                0x080009bc        0x8 ./Core/Src/stm32l4xx_it.o
                0x080009bc                MemManage_Handler
 .text.BusFault_Handler
                0x080009c4        0x8 ./Core/Src/stm32l4xx_it.o
                0x080009c4                BusFault_Handler
 .text.UsageFault_Handler
                0x080009cc        0x8 ./Core/Src/stm32l4xx_it.o
                0x080009cc                UsageFault_Handler
 .text.SVC_Handler
                0x080009d4        0xe ./Core/Src/stm32l4xx_it.o
                0x080009d4                SVC_Handler
 .text.DebugMon_Handler
                0x080009e2        0xe ./Core/Src/stm32l4xx_it.o
                0x080009e2                DebugMon_Handler
 .text.PendSV_Handler
                0x080009f0        0xe ./Core/Src/stm32l4xx_it.o
                0x080009f0                PendSV_Handler
 .text.SysTick_Handler
                0x080009fe        0xc ./Core/Src/stm32l4xx_it.o
                0x080009fe                SysTick_Handler
 .text.EXTI15_10_IRQHandler
                0x08000a0a       0x10 ./Core/Src/stm32l4xx_it.o
                0x08000a0a                EXTI15_10_IRQHandler
 *fill*         0x08000a1a        0x2 
 .text.SystemInit
                0x08000a1c       0x24 ./Core/Src/system_stm32l4xx.o
                0x08000a1c                SystemInit
 .text.Reset_Handler
                0x08000a40       0x50 ./Core/Startup/startup_stm32l4s5vitx.o
                0x08000a40                Reset_Handler
 .text.Default_Handler
                0x08000a90        0x2 ./Core/Startup/startup_stm32l4s5vitx.o
                0x08000a90                RTC_Alarm_IRQHandler
                0x08000a90                EXTI2_IRQHandler
                0x08000a90                TIM8_TRG_COM_IRQHandler
                0x08000a90                TIM8_CC_IRQHandler
                0x08000a90                TIM1_CC_IRQHandler
                0x08000a90                TSC_IRQHandler
                0x08000a90                TAMP_STAMP_IRQHandler
                0x08000a90                EXTI3_IRQHandler
                0x08000a90                LPTIM2_IRQHandler
                0x08000a90                DFSDM1_FLT1_IRQHandler
                0x08000a90                GFXMMU_IRQHandler
                0x08000a90                I2C3_ER_IRQHandler
                0x08000a90                DFSDM1_FLT2_IRQHandler
                0x08000a90                EXTI0_IRQHandler
                0x08000a90                I2C2_EV_IRQHandler
                0x08000a90                CAN1_RX0_IRQHandler
                0x08000a90                FPU_IRQHandler
                0x08000a90                TIM1_UP_TIM16_IRQHandler
                0x08000a90                LTDC_ER_IRQHandler
                0x08000a90                SPI1_IRQHandler
                0x08000a90                OCTOSPI1_IRQHandler
                0x08000a90                TIM6_DAC_IRQHandler
                0x08000a90                DCMI_IRQHandler
                0x08000a90                TIM8_UP_IRQHandler
                0x08000a90                OCTOSPI2_IRQHandler
                0x08000a90                DMA2_Channel2_IRQHandler
                0x08000a90                DMA1_Channel4_IRQHandler
                0x08000a90                SAI2_IRQHandler
                0x08000a90                ADC1_IRQHandler
                0x08000a90                DFSDM1_FLT3_IRQHandler
                0x08000a90                USART3_IRQHandler
                0x08000a90                DMA1_Channel7_IRQHandler
                0x08000a90                CAN1_RX1_IRQHandler
                0x08000a90                UART5_IRQHandler
                0x08000a90                TIM4_IRQHandler
                0x08000a90                DMA2_Channel1_IRQHandler
                0x08000a90                I2C1_EV_IRQHandler
                0x08000a90                DMAMUX1_OVR_IRQHandler
                0x08000a90                DMA1_Channel6_IRQHandler
                0x08000a90                UART4_IRQHandler
                0x08000a90                DMA2_Channel4_IRQHandler
                0x08000a90                TIM3_IRQHandler
                0x08000a90                RCC_IRQHandler
                0x08000a90                DMA1_Channel1_IRQHandler
                0x08000a90                Default_Handler
                0x08000a90                DMA2_Channel7_IRQHandler
                0x08000a90                TIM7_IRQHandler
                0x08000a90                SDMMC1_IRQHandler
                0x08000a90                TIM5_IRQHandler
                0x08000a90                I2C3_EV_IRQHandler
                0x08000a90                EXTI9_5_IRQHandler
                0x08000a90                RTC_WKUP_IRQHandler
                0x08000a90                LTDC_IRQHandler
                0x08000a90                PVD_PVM_IRQHandler
                0x08000a90                SPI2_IRQHandler
                0x08000a90                CAN1_TX_IRQHandler
                0x08000a90                DMA2_Channel5_IRQHandler
                0x08000a90                DMA1_Channel5_IRQHandler
                0x08000a90                EXTI4_IRQHandler
                0x08000a90                RNG_IRQHandler
                0x08000a90                TIM1_TRG_COM_TIM17_IRQHandler
                0x08000a90                DMA1_Channel3_IRQHandler
                0x08000a90                COMP_IRQHandler
                0x08000a90                HASH_CRS_IRQHandler
                0x08000a90                WWDG_IRQHandler
                0x08000a90                I2C4_EV_IRQHandler
                0x08000a90                LPUART1_IRQHandler
                0x08000a90                DMA2_Channel6_IRQHandler
                0x08000a90                TIM2_IRQHandler
                0x08000a90                DMA2D_IRQHandler
                0x08000a90                EXTI1_IRQHandler
                0x08000a90                AES_IRQHandler
                0x08000a90                USART2_IRQHandler
                0x08000a90                DFSDM1_FLT0_IRQHandler
                0x08000a90                I2C2_ER_IRQHandler
                0x08000a90                DMA1_Channel2_IRQHandler
                0x08000a90                TIM8_BRK_IRQHandler
                0x08000a90                CAN1_SCE_IRQHandler
                0x08000a90                FLASH_IRQHandler
                0x08000a90                USART1_IRQHandler
                0x08000a90                OTG_FS_IRQHandler
                0x08000a90                SPI3_IRQHandler
                0x08000a90                I2C1_ER_IRQHandler
                0x08000a90                FMC_IRQHandler
                0x08000a90                LPTIM1_IRQHandler
                0x08000a90                I2C4_ER_IRQHandler
                0x08000a90                SAI1_IRQHandler
                0x08000a90                DMA2_Channel3_IRQHandler
                0x08000a90                TIM1_BRK_TIM15_IRQHandler
 .text.HAL_Init
                0x08000a92       0x30 ./Drivers/STM32L4xx_HAL_Driver/Src/stm32l4xx_hal.o
                0x08000a92                HAL_Init
 *fill*         0x08000ac2        0x2 
 .text.HAL_InitTick
                0x08000ac4       0x78 ./Drivers/STM32L4xx_HAL_Driver/Src/stm32l4xx_hal.o
                0x08000ac4                HAL_InitTick
 .text.HAL_IncTick
                0x08000b3c       0x28 ./Drivers/STM32L4xx_HAL_Driver/Src/stm32l4xx_hal.o
                0x08000b3c                HAL_IncTick
 .text.HAL_GetTick
                0x08000b64       0x18 ./Drivers/STM32L4xx_HAL_Driver/Src/stm32l4xx_hal.o
                0x08000b64                HAL_GetTick
 .text.HAL_Delay
                0x08000b7c       0x48 ./Drivers/STM32L4xx_HAL_Driver/Src/stm32l4xx_hal.o
                0x08000b7c                HAL_Delay
 .text.__NVIC_SetPriorityGrouping
                0x08000bc4       0x48 ./Drivers/STM32L4xx_HAL_Driver/Src/stm32l4xx_hal_cortex.o
 .text.__NVIC_GetPriorityGrouping
                0x08000c0c       0x1c ./Drivers/STM32L4xx_HAL_Driver/Src/stm32l4xx_hal_cortex.o
 .text.__NVIC_EnableIRQ
                0x08000c28       0x3c ./Drivers/STM32L4xx_HAL_Driver/Src/stm32l4xx_hal_cortex.o
 .text.__NVIC_SetPriority
                0x08000c64       0x54 ./Drivers/STM32L4xx_HAL_Driver/Src/stm32l4xx_hal_cortex.o
 .text.NVIC_EncodePriority
                0x08000cb8       0x66 ./Drivers/STM32L4xx_HAL_Driver/Src/stm32l4xx_hal_cortex.o
 *fill*         0x08000d1e        0x2 
 .text.SysTick_Config
                0x08000d20       0x44 ./Drivers/STM32L4xx_HAL_Driver/Src/stm32l4xx_hal_cortex.o
 .text.HAL_NVIC_SetPriorityGrouping
                0x08000d64       0x16 ./Drivers/STM32L4xx_HAL_Driver/Src/stm32l4xx_hal_cortex.o
                0x08000d64                HAL_NVIC_SetPriorityGrouping
 .text.HAL_NVIC_SetPriority
                0x08000d7a       0x38 ./Drivers/STM32L4xx_HAL_Driver/Src/stm32l4xx_hal_cortex.o
                0x08000d7a                HAL_NVIC_SetPriority
 .text.HAL_NVIC_EnableIRQ
                0x08000db2       0x1c ./Drivers/STM32L4xx_HAL_Driver/Src/stm32l4xx_hal_cortex.o
                0x08000db2                HAL_NVIC_EnableIRQ
 .text.HAL_SYSTICK_Config
                0x08000dce       0x18 ./Drivers/STM32L4xx_HAL_Driver/Src/stm32l4xx_hal_cortex.o
                0x08000dce                HAL_SYSTICK_Config
 .text.HAL_DAC_Init
                0x08000de6       0x44 ./Drivers/STM32L4xx_HAL_Driver/Src/stm32l4xx_hal_dac.o
                0x08000de6                HAL_DAC_Init
 .text.HAL_DAC_Start
                0x08000e2a       0xa4 ./Drivers/STM32L4xx_HAL_Driver/Src/stm32l4xx_hal_dac.o
                0x08000e2a                HAL_DAC_Start
 .text.HAL_DAC_SetValue
                0x08000ece       0x4a ./Drivers/STM32L4xx_HAL_Driver/Src/stm32l4xx_hal_dac.o
                0x08000ece                HAL_DAC_SetValue
 .text.HAL_DAC_ConfigChannel
                0x08000f18      0x298 ./Drivers/STM32L4xx_HAL_Driver/Src/stm32l4xx_hal_dac.o
                0x08000f18                HAL_DAC_ConfigChannel
 .text.HAL_GPIO_Init
                0x080011b0      0x324 ./Drivers/STM32L4xx_HAL_Driver/Src/stm32l4xx_hal_gpio.o
                0x080011b0                HAL_GPIO_Init
 .text.HAL_GPIO_EXTI_IRQHandler
                0x080014d4       0x30 ./Drivers/STM32L4xx_HAL_Driver/Src/stm32l4xx_hal_gpio.o
                0x080014d4                HAL_GPIO_EXTI_IRQHandler
 .text.HAL_GPIO_EXTI_Callback
                0x08001504       0x16 ./Drivers/STM32L4xx_HAL_Driver/Src/stm32l4xx_hal_gpio.o
                0x08001504                HAL_GPIO_EXTI_Callback
 *fill*         0x0800151a        0x2 
 .text.HAL_PWREx_GetVoltageRange
                0x0800151c       0x40 ./Drivers/STM32L4xx_HAL_Driver/Src/stm32l4xx_hal_pwr_ex.o
                0x0800151c                HAL_PWREx_GetVoltageRange
 .text.HAL_PWREx_ControlVoltageScaling
                0x0800155c      0x148 ./Drivers/STM32L4xx_HAL_Driver/Src/stm32l4xx_hal_pwr_ex.o
                0x0800155c                HAL_PWREx_ControlVoltageScaling
 .text.HAL_RCC_OscConfig
                0x080016a4      0x834 ./Drivers/STM32L4xx_HAL_Driver/Src/stm32l4xx_hal_rcc.o
                0x080016a4                HAL_RCC_OscConfig
 .text.HAL_RCC_ClockConfig
                0x08001ed8      0x274 ./Drivers/STM32L4xx_HAL_Driver/Src/stm32l4xx_hal_rcc.o
                0x08001ed8                HAL_RCC_ClockConfig
 .text.HAL_RCC_GetSysClockFreq
                0x0800214c      0x118 ./Drivers/STM32L4xx_HAL_Driver/Src/stm32l4xx_hal_rcc.o
                0x0800214c                HAL_RCC_GetSysClockFreq
 .text.HAL_RCC_GetHCLKFreq
                0x08002264       0x18 ./Drivers/STM32L4xx_HAL_Driver/Src/stm32l4xx_hal_rcc.o
                0x08002264                HAL_RCC_GetHCLKFreq
 .text.RCC_SetFlashLatencyFromMSIRange
                0x0800227c       0xb4 ./Drivers/STM32L4xx_HAL_Driver/Src/stm32l4xx_hal_rcc.o
 .text.RCC_GetSysClockFreqFromPLLSource
                0x08002330       0xcc ./Drivers/STM32L4xx_HAL_Driver/Src/stm32l4xx_hal_rcc.o
 .text.arm_sin_f32
                0x080023fc       0x8c C:\Users\Ali\STM32CubeIDE\workspace_1.16.0\lab3\Core\Lib\libarm_cortexM4lf_math.a(arm_sin_f32.o)
                0x080023fc                arm_sin_f32
 .text.memset   0x08002488       0x10 C:/ST/STM32CubeIDE_1.16.0/STM32CubeIDE/plugins/com.st.stm32cube.ide.mcu.externaltools.gnu-tools-for-stm32.12.3.rel1.win32_1.0.200.202406191623/tools/bin/../lib/gcc/arm-none-eabi/12.3.1/../../../../arm-none-eabi/lib/thumb/v7e-m+fp/hard\libc_nano.a(libc_a-memset.o)
                0x08002488                memset
 .text.__libc_init_array
                0x08002498       0x48 C:/ST/STM32CubeIDE_1.16.0/STM32CubeIDE/plugins/com.st.stm32cube.ide.mcu.externaltools.gnu-tools-for-stm32.12.3.rel1.win32_1.0.200.202406191623/tools/bin/../lib/gcc/arm-none-eabi/12.3.1/../../../../arm-none-eabi/lib/thumb/v7e-m+fp/hard\libc_nano.a(libc_a-init.o)
                0x08002498                __libc_init_array
 *(.glue_7)
 .glue_7        0x080024e0        0x0 linker stubs
 *(.glue_7t)
 .glue_7t       0x080024e0        0x0 linker stubs
 *(.eh_frame)
 .eh_frame      0x080024e0        0x0 C:/ST/STM32CubeIDE_1.16.0/STM32CubeIDE/plugins/com.st.stm32cube.ide.mcu.externaltools.gnu-tools-for-stm32.12.3.rel1.win32_1.0.200.202406191623/tools/bin/../lib/gcc/arm-none-eabi/12.3.1/thumb/v7e-m+fp/hard/crtbegin.o
 *(.init)
 .init          0x080024e0        0x4 C:/ST/STM32CubeIDE_1.16.0/STM32CubeIDE/plugins/com.st.stm32cube.ide.mcu.externaltools.gnu-tools-for-stm32.12.3.rel1.win32_1.0.200.202406191623/tools/bin/../lib/gcc/arm-none-eabi/12.3.1/thumb/v7e-m+fp/hard/crti.o
                0x080024e0                _init
 .init          0x080024e4        0x8 C:/ST/STM32CubeIDE_1.16.0/STM32CubeIDE/plugins/com.st.stm32cube.ide.mcu.externaltools.gnu-tools-for-stm32.12.3.rel1.win32_1.0.200.202406191623/tools/bin/../lib/gcc/arm-none-eabi/12.3.1/thumb/v7e-m+fp/hard/crtn.o
 *(.fini)
 .fini          0x080024ec        0x4 C:/ST/STM32CubeIDE_1.16.0/STM32CubeIDE/plugins/com.st.stm32cube.ide.mcu.externaltools.gnu-tools-for-stm32.12.3.rel1.win32_1.0.200.202406191623/tools/bin/../lib/gcc/arm-none-eabi/12.3.1/thumb/v7e-m+fp/hard/crti.o
                0x080024ec                _fini
 .fini          0x080024f0        0x8 C:/ST/STM32CubeIDE_1.16.0/STM32CubeIDE/plugins/com.st.stm32cube.ide.mcu.externaltools.gnu-tools-for-stm32.12.3.rel1.win32_1.0.200.202406191623/tools/bin/../lib/gcc/arm-none-eabi/12.3.1/thumb/v7e-m+fp/hard/crtn.o
                0x080024f8                        . = ALIGN (0x4)
                0x080024f8                        _etext = .

.vfp11_veneer   0x080024f8        0x0
 .vfp11_veneer  0x080024f8        0x0 linker stubs

.v4_bx          0x080024f8        0x0
 .v4_bx         0x080024f8        0x0 linker stubs

.iplt           0x080024f8        0x0
 .iplt          0x080024f8        0x0 C:/ST/STM32CubeIDE_1.16.0/STM32CubeIDE/plugins/com.st.stm32cube.ide.mcu.externaltools.gnu-tools-for-stm32.12.3.rel1.win32_1.0.200.202406191623/tools/bin/../lib/gcc/arm-none-eabi/12.3.1/thumb/v7e-m+fp/hard/crtbegin.o

.rodata         0x080024f8      0x844
                0x080024f8                        . = ALIGN (0x4)
 *(.rodata)
 *(.rodata*)
 .rodata.AHBPrescTable
                0x080024f8       0x10 ./Core/Src/system_stm32l4xx.o
                0x080024f8                AHBPrescTable
 .rodata.MSIRangeTable
                0x08002508       0x30 ./Core/Src/system_stm32l4xx.o
                0x08002508                MSIRangeTable
 .rodata.sinTable_f32
                0x08002538      0x804 C:\Users\Ali\STM32CubeIDE\workspace_1.16.0\lab3\Core\Lib\libarm_cortexM4lf_math.a(arm_common_tables.o)
                0x08002538                sinTable_f32
                0x08002d3c                        . = ALIGN (0x4)

.ARM.extab      0x08002d3c        0x0
                0x08002d3c                        . = ALIGN (0x4)
 *(.ARM.extab* .gnu.linkonce.armextab.*)
                0x08002d3c                        . = ALIGN (0x4)

.ARM            0x08002d3c        0x0
                0x08002d3c                        . = ALIGN (0x4)
                0x08002d3c                        __exidx_start = .
 *(.ARM.exidx*)
                0x08002d3c                        __exidx_end = .
                0x08002d3c                        . = ALIGN (0x4)

.preinit_array  0x08002d3c        0x0
                0x08002d3c                        . = ALIGN (0x4)
                0x08002d3c                        PROVIDE (__preinit_array_start = .)
 *(.preinit_array*)
                0x08002d3c                        PROVIDE (__preinit_array_end = .)
                0x08002d3c                        . = ALIGN (0x4)

.init_array     0x08002d3c        0x4
                0x08002d3c                        . = ALIGN (0x4)
                0x08002d3c                        PROVIDE (__init_array_start = .)
 *(SORT_BY_NAME(.init_array.*))
 *(.init_array*)
 .init_array    0x08002d3c        0x4 C:/ST/STM32CubeIDE_1.16.0/STM32CubeIDE/plugins/com.st.stm32cube.ide.mcu.externaltools.gnu-tools-for-stm32.12.3.rel1.win32_1.0.200.202406191623/tools/bin/../lib/gcc/arm-none-eabi/12.3.1/thumb/v7e-m+fp/hard/crtbegin.o
                0x08002d40                        PROVIDE (__init_array_end = .)
                0x08002d40                        . = ALIGN (0x4)

.fini_array     0x08002d40        0x4
                0x08002d40                        . = ALIGN (0x4)
                [!provide]                        PROVIDE (__fini_array_start = .)
 *(SORT_BY_NAME(.fini_array.*))
 *(.fini_array*)
 .fini_array    0x08002d40        0x4 C:/ST/STM32CubeIDE_1.16.0/STM32CubeIDE/plugins/com.st.stm32cube.ide.mcu.externaltools.gnu-tools-for-stm32.12.3.rel1.win32_1.0.200.202406191623/tools/bin/../lib/gcc/arm-none-eabi/12.3.1/thumb/v7e-m+fp/hard/crtbegin.o
                [!provide]                        PROVIDE (__fini_array_end = .)
                0x08002d44                        . = ALIGN (0x4)
                0x08002d44                        _sidata = LOADADDR (.data)

.rel.dyn        0x08002d44        0x0
 .rel.iplt      0x08002d44        0x0 C:/ST/STM32CubeIDE_1.16.0/STM32CubeIDE/plugins/com.st.stm32cube.ide.mcu.externaltools.gnu-tools-for-stm32.12.3.rel1.win32_1.0.200.202406191623/tools/bin/../lib/gcc/arm-none-eabi/12.3.1/thumb/v7e-m+fp/hard/crtbegin.o

.data           0x20000000        0xc load address 0x08002d44
                0x20000000                        . = ALIGN (0x4)
                0x20000000                        _sdata = .
 *(.data)
 *(.data*)
 .data.SystemCoreClock
                0x20000000        0x4 ./Core/Src/system_stm32l4xx.o
                0x20000000                SystemCoreClock
 .data.uwTickPrio
                0x20000004        0x4 ./Drivers/STM32L4xx_HAL_Driver/Src/stm32l4xx_hal.o
                0x20000004                uwTickPrio
 .data.uwTickFreq
                0x20000008        0x1 ./Drivers/STM32L4xx_HAL_Driver/Src/stm32l4xx_hal.o
                0x20000008                uwTickFreq
 *(.RamFunc)
 *(.RamFunc*)
                0x2000000c                        . = ALIGN (0x4)
 *fill*         0x20000009        0x3 
                0x2000000c                        _edata = .

.igot.plt       0x2000000c        0x0 load address 0x08002d50
 .igot.plt      0x2000000c        0x0 C:/ST/STM32CubeIDE_1.16.0/STM32CubeIDE/plugins/com.st.stm32cube.ide.mcu.externaltools.gnu-tools-for-stm32.12.3.rel1.win32_1.0.200.202406191623/tools/bin/../lib/gcc/arm-none-eabi/12.3.1/thumb/v7e-m+fp/hard/crtbegin.o
                0x2000000c                        . = ALIGN (0x4)

.bss            0x2000000c       0x34 load address 0x08002d50
                0x2000000c                        _sbss = .
                0x2000000c                        __bss_start__ = _sbss
 *(.bss)
 .bss           0x2000000c       0x1c C:/ST/STM32CubeIDE_1.16.0/STM32CubeIDE/plugins/com.st.stm32cube.ide.mcu.externaltools.gnu-tools-for-stm32.12.3.rel1.win32_1.0.200.202406191623/tools/bin/../lib/gcc/arm-none-eabi/12.3.1/thumb/v7e-m+fp/hard/crtbegin.o
 *(.bss*)
 .bss.hdac1     0x20000028       0x14 ./Core/Src/main.o
                0x20000028                hdac1
 .bss.uwTick    0x2000003c        0x4 ./Drivers/STM32L4xx_HAL_Driver/Src/stm32l4xx_hal.o
                0x2000003c                uwTick
 *(COMMON)
                0x20000040                        . = ALIGN (0x4)
                0x20000040                        _ebss = .
                0x20000040                        __bss_end__ = _ebss

._user_heap_stack
                0x20000040      0x600 load address 0x08002d50
                0x20000040                        . = ALIGN (0x8)
                [!provide]                        PROVIDE (end = .)
                0x20000040                        PROVIDE (_end = .)
                0x20000240                        . = (. + _Min_Heap_Size)
 *fill*         0x20000040      0x200 
                0x20000640                        . = (. + _Min_Stack_Size)
 *fill*         0x20000240      0x400 
                0x20000640                        . = ALIGN (0x8)

/DISCARD/
 libc.a(*)
 libm.a(*)
 libgcc.a(*)

.ARM.attributes
                0x00000000       0x30
 *(.ARM.attributes)
 .ARM.attributes
                0x00000000       0x22 C:/ST/STM32CubeIDE_1.16.0/STM32CubeIDE/plugins/com.st.stm32cube.ide.mcu.externaltools.gnu-tools-for-stm32.12.3.rel1.win32_1.0.200.202406191623/tools/bin/../lib/gcc/arm-none-eabi/12.3.1/thumb/v7e-m+fp/hard/crti.o
 .ARM.attributes
                0x00000022       0x34 C:/ST/STM32CubeIDE_1.16.0/STM32CubeIDE/plugins/com.st.stm32cube.ide.mcu.externaltools.gnu-tools-for-stm32.12.3.rel1.win32_1.0.200.202406191623/tools/bin/../lib/gcc/arm-none-eabi/12.3.1/thumb/v7e-m+fp/hard/crtbegin.o
 .ARM.attributes
                0x00000056       0x34 ./Core/Src/main.o
 .ARM.attributes
                0x0000008a       0x34 ./Core/Src/stm32l4xx_hal_msp.o
 .ARM.attributes
                0x000000be       0x34 ./Core/Src/stm32l4xx_it.o
 .ARM.attributes
                0x000000f2       0x34 ./Core/Src/system_stm32l4xx.o
 .ARM.attributes
                0x00000126       0x21 ./Core/Startup/startup_stm32l4s5vitx.o
 .ARM.attributes
                0x00000147       0x34 ./Drivers/STM32L4xx_HAL_Driver/Src/stm32l4xx_hal.o
 .ARM.attributes
                0x0000017b       0x34 ./Drivers/STM32L4xx_HAL_Driver/Src/stm32l4xx_hal_cortex.o
 .ARM.attributes
                0x000001af       0x34 ./Drivers/STM32L4xx_HAL_Driver/Src/stm32l4xx_hal_dac.o
 .ARM.attributes
                0x000001e3       0x34 ./Drivers/STM32L4xx_HAL_Driver/Src/stm32l4xx_hal_gpio.o
 .ARM.attributes
                0x00000217       0x34 ./Drivers/STM32L4xx_HAL_Driver/Src/stm32l4xx_hal_pwr_ex.o
 .ARM.attributes
                0x0000024b       0x34 ./Drivers/STM32L4xx_HAL_Driver/Src/stm32l4xx_hal_rcc.o
 .ARM.attributes
                0x0000027f       0x34 C:\Users\Ali\STM32CubeIDE\workspace_1.16.0\lab3\Core\Lib\libarm_cortexM4lf_math.a(arm_sin_f32.o)
 .ARM.attributes
                0x000002b3       0x39 C:\Users\Ali\STM32CubeIDE\workspace_1.16.0\lab3\Core\Lib\libarm_cortexM4lf_math.a(arm_common_tables.o)
 .ARM.attributes
                0x000002ec       0x34 C:/ST/STM32CubeIDE_1.16.0/STM32CubeIDE/plugins/com.st.stm32cube.ide.mcu.externaltools.gnu-tools-for-stm32.12.3.rel1.win32_1.0.200.202406191623/tools/bin/../lib/gcc/arm-none-eabi/12.3.1/../../../../arm-none-eabi/lib/thumb/v7e-m+fp/hard\libc_nano.a(libc_a-memset.o)
 .ARM.attributes
                0x00000320       0x34 C:/ST/STM32CubeIDE_1.16.0/STM32CubeIDE/plugins/com.st.stm32cube.ide.mcu.externaltools.gnu-tools-for-stm32.12.3.rel1.win32_1.0.200.202406191623/tools/bin/../lib/gcc/arm-none-eabi/12.3.1/../../../../arm-none-eabi/lib/thumb/v7e-m+fp/hard\libc_nano.a(libc_a-init.o)
 .ARM.attributes
                0x00000354       0x22 C:/ST/STM32CubeIDE_1.16.0/STM32CubeIDE/plugins/com.st.stm32cube.ide.mcu.externaltools.gnu-tools-for-stm32.12.3.rel1.win32_1.0.200.202406191623/tools/bin/../lib/gcc/arm-none-eabi/12.3.1/thumb/v7e-m+fp/hard\libgcc.a(_arm_addsubdf3.o)
 .ARM.attributes
                0x00000376       0x22 C:/ST/STM32CubeIDE_1.16.0/STM32CubeIDE/plugins/com.st.stm32cube.ide.mcu.externaltools.gnu-tools-for-stm32.12.3.rel1.win32_1.0.200.202406191623/tools/bin/../lib/gcc/arm-none-eabi/12.3.1/thumb/v7e-m+fp/hard\libgcc.a(_arm_truncdfsf2.o)
 .ARM.attributes
                0x00000398       0x22 C:/ST/STM32CubeIDE_1.16.0/STM32CubeIDE/plugins/com.st.stm32cube.ide.mcu.externaltools.gnu-tools-for-stm32.12.3.rel1.win32_1.0.200.202406191623/tools/bin/../lib/gcc/arm-none-eabi/12.3.1/thumb/v7e-m+fp/hard/crtn.o
OUTPUT(lab3.elf elf32-littlearm)
LOAD linker stubs
LOAD C:/ST/STM32CubeIDE_1.16.0/STM32CubeIDE/plugins/com.st.stm32cube.ide.mcu.externaltools.gnu-tools-for-stm32.12.3.rel1.win32_1.0.200.202406191623/tools/bin/../lib/gcc/arm-none-eabi/12.3.1/../../../../arm-none-eabi/lib/thumb/v7e-m+fp/hard\libc.a
LOAD C:/ST/STM32CubeIDE_1.16.0/STM32CubeIDE/plugins/com.st.stm32cube.ide.mcu.externaltools.gnu-tools-for-stm32.12.3.rel1.win32_1.0.200.202406191623/tools/bin/../lib/gcc/arm-none-eabi/12.3.1/../../../../arm-none-eabi/lib/thumb/v7e-m+fp/hard\libm.a
LOAD C:/ST/STM32CubeIDE_1.16.0/STM32CubeIDE/plugins/com.st.stm32cube.ide.mcu.externaltools.gnu-tools-for-stm32.12.3.rel1.win32_1.0.200.202406191623/tools/bin/../lib/gcc/arm-none-eabi/12.3.1/thumb/v7e-m+fp/hard\libgcc.a

.debug_info     0x00000000     0x95c4
 .debug_info    0x00000000     0x1088 ./Core/Src/main.o
 .debug_info    0x00001088      0x9d7 ./Core/Src/stm32l4xx_hal_msp.o
 .debug_info    0x00001a5f      0x14c ./Core/Src/stm32l4xx_it.o
 .debug_info    0x00001bab      0x5e9 ./Core/Src/system_stm32l4xx.o
 .debug_info    0x00002194       0x30 ./Core/Startup/startup_stm32l4s5vitx.o
 .debug_info    0x000021c4      0xb4f ./Drivers/STM32L4xx_HAL_Driver/Src/stm32l4xx_hal.o
 .debug_info    0x00002d13      0xd9f ./Drivers/STM32L4xx_HAL_Driver/Src/stm32l4xx_hal_cortex.o
 .debug_info    0x00003ab2      0xbb9 ./Drivers/STM32L4xx_HAL_Driver/Src/stm32l4xx_hal_dac.o
 .debug_info    0x0000466b      0x787 ./Drivers/STM32L4xx_HAL_Driver/Src/stm32l4xx_hal_gpio.o
 .debug_info    0x00004df2      0xa0a ./Drivers/STM32L4xx_HAL_Driver/Src/stm32l4xx_hal_pwr_ex.o
 .debug_info    0x000057fc      0xd32 ./Drivers/STM32L4xx_HAL_Driver/Src/stm32l4xx_hal_rcc.o
 .debug_info    0x0000652e     0x1612 C:\Users\Ali\STM32CubeIDE\workspace_1.16.0\lab3\Core\Lib\libarm_cortexM4lf_math.a(arm_sin_f32.o)
 .debug_info    0x00007b40     0x1a84 C:\Users\Ali\STM32CubeIDE\workspace_1.16.0\lab3\Core\Lib\libarm_cortexM4lf_math.a(arm_common_tables.o)

.debug_abbrev   0x00000000     0x1819
 .debug_abbrev  0x00000000      0x251 ./Core/Src/main.o
 .debug_abbrev  0x00000251      0x1a1 ./Core/Src/stm32l4xx_hal_msp.o
 .debug_abbrev  0x000003f2       0xa0 ./Core/Src/stm32l4xx_it.o
 .debug_abbrev  0x00000492      0x11a ./Core/Src/system_stm32l4xx.o
 .debug_abbrev  0x000005ac       0x24 ./Core/Startup/startup_stm32l4s5vitx.o
 .debug_abbrev  0x000005d0      0x242 ./Drivers/STM32L4xx_HAL_Driver/Src/stm32l4xx_hal.o
 .debug_abbrev  0x00000812      0x31c ./Drivers/STM32L4xx_HAL_Driver/Src/stm32l4xx_hal_cortex.o
 .debug_abbrev  0x00000b2e      0x218 ./Drivers/STM32L4xx_HAL_Driver/Src/stm32l4xx_hal_dac.o
 .debug_abbrev  0x00000d46      0x1cb ./Drivers/STM32L4xx_HAL_Driver/Src/stm32l4xx_hal_gpio.o
 .debug_abbrev  0x00000f11      0x1f9 ./Drivers/STM32L4xx_HAL_Driver/Src/stm32l4xx_hal_pwr_ex.o
 .debug_abbrev  0x0000110a      0x306 ./Drivers/STM32L4xx_HAL_Driver/Src/stm32l4xx_hal_rcc.o
 .debug_abbrev  0x00001410      0x22c C:\Users\Ali\STM32CubeIDE\workspace_1.16.0\lab3\Core\Lib\libarm_cortexM4lf_math.a(arm_sin_f32.o)
 .debug_abbrev  0x0000163c      0x1dd C:\Users\Ali\STM32CubeIDE\workspace_1.16.0\lab3\Core\Lib\libarm_cortexM4lf_math.a(arm_common_tables.o)

.debug_aranges  0x00000000      0x6d8
 .debug_aranges
                0x00000000       0x40 ./Core/Src/main.o
 .debug_aranges
                0x00000040       0x30 ./Core/Src/stm32l4xx_hal_msp.o
 .debug_aranges
                0x00000070       0x68 ./Core/Src/stm32l4xx_it.o
 .debug_aranges
                0x000000d8       0x28 ./Core/Src/system_stm32l4xx.o
 .debug_aranges
                0x00000100       0x28 ./Core/Startup/startup_stm32l4s5vitx.o
 .debug_aranges
                0x00000128      0x130 ./Drivers/STM32L4xx_HAL_Driver/Src/stm32l4xx_hal.o
 .debug_aranges
                0x00000258      0x128 ./Drivers/STM32L4xx_HAL_Driver/Src/stm32l4xx_hal_cortex.o
 .debug_aranges
                0x00000380       0xc0 ./Drivers/STM32L4xx_HAL_Driver/Src/stm32l4xx_hal_dac.o
 .debug_aranges
                0x00000440       0x58 ./Drivers/STM32L4xx_HAL_Driver/Src/stm32l4xx_hal_gpio.o
 .debug_aranges
                0x00000498      0x170 ./Drivers/STM32L4xx_HAL_Driver/Src/stm32l4xx_hal_pwr_ex.o
 .debug_aranges
                0x00000608       0x98 ./Drivers/STM32L4xx_HAL_Driver/Src/stm32l4xx_hal_rcc.o
 .debug_aranges
                0x000006a0       0x20 C:\Users\Ali\STM32CubeIDE\workspace_1.16.0\lab3\Core\Lib\libarm_cortexM4lf_math.a(arm_sin_f32.o)
 .debug_aranges
                0x000006c0       0x18 C:\Users\Ali\STM32CubeIDE\workspace_1.16.0\lab3\Core\Lib\libarm_cortexM4lf_math.a(arm_common_tables.o)

.debug_rnglists
                0x00000000      0x4db
 .debug_rnglists
                0x00000000       0x2f ./Core/Src/main.o
 .debug_rnglists
                0x0000002f       0x1f ./Core/Src/stm32l4xx_hal_msp.o
 .debug_rnglists
                0x0000004e       0x49 ./Core/Src/stm32l4xx_it.o
 .debug_rnglists
                0x00000097       0x1a ./Core/Src/system_stm32l4xx.o
 .debug_rnglists
                0x000000b1       0x19 ./Core/Startup/startup_stm32l4s5vitx.o
 .debug_rnglists
                0x000000ca       0xdf ./Drivers/STM32L4xx_HAL_Driver/Src/stm32l4xx_hal.o
 .debug_rnglists
                0x000001a9       0xda ./Drivers/STM32L4xx_HAL_Driver/Src/stm32l4xx_hal_cortex.o
 .debug_rnglists
                0x00000283       0x90 ./Drivers/STM32L4xx_HAL_Driver/Src/stm32l4xx_hal_dac.o
 .debug_rnglists
                0x00000313       0x3f ./Drivers/STM32L4xx_HAL_Driver/Src/stm32l4xx_hal_gpio.o
 .debug_rnglists
                0x00000352      0x115 ./Drivers/STM32L4xx_HAL_Driver/Src/stm32l4xx_hal_pwr_ex.o
 .debug_rnglists
                0x00000467       0x74 ./Drivers/STM32L4xx_HAL_Driver/Src/stm32l4xx_hal_rcc.o

.debug_macro    0x00000000    0x2917f
 .debug_macro   0x00000000      0x2c6 ./Core/Src/main.o
 .debug_macro   0x000002c6      0xab4 ./Core/Src/main.o
 .debug_macro   0x00000d7a      0x1a1 ./Core/Src/main.o
 .debug_macro   0x00000f1b       0x2e ./Core/Src/main.o
 .debug_macro   0x00000f49       0x28 ./Core/Src/main.o
 .debug_macro   0x00000f71       0x22 ./Core/Src/main.o
 .debug_macro   0x00000f93       0x8e ./Core/Src/main.o
 .debug_macro   0x00001021       0x51 ./Core/Src/main.o
 .debug_macro   0x00001072      0x103 ./Core/Src/main.o
 .debug_macro   0x00001175       0x6a ./Core/Src/main.o
 .debug_macro   0x000011df      0x1df ./Core/Src/main.o
 .debug_macro   0x000013be       0x1c ./Core/Src/main.o
 .debug_macro   0x000013da       0x22 ./Core/Src/main.o
 .debug_macro   0x000013fc       0xfb ./Core/Src/main.o
 .debug_macro   0x000014f7     0x1011 ./Core/Src/main.o
 .debug_macro   0x00002508      0x11f ./Core/Src/main.o
 .debug_macro   0x00002627    0x1d292 ./Core/Src/main.o
 .debug_macro   0x0001f8b9       0x6d ./Core/Src/main.o
 .debug_macro   0x0001f926     0x3902 ./Core/Src/main.o
 .debug_macro   0x00023228      0x189 ./Core/Src/main.o
 .debug_macro   0x000233b1       0x5c ./Core/Src/main.o
 .debug_macro   0x0002340d     0x1910 ./Core/Src/main.o
 .debug_macro   0x00024d1d      0x7dc ./Core/Src/main.o
 .debug_macro   0x000254f9      0x1b9 ./Core/Src/main.o
 .debug_macro   0x000256b2      0x225 ./Core/Src/main.o
 .debug_macro   0x000258d7      0x486 ./Core/Src/main.o
 .debug_macro   0x00025d5d      0x1ce ./Core/Src/main.o
 .debug_macro   0x00025f2b       0x43 ./Core/Src/main.o
 .debug_macro   0x00025f6e      0x23d ./Core/Src/main.o
 .debug_macro   0x000261ab      0x184 ./Core/Src/main.o
 .debug_macro   0x0002632f       0xdf ./Core/Src/main.o
 .debug_macro   0x0002640e      0x241 ./Core/Src/main.o
 .debug_macro   0x0002664f      0x416 ./Core/Src/main.o
 .debug_macro   0x00026a65       0x1c ./Core/Src/main.o
 .debug_macro   0x00026a81       0xf2 ./Core/Src/main.o
 .debug_macro   0x00026b73      0x122 ./Core/Src/main.o
 .debug_macro   0x00026c95      0x3f6 ./Core/Src/main.o
 .debug_macro   0x0002708b      0x432 ./Core/Src/main.o
 .debug_macro   0x000274bd       0x61 ./Core/Src/main.o
 .debug_macro   0x0002751e       0x2a ./Core/Src/main.o
 .debug_macro   0x00027548       0x43 ./Core/Src/main.o
 .debug_macro   0x0002758b       0x34 ./Core/Src/main.o
 .debug_macro   0x000275bf       0x16 ./Core/Src/main.o
 .debug_macro   0x000275d5       0x43 ./Core/Src/main.o
 .debug_macro   0x00027618       0x34 ./Core/Src/main.o
 .debug_macro   0x0002764c       0x10 ./Core/Src/main.o
 .debug_macro   0x0002765c       0x58 ./Core/Src/main.o
 .debug_macro   0x000276b4       0x8e ./Core/Src/main.o
 .debug_macro   0x00027742       0x1c ./Core/Src/main.o
 .debug_macro   0x0002775e      0x177 ./Core/Src/main.o
 .debug_macro   0x000278d5      0x369 ./Core/Src/main.o
 .debug_macro   0x00027c3e       0x10 ./Core/Src/main.o
 .debug_macro   0x00027c4e       0x35 ./Core/Src/main.o
 .debug_macro   0x00027c83       0x20 ./Core/Src/main.o
 .debug_macro   0x00027ca3      0x19b ./Core/Src/main.o
 .debug_macro   0x00027e3e      0x201 ./Core/Src/main.o
 .debug_macro   0x0002803f       0xc8 ./Core/Src/main.o
 .debug_macro   0x00028107      0x1c4 ./Core/Src/stm32l4xx_hal_msp.o
 .debug_macro   0x000282cb      0x1ce ./Core/Src/stm32l4xx_it.o
 .debug_macro   0x00028499      0x1ba ./Core/Src/system_stm32l4xx.o
 .debug_macro   0x00028653      0x208 ./Drivers/STM32L4xx_HAL_Driver/Src/stm32l4xx_hal.o
 .debug_macro   0x0002885b      0x1ba ./Drivers/STM32L4xx_HAL_Driver/Src/stm32l4xx_hal_cortex.o
 .debug_macro   0x00028a15      0x1c9 ./Drivers/STM32L4xx_HAL_Driver/Src/stm32l4xx_hal_dac.o
 .debug_macro   0x00028bde      0x1c1 ./Drivers/STM32L4xx_HAL_Driver/Src/stm32l4xx_hal_gpio.o
 .debug_macro   0x00028d9f      0x1e4 ./Drivers/STM32L4xx_HAL_Driver/Src/stm32l4xx_hal_pwr_ex.o
 .debug_macro   0x00028f83      0x1fc ./Drivers/STM32L4xx_HAL_Driver/Src/stm32l4xx_hal_rcc.o

.debug_line     0x00000000     0x74e8
 .debug_line    0x00000000      0x9f8 ./Core/Src/main.o
 .debug_line    0x000009f8      0x77e ./Core/Src/stm32l4xx_hal_msp.o
 .debug_line    0x00001176      0x811 ./Core/Src/stm32l4xx_it.o
 .debug_line    0x00001987      0x7d1 ./Core/Src/system_stm32l4xx.o
 .debug_line    0x00002158       0x7a ./Core/Startup/startup_stm32l4s5vitx.o
 .debug_line    0x000021d2      0xb2c ./Drivers/STM32L4xx_HAL_Driver/Src/stm32l4xx_hal.o
 .debug_line    0x00002cfe      0xcf5 ./Drivers/STM32L4xx_HAL_Driver/Src/stm32l4xx_hal_cortex.o
 .debug_line    0x000039f3      0xc32 ./Drivers/STM32L4xx_HAL_Driver/Src/stm32l4xx_hal_dac.o
 .debug_line    0x00004625      0xba0 ./Drivers/STM32L4xx_HAL_Driver/Src/stm32l4xx_hal_gpio.o
 .debug_line    0x000051c5      0xd93 ./Drivers/STM32L4xx_HAL_Driver/Src/stm32l4xx_hal_pwr_ex.o
 .debug_line    0x00005f58     0x107d ./Drivers/STM32L4xx_HAL_Driver/Src/stm32l4xx_hal_rcc.o
 .debug_line    0x00006fd5      0x2d0 C:\Users\Ali\STM32CubeIDE\workspace_1.16.0\lab3\Core\Lib\libarm_cortexM4lf_math.a(arm_sin_f32.o)
 .debug_line    0x000072a5      0x243 C:\Users\Ali\STM32CubeIDE\workspace_1.16.0\lab3\Core\Lib\libarm_cortexM4lf_math.a(arm_common_tables.o)

.debug_str      0x00000000    0xfbcdc
 .debug_str     0x00000000    0xf976c ./Core/Src/main.o
                              0xf9bf3 (size before relaxing)
 .debug_str     0x000f976c       0x63 ./Core/Src/stm32l4xx_hal_msp.o
                              0xf4e25 (size before relaxing)
 .debug_str     0x000f97cf       0xf7 ./Core/Src/stm32l4xx_it.o
                              0xf48c9 (size before relaxing)
 .debug_str     0x000f98c6       0xfc ./Core/Src/system_stm32l4xx.o
                              0xf4a34 (size before relaxing)
 .debug_str     0x000f99c2       0x44 ./Core/Startup/startup_stm32l4s5vitx.o
                                 0x7a (size before relaxing)
 .debug_str     0x000f9a06      0x638 ./Drivers/STM32L4xx_HAL_Driver/Src/stm32l4xx_hal.o
                              0xf5612 (size before relaxing)
 .debug_str     0x000fa03e      0x35f ./Drivers/STM32L4xx_HAL_Driver/Src/stm32l4xx_hal_cortex.o
                              0xf52d3 (size before relaxing)
 .debug_str     0x000fa39d      0x266 ./Drivers/STM32L4xx_HAL_Driver/Src/stm32l4xx_hal_dac.o
                              0xf500b (size before relaxing)
 .debug_str     0x000fa603      0x14b ./Drivers/STM32L4xx_HAL_Driver/Src/stm32l4xx_hal_gpio.o
                              0xf4bae (size before relaxing)
 .debug_str     0x000fa74e      0x57a ./Drivers/STM32L4xx_HAL_Driver/Src/stm32l4xx_hal_pwr_ex.o
                              0xf5007 (size before relaxing)
 .debug_str     0x000facc8      0x3be ./Drivers/STM32L4xx_HAL_Driver/Src/stm32l4xx_hal_rcc.o
                              0xf50a7 (size before relaxing)
 .debug_str     0x000fb086      0xc28 C:\Users\Ali\STM32CubeIDE\workspace_1.16.0\lab3\Core\Lib\libarm_cortexM4lf_math.a(arm_sin_f32.o)
                                0xd42 (size before relaxing)
 .debug_str     0x000fbcae       0x2e C:\Users\Ali\STM32CubeIDE\workspace_1.16.0\lab3\Core\Lib\libarm_cortexM4lf_math.a(arm_common_tables.o)
                                0xd1d (size before relaxing)

.comment        0x00000000       0xb8
 .comment       0x00000000       0x43 ./Core/Src/main.o
                                 0x44 (size before relaxing)
 .comment       0x00000043       0x44 ./Core/Src/stm32l4xx_hal_msp.o
 .comment       0x00000043       0x44 ./Core/Src/stm32l4xx_it.o
 .comment       0x00000043       0x44 ./Core/Src/system_stm32l4xx.o
 .comment       0x00000043       0x44 ./Drivers/STM32L4xx_HAL_Driver/Src/stm32l4xx_hal.o
 .comment       0x00000043       0x44 ./Drivers/STM32L4xx_HAL_Driver/Src/stm32l4xx_hal_cortex.o
 .comment       0x00000043       0x44 ./Drivers/STM32L4xx_HAL_Driver/Src/stm32l4xx_hal_dac.o
 .comment       0x00000043       0x44 ./Drivers/STM32L4xx_HAL_Driver/Src/stm32l4xx_hal_gpio.o
 .comment       0x00000043       0x44 ./Drivers/STM32L4xx_HAL_Driver/Src/stm32l4xx_hal_pwr_ex.o
 .comment       0x00000043       0x44 ./Drivers/STM32L4xx_HAL_Driver/Src/stm32l4xx_hal_rcc.o
 .comment       0x00000043       0x75 C:\Users\Ali\STM32CubeIDE\workspace_1.16.0\lab3\Core\Lib\libarm_cortexM4lf_math.a(arm_sin_f32.o)
                                 0x76 (size before relaxing)
 .comment       0x000000b8       0x76 C:\Users\Ali\STM32CubeIDE\workspace_1.16.0\lab3\Core\Lib\libarm_cortexM4lf_math.a(arm_common_tables.o)

.debug_frame    0x00000000     0x19f8
 .debug_frame   0x00000000       0xb4 ./Core/Src/main.o
 .debug_frame   0x000000b4       0x80 ./Core/Src/stm32l4xx_hal_msp.o
 .debug_frame   0x00000134      0x120 ./Core/Src/stm32l4xx_it.o
 .debug_frame   0x00000254       0x58 ./Core/Src/system_stm32l4xx.o
 .debug_frame   0x000002ac      0x498 ./Drivers/STM32L4xx_HAL_Driver/Src/stm32l4xx_hal.o
 .debug_frame   0x00000744      0x4e8 ./Drivers/STM32L4xx_HAL_Driver/Src/stm32l4xx_hal_cortex.o
 .debug_frame   0x00000c2c      0x338 ./Drivers/STM32L4xx_HAL_Driver/Src/stm32l4xx_hal_dac.o
 .debug_frame   0x00000f64      0x14c ./Drivers/STM32L4xx_HAL_Driver/Src/stm32l4xx_hal_gpio.o
 .debug_frame   0x000010b0      0x5c4 ./Drivers/STM32L4xx_HAL_Driver/Src/stm32l4xx_hal_pwr_ex.o
 .debug_frame   0x00001674      0x248 ./Drivers/STM32L4xx_HAL_Driver/Src/stm32l4xx_hal_rcc.o
 .debug_frame   0x000018bc       0x20 C:\Users\Ali\STM32CubeIDE\workspace_1.16.0\lab3\Core\Lib\libarm_cortexM4lf_math.a(arm_sin_f32.o)
 .debug_frame   0x000018dc       0x20 C:/ST/STM32CubeIDE_1.16.0/STM32CubeIDE/plugins/com.st.stm32cube.ide.mcu.externaltools.gnu-tools-for-stm32.12.3.rel1.win32_1.0.200.202406191623/tools/bin/../lib/gcc/arm-none-eabi/12.3.1/../../../../arm-none-eabi/lib/thumb/v7e-m+fp/hard\libc_nano.a(libc_a-memset.o)
 .debug_frame   0x000018fc       0x2c C:/ST/STM32CubeIDE_1.16.0/STM32CubeIDE/plugins/com.st.stm32cube.ide.mcu.externaltools.gnu-tools-for-stm32.12.3.rel1.win32_1.0.200.202406191623/tools/bin/../lib/gcc/arm-none-eabi/12.3.1/../../../../arm-none-eabi/lib/thumb/v7e-m+fp/hard\libc_nano.a(libc_a-init.o)
 .debug_frame   0x00001928       0xac C:/ST/STM32CubeIDE_1.16.0/STM32CubeIDE/plugins/com.st.stm32cube.ide.mcu.externaltools.gnu-tools-for-stm32.12.3.rel1.win32_1.0.200.202406191623/tools/bin/../lib/gcc/arm-none-eabi/12.3.1/thumb/v7e-m+fp/hard\libgcc.a(_arm_addsubdf3.o)
 .debug_frame   0x000019d4       0x24 C:/ST/STM32CubeIDE_1.16.0/STM32CubeIDE/plugins/com.st.stm32cube.ide.mcu.externaltools.gnu-tools-for-stm32.12.3.rel1.win32_1.0.200.202406191623/tools/bin/../lib/gcc/arm-none-eabi/12.3.1/thumb/v7e-m+fp/hard\libgcc.a(_arm_truncdfsf2.o)

.debug_line_str
                0x00000000       0x5e
 .debug_line_str
                0x00000000       0x5e ./Core/Startup/startup_stm32l4s5vitx.o

.debug_loc      0x00000000       0xfa
 .debug_loc     0x00000000       0xfa C:\Users\Ali\STM32CubeIDE\workspace_1.16.0\lab3\Core\Lib\libarm_cortexM4lf_math.a(arm_sin_f32.o)

.debug_ranges   0x00000000       0x10
 .debug_ranges  0x00000000       0x10 C:\Users\Ali\STM32CubeIDE\workspace_1.16.0\lab3\Core\Lib\libarm_cortexM4lf_math.a(arm_sin_f32.o)
