Archive member included to satisfy reference by file (symbol)

C:\Users\Ali\STM32CubeIDE\workspace_1.16.0\lab3\Core\Lib\libarm_cortexM4lf_math.a(arm_sin_f32.o)
                              ./Core/Src/main.o (arm_sin_f32)
C:\Users\Ali\STM32CubeIDE\workspace_1.16.0\lab3\Core\Lib\libarm_cortexM4lf_math.a(arm_common_tables.o)
                              C:\Users\Ali\STM32CubeIDE\workspace_1.16.0\lab3\Core\Lib\libarm_cortexM4lf_math.a(arm_sin_f32.o) (sinTable_f32)
C:/ST/STM32CubeIDE_1.16.0/STM32CubeIDE/plugins/com.st.stm32cube.ide.mcu.externaltools.gnu-tools-for-stm32.12.3.rel1.win32_1.0.200.202406191623/tools/bin/../lib/gcc/arm-none-eabi/12.3.1/../../../../arm-none-eabi/lib/thumb/v7e-m+fp/hard\libc_nano.a(libc_a-exit.o)
                              C:/ST/STM32CubeIDE_1.16.0/STM32CubeIDE/plugins/com.st.stm32cube.ide.mcu.externaltools.gnu-tools-for-stm32.12.3.rel1.win32_1.0.200.202406191623/tools/bin/../lib/gcc/arm-none-eabi/12.3.1/../../../../arm-none-eabi/lib/thumb/v7e-m+fp/hard/crt0.o (exit)
C:/ST/STM32CubeIDE_1.16.0/STM32CubeIDE/plugins/com.st.stm32cube.ide.mcu.externaltools.gnu-tools-for-stm32.12.3.rel1.win32_1.0.200.202406191623/tools/bin/../lib/gcc/arm-none-eabi/12.3.1/../../../../arm-none-eabi/lib/thumb/v7e-m+fp/hard\libc_nano.a(libc_a-findfp.o)
                              C:/ST/STM32CubeIDE_1.16.0/STM32CubeIDE/plugins/com.st.stm32cube.ide.mcu.externaltools.gnu-tools-for-stm32.12.3.rel1.win32_1.0.200.202406191623/tools/bin/../lib/gcc/arm-none-eabi/12.3.1/../../../../arm-none-eabi/lib/thumb/v7e-m+fp/hard\libc_nano.a(libc_a-exit.o) (__stdio_exit_handler)
C:/ST/STM32CubeIDE_1.16.0/STM32CubeIDE/plugins/com.st.stm32cube.ide.mcu.externaltools.gnu-tools-for-stm32.12.3.rel1.win32_1.0.200.202406191623/tools/bin/../lib/gcc/arm-none-eabi/12.3.1/../../../../arm-none-eabi/lib/thumb/v7e-m+fp/hard\libc_nano.a(libc_a-fwalk.o)
                              C:/ST/STM32CubeIDE_1.16.0/STM32CubeIDE/plugins/com.st.stm32cube.ide.mcu.externaltools.gnu-tools-for-stm32.12.3.rel1.win32_1.0.200.202406191623/tools/bin/../lib/gcc/arm-none-eabi/12.3.1/../../../../arm-none-eabi/lib/thumb/v7e-m+fp/hard\libc_nano.a(libc_a-findfp.o) (_fwalk_sglue)
C:/ST/STM32CubeIDE_1.16.0/STM32CubeIDE/plugins/com.st.stm32cube.ide.mcu.externaltools.gnu-tools-for-stm32.12.3.rel1.win32_1.0.200.202406191623/tools/bin/../lib/gcc/arm-none-eabi/12.3.1/../../../../arm-none-eabi/lib/thumb/v7e-m+fp/hard\libc_nano.a(libc_a-stdio.o)
                              C:/ST/STM32CubeIDE_1.16.0/STM32CubeIDE/plugins/com.st.stm32cube.ide.mcu.externaltools.gnu-tools-for-stm32.12.3.rel1.win32_1.0.200.202406191623/tools/bin/../lib/gcc/arm-none-eabi/12.3.1/../../../../arm-none-eabi/lib/thumb/v7e-m+fp/hard\libc_nano.a(libc_a-findfp.o) (__sread)
C:/ST/STM32CubeIDE_1.16.0/STM32CubeIDE/plugins/com.st.stm32cube.ide.mcu.externaltools.gnu-tools-for-stm32.12.3.rel1.win32_1.0.200.202406191623/tools/bin/../lib/gcc/arm-none-eabi/12.3.1/../../../../arm-none-eabi/lib/thumb/v7e-m+fp/hard\libc_nano.a(libc_a-memset.o)
                              C:/ST/STM32CubeIDE_1.16.0/STM32CubeIDE/plugins/com.st.stm32cube.ide.mcu.externaltools.gnu-tools-for-stm32.12.3.rel1.win32_1.0.200.202406191623/tools/bin/../lib/gcc/arm-none-eabi/12.3.1/../../../../arm-none-eabi/lib/thumb/v7e-m+fp/hard/crt0.o (memset)
C:/ST/STM32CubeIDE_1.16.0/STM32CubeIDE/plugins/com.st.stm32cube.ide.mcu.externaltools.gnu-tools-for-stm32.12.3.rel1.win32_1.0.200.202406191623/tools/bin/../lib/gcc/arm-none-eabi/12.3.1/../../../../arm-none-eabi/lib/thumb/v7e-m+fp/hard\libc_nano.a(libc_a-closer.o)
                              C:/ST/STM32CubeIDE_1.16.0/STM32CubeIDE/plugins/com.st.stm32cube.ide.mcu.externaltools.gnu-tools-for-stm32.12.3.rel1.win32_1.0.200.202406191623/tools/bin/../lib/gcc/arm-none-eabi/12.3.1/../../../../arm-none-eabi/lib/thumb/v7e-m+fp/hard\libc_nano.a(libc_a-stdio.o) (_close_r)
C:/ST/STM32CubeIDE_1.16.0/STM32CubeIDE/plugins/com.st.stm32cube.ide.mcu.externaltools.gnu-tools-for-stm32.12.3.rel1.win32_1.0.200.202406191623/tools/bin/../lib/gcc/arm-none-eabi/12.3.1/../../../../arm-none-eabi/lib/thumb/v7e-m+fp/hard\libc_nano.a(libc_a-reent.o)
                              C:/ST/STM32CubeIDE_1.16.0/STM32CubeIDE/plugins/com.st.stm32cube.ide.mcu.externaltools.gnu-tools-for-stm32.12.3.rel1.win32_1.0.200.202406191623/tools/bin/../lib/gcc/arm-none-eabi/12.3.1/../../../../arm-none-eabi/lib/thumb/v7e-m+fp/hard\libc_nano.a(libc_a-closer.o) (errno)
C:/ST/STM32CubeIDE_1.16.0/STM32CubeIDE/plugins/com.st.stm32cube.ide.mcu.externaltools.gnu-tools-for-stm32.12.3.rel1.win32_1.0.200.202406191623/tools/bin/../lib/gcc/arm-none-eabi/12.3.1/../../../../arm-none-eabi/lib/thumb/v7e-m+fp/hard\libc_nano.a(libc_a-impure.o)
                              C:/ST/STM32CubeIDE_1.16.0/STM32CubeIDE/plugins/com.st.stm32cube.ide.mcu.externaltools.gnu-tools-for-stm32.12.3.rel1.win32_1.0.200.202406191623/tools/bin/../lib/gcc/arm-none-eabi/12.3.1/../../../../arm-none-eabi/lib/thumb/v7e-m+fp/hard\libc_nano.a(libc_a-reent.o) (_impure_ptr)
[...]
Memory Configuration

Name             Origin             Length             Attributes
RAM              0x20000000         0x000a0000         xrw
RAM2             0x10000000         0x00010000         xrw
RAM3             0x20040000         0x00060000         xrw
FLASH            0x08000000         0x00200000         xr
*default*        0x00000000         0xffffffff

Linker script and memory map

LOAD C:/ST/STM32CubeIDE_1.16.0/STM32CubeIDE/plugins/com.st.stm32cube.ide.mcu.externaltools.gnu-tools-for-stm32.12.3.rel1.win32_1.0.200.202406191623/tools/bin/../lib/gcc/arm-none-eabi/12.3.1/thumb/v7e-m+fp/hard/crti.o
LOAD C:/ST/STM32CubeIDE_1.16.0/STM32CubeIDE/plugins/com.st.stm32cube.ide.mcu.externaltools.gnu-tools-for-stm32.12.3.rel1.win32_1.0.200.202406191623/tools/bin/../lib/gcc/arm-none-eabi/12.3.1/thumb/v7e-m+fp/hard/crtbegin.o
LOAD C:/ST/STM32CubeIDE_1.16.0/STM32CubeIDE/plugins/com.st.stm32cube.ide.mcu.externaltools.gnu-tools-for-stm32.12.3.rel1.win32_1.0.200.202406191623/tools/bin/../lib/gcc/arm-none-eabi/12.3.1/../../../../arm-none-eabi/lib/thumb/v7e-m+fp/hard/crt0.o
LOAD ./Core/Src/main.o
LOAD ./Core/Src/stm32l4xx_hal_msp.o
LOAD ./Core/Src/stm32l4xx_it.o
LOAD ./Core/Src/syscalls.o
LOAD ./Core/Src/sysmem.o
LOAD ./Core/Src/system_stm32l4xx.o
LOAD ./Core/Startup/startup_stm32l4s5vitx.o
LOAD ./Drivers/STM32L4xx_HAL_Driver/Src/stm32l4xx_hal.o
LOAD ./Drivers/STM32L4xx_HAL_Driver/Src/stm32l4xx_hal_cortex.o
LOAD ./Drivers/STM32L4xx_HAL_Driver/Src/stm32l4xx_hal_dac.o
LOAD ./Drivers/STM32L4xx_HAL_Driver/Src/stm32l4xx_hal_dac_ex.o
LOAD ./Drivers/STM32L4xx_HAL_Driver/Src/stm32l4xx_hal_dma.o
LOAD ./Drivers/STM32L4xx_HAL_Driver/Src/stm32l4xx_hal_dma_ex.o
LOAD ./Drivers/STM32L4xx_HAL_Driver/Src/stm32l4xx_hal_exti.o
LOAD ./Drivers/STM32L4xx_HAL_Driver/Src/stm32l4xx_hal_flash.o
LOAD ./Drivers/STM32L4xx_HAL_Driver/Src/stm32l4xx_hal_flash_ex.o
LOAD ./Drivers/STM32L4xx_HAL_Driver/Src/stm32l4xx_hal_flash_ramfunc.o
LOAD ./Drivers/STM32L4xx_HAL_Driver/Src/stm32l4xx_hal_gpio.o
LOAD ./Drivers/STM32L4xx_HAL_Driver/Src/stm32l4xx_hal_i2c.o
LOAD ./Drivers/STM32L4xx_HAL_Driver/Src/stm32l4xx_hal_i2c_ex.o
LOAD ./Drivers/STM32L4xx_HAL_Driver/Src/stm32l4xx_hal_pwr.o
LOAD ./Drivers/STM32L4xx_HAL_Driver/Src/stm32l4xx_hal_pwr_ex.o
LOAD ./Drivers/STM32L4xx_HAL_Driver/Src/stm32l4xx_hal_rcc.o
LOAD ./Drivers/STM32L4xx_HAL_Driver/Src/stm32l4xx_hal_rcc_ex.o
LOAD ./Drivers/STM32L4xx_HAL_Driver/Src/stm32l4xx_hal_tim.o
LOAD ./Drivers/STM32L4xx_HAL_Driver/Src/stm32l4xx_hal_tim_ex.o
LOAD C:\Users\Ali\STM32CubeIDE\workspace_1.16.0\lab3\Core\Lib\libarm_cortexM4lf_math.a
START GROUP
LOAD C:/ST/STM32CubeIDE_1.16.0/STM32CubeIDE/plugins/com.st.stm32cube.ide.mcu.externaltools.gnu-tools-for-stm32.12.3.rel1.win32_1.0.200.202406191623/tools/bin/../lib/gcc/arm-none-eabi/12.3.1/../../../../arm-none-eabi/lib/thumb/v7e-m+fp/hard\libc_nano.a
LOAD C:/ST/STM32CubeIDE_1.16.0/STM32CubeIDE/plugins/com.st.stm32cube.ide.mcu.externaltools.gnu-tools-for-stm32.12.3.rel1.win32_1.0.200.202406191623/tools/bin/../lib/gcc/arm-none-eabi/12.3.1/../../../../arm-none-eabi/lib/thumb/v7e-m+fp/hard\libm.a
END GROUP
START GROUP
LOAD C:/ST/STM32CubeIDE_1.16.0/STM32CubeIDE/plugins/com.st.stm32cube.ide.mcu.externaltools.gnu-tools-for-stm32.12.3.rel1.win32_1.0.200.202406191623/tools/bin/../lib/gcc/arm-none-eabi/12.3.1/thumb/v7e-m+fp/hard\libgcc.a
LOAD C:/ST/STM32CubeIDE_1.16.0/STM32CubeIDE/plugins/com.st.stm32cube.ide.mcu.externaltools.gnu-tools-for-stm32.12.3.rel1.win32_1.0.200.202406191623/tools/bin/../lib/gcc/arm-none-eabi/12.3.1/../../../../arm-none-eabi/lib/thumb/v7e-m+fp/hard\libc_nano.a
END GROUP
START GROUP
LOAD C:/ST/STM32CubeIDE_1.16.0/STM32CubeIDE/plugins/com.st.stm32cube.ide.mcu.externaltools.gnu-tools-for-stm32.12.3.rel1.win32_1.0.200.202406191623/tools/bin/../lib/gcc/arm-none-eabi/12.3.1/thumb/v7e-m+fp/hard\libgcc.a
LOAD C:/ST/STM32CubeIDE_1.16.0/STM32CubeIDE/plugins/com.st.stm32cube.ide.mcu.externaltools.gnu-tools-for-stm32.12.3.rel1.win32_1.0.200.202406191623/tools/bin/../lib/gcc/arm-none-eabi/12.3.1/../../../../arm-none-eabi/lib/thumb/v7e-m+fp/hard\libc_nano.a
LOAD C:/ST/STM32CubeIDE_1.16.0/STM32CubeIDE/plugins/com.st.stm32cube.ide.mcu.externaltools.gnu-tools-for-stm32.12.3.rel1.win32_1.0.200.202406191623/tools/bin/../lib/gcc/arm-none-eabi/12.3.1/../../../../arm-none-eabi/lib/thumb/v7e-m+fp/hard\libnosys.a
END GROUP
START GROUP
LOAD C:/ST/STM32CubeIDE_1.16.0/STM32CubeIDE/plugins/com.st.stm32cube.ide.mcu.externaltools.gnu-tools-for-stm32.12.3.rel1.win32_1.0.200.202406191623/tools/bin/../lib/gcc/arm-none-eabi/12.3.1/thumb/v7e-m+fp/hard\libgcc.a
LOAD C:/ST/STM32CubeIDE_1.16.0/STM32CubeIDE/plugins/com.st.stm32cube.ide.mcu.externaltools.gnu-tools-for-stm32.12.3.rel1.win32_1.0.200.202406191623/tools/bin/../lib/gcc/arm-none-eabi/12.3.1/../../../../arm-none-eabi/lib/thumb/v7e-m+fp/hard\libc_nano.a
LOAD C:/ST/STM32CubeIDE_1.16.0/STM32CubeIDE/plugins/com.st.stm32cube.ide.mcu.externaltools.gnu-tools-for-stm32.12.3.rel1.win32_1.0.200.202406191623/tools/bin/../lib/gcc/arm-none-eabi/12.3.1/../../../../arm-none-eabi/lib/thumb/v7e-m+fp/hard\libnosys.a
END GROUP
LOAD C:/ST/STM32CubeIDE_1.16.0/STM32CubeIDE/plugins/com.st.stm32cube.ide.mcu.externaltools.gnu-tools-for-stm32.12.3.rel1.win32_1.0.200.202406191623/tools/bin/../lib/gcc/arm-none-eabi/12.3.1/thumb/v7e-m+fp/hard/crtend.o
LOAD C:/ST/STM32CubeIDE_1.16.0/STM32CubeIDE/plugins/com.st.stm32cube.ide.mcu.externaltools.gnu-tools-for-stm32.12.3.rel1.win32_1.0.200.202406191623/tools/bin/../lib/gcc/arm-none-eabi/12.3.1/thumb/v7e-m+fp/hard/crtn.o
                0x200a0000                        _estack = (ORIGIN (RAM) + LENGTH (RAM))
                0x00000200                        _Min_Heap_Size = 0x200
                0x00000400                        _Min_Stack_Size = 0x400

.isr_vector     0x08000000      0x1bc
                0x08000000                        . = ALIGN (0x4)
 *(.isr_vector)
 .isr_vector    0x08000000      0x1bc ./Core/Startup/startup_stm32l4s5vitx.o
                0x08000000                g_pfnVectors
                0x080001bc                        . = ALIGN (0x4)

.text           0x080001c0     0x2d78
                0x080001c0                        . = ALIGN (0x4)
 *(.text)
 .text          0x080001c0       0x40 C:/ST/STM32CubeIDE_1.16.0/STM32CubeIDE/plugins/com.st.stm32cube.ide.mcu.externaltools.gnu-tools-for-stm32.12.3.rel1.win32_1.0.200.202406191623/tools/bin/../lib/gcc/arm-none-eabi/12.3.1/thumb/v7e-m+fp/hard/crtbegin.o
 .text          0x08000200      0x378 C:/ST/STM32CubeIDE_1.16.0/STM32CubeIDE/plugins/com.st.stm32cube.ide.mcu.externaltools.gnu-tools-for-stm32.12.3.rel1.win32_1.0.200.202406191623/tools/bin/../lib/gcc/arm-none-eabi/12.3.1/thumb/v7e-m+fp/hard\libgcc.a(_arm_addsubdf3.o)
                0x08000200                __aeabi_drsub
                0x08000208                __aeabi_dsub
                0x08000208                __subdf3
                0x0800020c                __aeabi_dadd
                0x0800020c                __adddf3
                0x08000484                __floatunsidf
                0x08000484                __aeabi_ui2d
                0x080004a4                __floatsidf
                0x080004a4                __aeabi_i2d
                0x080004c8                __aeabi_f2d
                0x080004c8                __extendsfdf2
                0x0800050c                __floatundidf
                0x0800050c                __aeabi_ul2d
                0x0800051c                __floatdidf
                0x0800051c                __aeabi_l2d
 .text          0x08000578       0xa0 C:/ST/STM32CubeIDE_1.16.0/STM32CubeIDE/plugins/com.st.stm32cube.ide.mcu.externaltools.gnu-tools-for-stm32.12.3.rel1.win32_1.0.200.202406191623/tools/bin/../lib/gcc/arm-none-eabi/12.3.1/thumb/v7e-m+fp/hard\libgcc.a(_arm_truncdfsf2.o)
                0x08000578                __truncdfsf2
                0x08000578                __aeabi_d2f
 *(.text*)
 .text.HAL_GPIO_EXTI_Callback
                0x08000618       0x60 ./Core/Src/main.o
                0x08000618                HAL_GPIO_EXTI_Callback
 .text.main     0x08000678      0x124 ./Core/Src/main.o
                0x08000678                main
 .text.SystemClock_Config
                0x0800079c       0xa2 ./Core/Src/main.o
                0x0800079c                SystemClock_Config
 *fill*         0x0800083e        0x2 
 .text.MX_DAC1_Init
                0x08000840       0x84 ./Core/Src/main.o
 .text.MX_TIM2_Init
                0x080008c4       0x9c ./Core/Src/main.o
 .text.MX_GPIO_Init
                0x08000960       0xc8 ./Core/Src/main.o
 .text.Error_Handler
                0x08000a28        0xc ./Core/Src/main.o
                0x08000a28                Error_Handler
 .text.HAL_MspInit
                0x08000a34       0x48 ./Core/Src/stm32l4xx_hal_msp.o
                0x08000a34                HAL_MspInit
 .text.HAL_DAC_MspInit
                0x08000a7c       0x7c ./Core/Src/stm32l4xx_hal_msp.o
                0x08000a7c                HAL_DAC_MspInit
 .text.HAL_TIM_Base_MspInit
                0x08000af8       0x48 ./Core/Src/stm32l4xx_hal_msp.o
                0x08000af8                HAL_TIM_Base_MspInit
 .text.NMI_Handler
                0x08000b40        0x8 ./Core/Src/stm32l4xx_it.o
                0x08000b40                NMI_Handler
 .text.HardFault_Handler
                0x08000b48        0x8 ./Core/Src/stm32l4xx_it.o
                0x08000b48                HardFault_Handler
 .text.MemManage_Handler
                0x08000b50        0x8 ./Core/Src/stm32l4xx_it.o
                0x08000b50                MemManage_Handler
 .text.BusFault_Handler
                0x08000b58        0x8 ./Core/Src/stm32l4xx_it.o
                0x08000b58                BusFault_Handler
 .text.UsageFault_Handler
                0x08000b60        0x8 ./Core/Src/stm32l4xx_it.o
                0x08000b60                UsageFault_Handler
 .text.SVC_Handler
                0x08000b68        0xe ./Core/Src/stm32l4xx_it.o
                0x08000b68                SVC_Handler
 .text.DebugMon_Handler
                0x08000b76        0xe ./Core/Src/stm32l4xx_it.o
                0x08000b76                DebugMon_Handler
 .text.PendSV_Handler
                0x08000b84        0xe ./Core/Src/stm32l4xx_it.o
                0x08000b84                PendSV_Handler
 .text.SysTick_Handler
                0x08000b92        0xc ./Core/Src/stm32l4xx_it.o
                0x08000b92                SysTick_Handler
 *fill*         0x08000b9e        0x2 
 .text.TIM2_IRQHandler
                0x08000ba0       0x14 ./Core/Src/stm32l4xx_it.o
                0x08000ba0                TIM2_IRQHandler
 .text.EXTI15_10_IRQHandler
                0x08000bb4       0x10 ./Core/Src/stm32l4xx_it.o
                0x08000bb4                EXTI15_10_IRQHandler
 .text.SystemInit
                0x08000bc4       0x24 ./Core/Src/system_stm32l4xx.o
                0x08000bc4                SystemInit
 .text.Reset_Handler
                0x08000be8       0x50 ./Core/Startup/startup_stm32l4s5vitx.o
                0x08000be8                Reset_Handler
 .text.Default_Handler
                0x08000c38        0x2 ./Core/Startup/startup_stm32l4s5vitx.o
                0x08000c38                RTC_Alarm_IRQHandler
                0x08000c38                EXTI2_IRQHandler
                0x08000c38                TIM8_TRG_COM_IRQHandler
                0x08000c38                TIM8_CC_IRQHandler
                0x08000c38                TIM1_CC_IRQHandler
                0x08000c38                TSC_IRQHandler
                0x08000c38                TAMP_STAMP_IRQHandler
                0x08000c38                EXTI3_IRQHandler
                0x08000c38                LPTIM2_IRQHandler
                0x08000c38                DFSDM1_FLT1_IRQHandler
                0x08000c38                GFXMMU_IRQHandler
                0x08000c38                I2C3_ER_IRQHandler
                0x08000c38                DFSDM1_FLT2_IRQHandler
                0x08000c38                EXTI0_IRQHandler
                0x08000c38                I2C2_EV_IRQHandler
                0x08000c38                CAN1_RX0_IRQHandler
                0x08000c38                FPU_IRQHandler
                0x08000c38                TIM1_UP_TIM16_IRQHandler
                0x08000c38                LTDC_ER_IRQHandler
                0x08000c38                SPI1_IRQHandler
                0x08000c38                OCTOSPI1_IRQHandler
                0x08000c38                TIM6_DAC_IRQHandler
                0x08000c38                DCMI_IRQHandler
                0x08000c38                TIM8_UP_IRQHandler
                0x08000c38                OCTOSPI2_IRQHandler
                0x08000c38                DMA2_Channel2_IRQHandler
                0x08000c38                DMA1_Channel4_IRQHandler
                0x08000c38                SAI2_IRQHandler
                0x08000c38                ADC1_IRQHandler
                0x08000c38                DFSDM1_FLT3_IRQHandler
                0x08000c38                USART3_IRQHandler
                0x08000c38                DMA1_Channel7_IRQHandler
                0x08000c38                CAN1_RX1_IRQHandler
                0x08000c38                UART5_IRQHandler
                0x08000c38                TIM4_IRQHandler
                0x08000c38                DMA2_Channel1_IRQHandler
                0x08000c38                I2C1_EV_IRQHandler
                0x08000c38                DMAMUX1_OVR_IRQHandler
                0x08000c38                DMA1_Channel6_IRQHandler
                0x08000c38                UART4_IRQHandler
                0x08000c38                DMA2_Channel4_IRQHandler
                0x08000c38                TIM3_IRQHandler
                0x08000c38                RCC_IRQHandler
                0x08000c38                DMA1_Channel1_IRQHandler
                0x08000c38                Default_Handler
                0x08000c38                DMA2_Channel7_IRQHandler
                0x08000c38                TIM7_IRQHandler
                0x08000c38                SDMMC1_IRQHandler
                0x08000c38                TIM5_IRQHandler
                0x08000c38                I2C3_EV_IRQHandler
                0x08000c38                EXTI9_5_IRQHandler
                0x08000c38                RTC_WKUP_IRQHandler
                0x08000c38                LTDC_IRQHandler
                0x08000c38                PVD_PVM_IRQHandler
                0x08000c38                SPI2_IRQHandler
                0x08000c38                CAN1_TX_IRQHandler
                0x08000c38                DMA2_Channel5_IRQHandler
                0x08000c38                DMA1_Channel5_IRQHandler
                0x08000c38                EXTI4_IRQHandler
                0x08000c38                RNG_IRQHandler
                0x08000c38                TIM1_TRG_COM_TIM17_IRQHandler
                0x08000c38                DMA1_Channel3_IRQHandler
                0x08000c38                COMP_IRQHandler
                0x08000c38                HASH_CRS_IRQHandler
                0x08000c38                WWDG_IRQHandler
                0x08000c38                I2C4_EV_IRQHandler
                0x08000c38                LPUART1_IRQHandler
                0x08000c38                DMA2_Channel6_IRQHandler
                0x08000c38                DMA2D_IRQHandler
                0x08000c38                EXTI1_IRQHandler
                0x08000c38                AES_IRQHandler
                0x08000c38                USART2_IRQHandler
                0x08000c38                DFSDM1_FLT0_IRQHandler
                0x08000c38                I2C2_ER_IRQHandler
                0x08000c38                DMA1_Channel2_IRQHandler
                0x08000c38                TIM8_BRK_IRQHandler
                0x08000c38                CAN1_SCE_IRQHandler
                0x08000c38                FLASH_IRQHandler
                0x08000c38                USART1_IRQHandler
                0x08000c38                OTG_FS_IRQHandler
                0x08000c38                SPI3_IRQHandler
                0x08000c38                I2C1_ER_IRQHandler
                0x08000c38                FMC_IRQHandler
                0x08000c38                LPTIM1_IRQHandler
                0x08000c38                I2C4_ER_IRQHandler
                0x08000c38                SAI1_IRQHandler
                0x08000c38                DMA2_Channel3_IRQHandler
                0x08000c38                TIM1_BRK_TIM15_IRQHandler
 .text.HAL_Init
                0x08000c3a       0x30 ./Drivers/STM32L4xx_HAL_Driver/Src/stm32l4xx_hal.o
                0x08000c3a                HAL_Init
 *fill*         0x08000c6a        0x2 
 .text.HAL_InitTick
                0x08000c6c       0x78 ./Drivers/STM32L4xx_HAL_Driver/Src/stm32l4xx_hal.o
                0x08000c6c                HAL_InitTick
 .text.HAL_IncTick
                0x08000ce4       0x28 ./Drivers/STM32L4xx_HAL_Driver/Src/stm32l4xx_hal.o
                0x08000ce4                HAL_IncTick
 .text.HAL_GetTick
                0x08000d0c       0x18 ./Drivers/STM32L4xx_HAL_Driver/Src/stm32l4xx_hal.o
                0x08000d0c                HAL_GetTick
 .text.HAL_Delay
                0x08000d24       0x48 ./Drivers/STM32L4xx_HAL_Driver/Src/stm32l4xx_hal.o
                0x08000d24                HAL_Delay
 .text.__NVIC_SetPriorityGrouping
                0x08000d6c       0x48 ./Drivers/STM32L4xx_HAL_Driver/Src/stm32l4xx_hal_cortex.o
 .text.__NVIC_GetPriorityGrouping
                0x08000db4       0x1c ./Drivers/STM32L4xx_HAL_Driver/Src/stm32l4xx_hal_cortex.o
 .text.__NVIC_EnableIRQ
                0x08000dd0       0x3c ./Drivers/STM32L4xx_HAL_Driver/Src/stm32l4xx_hal_cortex.o
 .text.__NVIC_SetPriority
                0x08000e0c       0x54 ./Drivers/STM32L4xx_HAL_Driver/Src/stm32l4xx_hal_cortex.o
 .text.NVIC_EncodePriority
                0x08000e60       0x66 ./Drivers/STM32L4xx_HAL_Driver/Src/stm32l4xx_hal_cortex.o
 *fill*         0x08000ec6        0x2 
 .text.SysTick_Config
                0x08000ec8       0x44 ./Drivers/STM32L4xx_HAL_Driver/Src/stm32l4xx_hal_cortex.o
 .text.HAL_NVIC_SetPriorityGrouping
                0x08000f0c       0x16 ./Drivers/STM32L4xx_HAL_Driver/Src/stm32l4xx_hal_cortex.o
                0x08000f0c                HAL_NVIC_SetPriorityGrouping
 .text.HAL_NVIC_SetPriority
                0x08000f22       0x38 ./Drivers/STM32L4xx_HAL_Driver/Src/stm32l4xx_hal_cortex.o
                0x08000f22                HAL_NVIC_SetPriority
 .text.HAL_NVIC_EnableIRQ
                0x08000f5a       0x1c ./Drivers/STM32L4xx_HAL_Driver/Src/stm32l4xx_hal_cortex.o
                0x08000f5a                HAL_NVIC_EnableIRQ
 .text.HAL_SYSTICK_Config
                0x08000f76       0x18 ./Drivers/STM32L4xx_HAL_Driver/Src/stm32l4xx_hal_cortex.o
                0x08000f76                HAL_SYSTICK_Config
 .text.HAL_DAC_Init
                0x08000f8e       0x44 ./Drivers/STM32L4xx_HAL_Driver/Src/stm32l4xx_hal_dac.o
                0x08000f8e                HAL_DAC_Init
 .text.HAL_DAC_Start
                0x08000fd2       0xa4 ./Drivers/STM32L4xx_HAL_Driver/Src/stm32l4xx_hal_dac.o
                0x08000fd2                HAL_DAC_Start
 .text.HAL_DAC_SetValue
                0x08001076       0x4a ./Drivers/STM32L4xx_HAL_Driver/Src/stm32l4xx_hal_dac.o
                0x08001076                HAL_DAC_SetValue
 .text.HAL_DAC_ConfigChannel
                0x080010c0      0x298 ./Drivers/STM32L4xx_HAL_Driver/Src/stm32l4xx_hal_dac.o
                0x080010c0                HAL_DAC_ConfigChannel
 .text.HAL_GPIO_Init
                0x08001358      0x324 ./Drivers/STM32L4xx_HAL_Driver/Src/stm32l4xx_hal_gpio.o
                0x08001358                HAL_GPIO_Init
 .text.HAL_GPIO_WritePin
                0x0800167c       0x30 ./Drivers/STM32L4xx_HAL_Driver/Src/stm32l4xx_hal_gpio.o
                0x0800167c                HAL_GPIO_WritePin
 .text.HAL_GPIO_EXTI_IRQHandler
                0x080016ac       0x30 ./Drivers/STM32L4xx_HAL_Driver/Src/stm32l4xx_hal_gpio.o
                0x080016ac                HAL_GPIO_EXTI_IRQHandler
 .text.HAL_PWREx_GetVoltageRange
                0x080016dc       0x40 ./Drivers/STM32L4xx_HAL_Driver/Src/stm32l4xx_hal_pwr_ex.o
                0x080016dc                HAL_PWREx_GetVoltageRange
 .text.HAL_PWREx_ControlVoltageScaling
                0x0800171c      0x148 ./Drivers/STM32L4xx_HAL_Driver/Src/stm32l4xx_hal_pwr_ex.o
                0x0800171c                HAL_PWREx_ControlVoltageScaling
 .text.HAL_RCC_OscConfig
                0x08001864      0x834 ./Drivers/STM32L4xx_HAL_Driver/Src/stm32l4xx_hal_rcc.o
                0x08001864                HAL_RCC_OscConfig
 .text.HAL_RCC_ClockConfig
                0x08002098      0x274 ./Drivers/STM32L4xx_HAL_Driver/Src/stm32l4xx_hal_rcc.o
                0x08002098                HAL_RCC_ClockConfig
 .text.HAL_RCC_GetSysClockFreq
                0x0800230c      0x118 ./Drivers/STM32L4xx_HAL_Driver/Src/stm32l4xx_hal_rcc.o
                0x0800230c                HAL_RCC_GetSysClockFreq
 .text.HAL_RCC_GetHCLKFreq
                0x08002424       0x18 ./Drivers/STM32L4xx_HAL_Driver/Src/stm32l4xx_hal_rcc.o
                0x08002424                HAL_RCC_GetHCLKFreq
 .text.RCC_SetFlashLatencyFromMSIRange
                0x0800243c       0xb4 ./Drivers/STM32L4xx_HAL_Driver/Src/stm32l4xx_hal_rcc.o
 .text.RCC_GetSysClockFreqFromPLLSource
                0x080024f0       0xcc ./Drivers/STM32L4xx_HAL_Driver/Src/stm32l4xx_hal_rcc.o
 .text.HAL_TIM_Base_Init
                0x080025bc       0xae ./Drivers/STM32L4xx_HAL_Driver/Src/stm32l4xx_hal_tim.o
                0x080025bc                HAL_TIM_Base_Init
 .text.HAL_TIM_IRQHandler
                0x0800266a      0x20e ./Drivers/STM32L4xx_HAL_Driver/Src/stm32l4xx_hal_tim.o
                0x0800266a                HAL_TIM_IRQHandler
 .text.HAL_TIM_ConfigClockSource
                0x08002878      0x192 ./Drivers/STM32L4xx_HAL_Driver/Src/stm32l4xx_hal_tim.o
                0x08002878                HAL_TIM_ConfigClockSource
 .text.HAL_TIM_PeriodElapsedCallback
                0x08002a0a       0x14 ./Drivers/STM32L4xx_HAL_Driver/Src/stm32l4xx_hal_tim.o
                0x08002a0a                HAL_TIM_PeriodElapsedCallback
 .text.HAL_TIM_OC_DelayElapsedCallback
                0x08002a1e       0x14 ./Drivers/STM32L4xx_HAL_Driver/Src/stm32l4xx_hal_tim.o
                0x08002a1e                HAL_TIM_OC_DelayElapsedCallback
 .text.HAL_TIM_IC_CaptureCallback
                0x08002a32       0x14 ./Drivers/STM32L4xx_HAL_Driver/Src/stm32l4xx_hal_tim.o
                0x08002a32                HAL_TIM_IC_CaptureCallback
 .text.HAL_TIM_PWM_PulseFinishedCallback
                0x08002a46       0x14 ./Drivers/STM32L4xx_HAL_Driver/Src/stm32l4xx_hal_tim.o
                0x08002a46                HAL_TIM_PWM_PulseFinishedCallback
 .text.HAL_TIM_TriggerCallback
                0x08002a5a       0x14 ./Drivers/STM32L4xx_HAL_Driver/Src/stm32l4xx_hal_tim.o
                0x08002a5a                HAL_TIM_TriggerCallback
 *fill*         0x08002a6e        0x2 
 .text.TIM_Base_SetConfig
                0x08002a70      0x14c ./Drivers/STM32L4xx_HAL_Driver/Src/stm32l4xx_hal_tim.o
                0x08002a70                TIM_Base_SetConfig
 .text.TIM_TI1_ConfigInputStage
                0x08002bbc       0x5e ./Drivers/STM32L4xx_HAL_Driver/Src/stm32l4xx_hal_tim.o
 .text.TIM_TI2_ConfigInputStage
                0x08002c1a       0x60 ./Drivers/STM32L4xx_HAL_Driver/Src/stm32l4xx_hal_tim.o
 .text.TIM_ITRx_SetConfig
                0x08002c7a       0x36 ./Drivers/STM32L4xx_HAL_Driver/Src/stm32l4xx_hal_tim.o
 .text.TIM_ETR_SetConfig
                0x08002cb0       0x40 ./Drivers/STM32L4xx_HAL_Driver/Src/stm32l4xx_hal_tim.o
                0x08002cb0                TIM_ETR_SetConfig
 .text.HAL_TIMEx_MasterConfigSynchronization
                0x08002cf0      0x110 ./Drivers/STM32L4xx_HAL_Driver/Src/stm32l4xx_hal_tim_ex.o
                0x08002cf0                HAL_TIMEx_MasterConfigSynchronization
 .text.HAL_TIMEx_CommutCallback
                0x08002e00       0x14 ./Drivers/STM32L4xx_HAL_Driver/Src/stm32l4xx_hal_tim_ex.o
                0x08002e00                HAL_TIMEx_CommutCallback
 .text.HAL_TIMEx_BreakCallback
                0x08002e14       0x14 ./Drivers/STM32L4xx_HAL_Driver/Src/stm32l4xx_hal_tim_ex.o
                0x08002e14                HAL_TIMEx_BreakCallback
 .text.HAL_TIMEx_Break2Callback
                0x08002e28       0x14 ./Drivers/STM32L4xx_HAL_Driver/Src/stm32l4xx_hal_tim_ex.o
                0x08002e28                HAL_TIMEx_Break2Callback
 .text.arm_sin_f32
                0x08002e3c       0x8c C:\Users\Ali\STM32CubeIDE\workspace_1.16.0\lab3\Core\Lib\libarm_cortexM4lf_math.a(arm_sin_f32.o)
                0x08002e3c                arm_sin_f32
 .text.memset   0x08002ec8       0x10 C:/ST/STM32CubeIDE_1.16.0/STM32CubeIDE/plugins/com.st.stm32cube.ide.mcu.externaltools.gnu-tools-for-stm32.12.3.rel1.win32_1.0.200.202406191623/tools/bin/../lib/gcc/arm-none-eabi/12.3.1/../../../../arm-none-eabi/lib/thumb/v7e-m+fp/hard\libc_nano.a(libc_a-memset.o)
                0x08002ec8                memset
 .text.__libc_init_array
                0x08002ed8       0x48 C:/ST/STM32CubeIDE_1.16.0/STM32CubeIDE/plugins/com.st.stm32cube.ide.mcu.externaltools.gnu-tools-for-stm32.12.3.rel1.win32_1.0.200.202406191623/tools/bin/../lib/gcc/arm-none-eabi/12.3.1/../../../../arm-none-eabi/lib/thumb/v7e-m+fp/hard\libc_nano.a(libc_a-init.o)
                0x08002ed8                __libc_init_array
 *(.glue_7)
 .glue_7        0x08002f20        0x0 linker stubs
 *(.glue_7t)
 .glue_7t       0x08002f20        0x0 linker stubs
 *(.eh_frame)
 .eh_frame      0x08002f20        0x0 C:/ST/STM32CubeIDE_1.16.0/STM32CubeIDE/plugins/com.st.stm32cube.ide.mcu.externaltools.gnu-tools-for-stm32.12.3.rel1.win32_1.0.200.202406191623/tools/bin/../lib/gcc/arm-none-eabi/12.3.1/thumb/v7e-m+fp/hard/crtbegin.o
 *(.init)
 .init          0x08002f20        0x4 C:/ST/STM32CubeIDE_1.16.0/STM32CubeIDE/plugins/com.st.stm32cube.ide.mcu.externaltools.gnu-tools-for-stm32.12.3.rel1.win32_1.0.200.202406191623/tools/bin/../lib/gcc/arm-none-eabi/12.3.1/thumb/v7e-m+fp/hard/crti.o
                0x08002f20                _init
 .init          0x08002f24        0x8 C:/ST/STM32CubeIDE_1.16.0/STM32CubeIDE/plugins/com.st.stm32cube.ide.mcu.externaltools.gnu-tools-for-stm32.12.3.rel1.win32_1.0.200.202406191623/tools/bin/../lib/gcc/arm-none-eabi/12.3.1/thumb/v7e-m+fp/hard/crtn.o
 *(.fini)
 .fini          0x08002f2c        0x4 C:/ST/STM32CubeIDE_1.16.0/STM32CubeIDE/plugins/com.st.stm32cube.ide.mcu.externaltools.gnu-tools-for-stm32.12.3.rel1.win32_1.0.200.202406191623/tools/bin/../lib/gcc/arm-none-eabi/12.3.1/thumb/v7e-m+fp/hard/crti.o
                0x08002f2c                _fini
 .fini          0x08002f30        0x8 C:/ST/STM32CubeIDE_1.16.0/STM32CubeIDE/plugins/com.st.stm32cube.ide.mcu.externaltools.gnu-tools-for-stm32.12.3.rel1.win32_1.0.200.202406191623/tools/bin/../lib/gcc/arm-none-eabi/12.3.1/thumb/v7e-m+fp/hard/crtn.o
                0x08002f38                        . = ALIGN (0x4)
                0x08002f38                        _etext = .

.vfp11_veneer   0x08002f38        0x0
 .vfp11_veneer  0x08002f38        0x0 linker stubs

.v4_bx          0x08002f38        0x0
 .v4_bx         0x08002f38        0x0 linker stubs

.iplt           0x08002f38        0x0
 .iplt          0x08002f38        0x0 C:/ST/STM32CubeIDE_1.16.0/STM32CubeIDE/plugins/com.st.stm32cube.ide.mcu.externaltools.gnu-tools-for-stm32.12.3.rel1.win32_1.0.200.202406191623/tools/bin/../lib/gcc/arm-none-eabi/12.3.1/thumb/v7e-m+fp/hard/crtbegin.o

.rodata         0x08002f38      0x844
                0x08002f38                        . = ALIGN (0x4)
 *(.rodata)
 *(.rodata*)
 .rodata.AHBPrescTable
                0x08002f38       0x10 ./Core/Src/system_stm32l4xx.o
                0x08002f38                AHBPrescTable
 .rodata.MSIRangeTable
                0x08002f48       0x30 ./Core/Src/system_stm32l4xx.o
                0x08002f48                MSIRangeTable
 .rodata.sinTable_f32
                0x08002f78      0x804 C:\Users\Ali\STM32CubeIDE\workspace_1.16.0\lab3\Core\Lib\libarm_cortexM4lf_math.a(arm_common_tables.o)
                0x08002f78                sinTable_f32
                0x0800377c                        . = ALIGN (0x4)

.ARM.extab      0x0800377c        0x0
                0x0800377c                        . = ALIGN (0x4)
 *(.ARM.extab* .gnu.linkonce.armextab.*)
                0x0800377c                        . = ALIGN (0x4)

.ARM            0x0800377c        0x0
                0x0800377c                        . = ALIGN (0x4)
                0x0800377c                        __exidx_start = .
 *(.ARM.exidx*)
                0x0800377c                        __exidx_end = .
                0x0800377c                        . = ALIGN (0x4)

.preinit_array  0x0800377c        0x0
                0x0800377c                        . = ALIGN (0x4)
                0x0800377c                        PROVIDE (__preinit_array_start = .)
 *(.preinit_array*)
                0x0800377c                        PROVIDE (__preinit_array_end = .)
                0x0800377c                        . = ALIGN (0x4)

.init_array     0x0800377c        0x4
                0x0800377c                        . = ALIGN (0x4)
                0x0800377c                        PROVIDE (__init_array_start = .)
 *(SORT_BY_NAME(.init_array.*))
 *(.init_array*)
 .init_array    0x0800377c        0x4 C:/ST/STM32CubeIDE_1.16.0/STM32CubeIDE/plugins/com.st.stm32cube.ide.mcu.externaltools.gnu-tools-for-stm32.12.3.rel1.win32_1.0.200.202406191623/tools/bin/../lib/gcc/arm-none-eabi/12.3.1/thumb/v7e-m+fp/hard/crtbegin.o
                0x08003780                        PROVIDE (__init_array_end = .)
                0x08003780                        . = ALIGN (0x4)

.fini_array     0x08003780        0x4
                0x08003780                        . = ALIGN (0x4)
                [!provide]                        PROVIDE (__fini_array_start = .)
 *(SORT_BY_NAME(.fini_array.*))
 *(.fini_array*)
 .fini_array    0x08003780        0x4 C:/ST/STM32CubeIDE_1.16.0/STM32CubeIDE/plugins/com.st.stm32cube.ide.mcu.externaltools.gnu-tools-for-stm32.12.3.rel1.win32_1.0.200.202406191623/tools/bin/../lib/gcc/arm-none-eabi/12.3.1/thumb/v7e-m+fp/hard/crtbegin.o
                [!provide]                        PROVIDE (__fini_array_end = .)
                0x08003784                        . = ALIGN (0x4)
                0x08003784                        _sidata = LOADADDR (.data)

.rel.dyn        0x08003784        0x0
 .rel.iplt      0x08003784        0x0 C:/ST/STM32CubeIDE_1.16.0/STM32CubeIDE/plugins/com.st.stm32cube.ide.mcu.externaltools.gnu-tools-for-stm32.12.3.rel1.win32_1.0.200.202406191623/tools/bin/../lib/gcc/arm-none-eabi/12.3.1/thumb/v7e-m+fp/hard/crtbegin.o

.data           0x20000000        0xc load address 0x08003784
                0x20000000                        . = ALIGN (0x4)
                0x20000000                        _sdata = .
 *(.data)
 *(.data*)
 .data.SystemCoreClock
                0x20000000        0x4 ./Core/Src/system_stm32l4xx.o
                0x20000000                SystemCoreClock
 .data.uwTickPrio
                0x20000004        0x4 ./Drivers/STM32L4xx_HAL_Driver/Src/stm32l4xx_hal.o
                0x20000004                uwTickPrio
 .data.uwTickFreq
                0x20000008        0x1 ./Drivers/STM32L4xx_HAL_Driver/Src/stm32l4xx_hal.o
                0x20000008                uwTickFreq
 *(.RamFunc)
 *(.RamFunc*)
                0x2000000c                        . = ALIGN (0x4)
 *fill*         0x20000009        0x3 
                0x2000000c                        _edata = .

.igot.plt       0x2000000c        0x0 load address 0x08003790
 .igot.plt      0x2000000c        0x0 C:/ST/STM32CubeIDE_1.16.0/STM32CubeIDE/plugins/com.st.stm32cube.ide.mcu.externaltools.gnu-tools-for-stm32.12.3.rel1.win32_1.0.200.202406191623/tools/bin/../lib/gcc/arm-none-eabi/12.3.1/thumb/v7e-m+fp/hard/crtbegin.o
                0x2000000c                        . = ALIGN (0x4)

.bss            0x2000000c       0x84 load address 0x08003790
                0x2000000c                        _sbss = .
                0x2000000c                        __bss_start__ = _sbss
 *(.bss)
 .bss           0x2000000c       0x1c C:/ST/STM32CubeIDE_1.16.0/STM32CubeIDE/plugins/com.st.stm32cube.ide.mcu.externaltools.gnu-tools-for-stm32.12.3.rel1.win32_1.0.200.202406191623/tools/bin/../lib/gcc/arm-none-eabi/12.3.1/thumb/v7e-m+fp/hard/crtbegin.o
 *(.bss*)
 .bss.hdac1     0x20000028       0x14 ./Core/Src/main.o
                0x20000028                hdac1
 .bss.htim2     0x2000003c       0x4c ./Core/Src/main.o
                0x2000003c                htim2
 .bss.status    0x20000088        0x4 ./Core/Src/main.o
                0x20000088                status
 .bss.uwTick    0x2000008c        0x4 ./Drivers/STM32L4xx_HAL_Driver/Src/stm32l4xx_hal.o
                0x2000008c                uwTick
 *(COMMON)
                0x20000090                        . = ALIGN (0x4)
                0x20000090                        _ebss = .
                0x20000090                        __bss_end__ = _ebss

._user_heap_stack
                0x20000090      0x600 load address 0x08003790
                0x20000090                        . = ALIGN (0x8)
                [!provide]                        PROVIDE (end = .)
                0x20000090                        PROVIDE (_end = .)
                0x20000290                        . = (. + _Min_Heap_Size)
 *fill*         0x20000090      0x200 
                0x20000690                        . = (. + _Min_Stack_Size)
 *fill*         0x20000290      0x400 
                0x20000690                        . = ALIGN (0x8)

/DISCARD/
 libc.a(*)
 libm.a(*)
 libgcc.a(*)

.ARM.attributes
                0x00000000       0x30
 *(.ARM.attributes)
 .ARM.attributes
                0x00000000       0x22 C:/ST/STM32CubeIDE_1.16.0/STM32CubeIDE/plugins/com.st.stm32cube.ide.mcu.externaltools.gnu-tools-for-stm32.12.3.rel1.win32_1.0.200.202406191623/tools/bin/../lib/gcc/arm-none-eabi/12.3.1/thumb/v7e-m+fp/hard/crti.o
 .ARM.attributes
                0x00000022       0x34 C:/ST/STM32CubeIDE_1.16.0/STM32CubeIDE/plugins/com.st.stm32cube.ide.mcu.externaltools.gnu-tools-for-stm32.12.3.rel1.win32_1.0.200.202406191623/tools/bin/../lib/gcc/arm-none-eabi/12.3.1/thumb/v7e-m+fp/hard/crtbegin.o
 .ARM.attributes
                0x00000056       0x34 ./Core/Src/main.o
 .ARM.attributes
                0x0000008a       0x34 ./Core/Src/stm32l4xx_hal_msp.o
 .ARM.attributes
                0x000000be       0x34 ./Core/Src/stm32l4xx_it.o
 .ARM.attributes
                0x000000f2       0x34 ./Core/Src/system_stm32l4xx.o
 .ARM.attributes
                0x00000126       0x21 ./Core/Startup/startup_stm32l4s5vitx.o
 .ARM.attributes
                0x00000147       0x34 ./Drivers/STM32L4xx_HAL_Driver/Src/stm32l4xx_hal.o
 .ARM.attributes
                0x0000017b       0x34 ./Drivers/STM32L4xx_HAL_Driver/Src/stm32l4xx_hal_cortex.o
 .ARM.attributes
                0x000001af       0x34 ./Drivers/STM32L4xx_HAL_Driver/Src/stm32l4xx_hal_dac.o
 .ARM.attributes
                0x000001e3       0x34 ./Drivers/STM32L4xx_HAL_Driver/Src/stm32l4xx_hal_gpio.o
 .ARM.attributes
                0x00000217       0x34 ./Drivers/STM32L4xx_HAL_Driver/Src/stm32l4xx_hal_pwr_ex.o
 .ARM.attributes
                0x0000024b       0x34 ./Drivers/STM32L4xx_HAL_Driver/Src/stm32l4xx_hal_rcc.o
 .ARM.attributes
                0x0000027f       0x34 ./Drivers/STM32L4xx_HAL_Driver/Src/stm32l4xx_hal_tim.o
 .ARM.attributes
                0x000002b3       0x34 ./Drivers/STM32L4xx_HAL_Driver/Src/stm32l4xx_hal_tim_ex.o
 .ARM.attributes
                0x000002e7       0x34 C:\Users\Ali\STM32CubeIDE\workspace_1.16.0\lab3\Core\Lib\libarm_cortexM4lf_math.a(arm_sin_f32.o)
 .ARM.attributes
                0x0000031b       0x39 C:\Users\Ali\STM32CubeIDE\workspace_1.16.0\lab3\Core\Lib\libarm_cortexM4lf_math.a(arm_common_tables.o)
 .ARM.attributes
                0x00000354       0x34 C:/ST/STM32CubeIDE_1.16.0/STM32CubeIDE/plugins/com.st.stm32cube.ide.mcu.externaltools.gnu-tools-for-stm32.12.3.rel1.win32_1.0.200.202406191623/tools/bin/../lib/gcc/arm-none-eabi/12.3.1/../../../../arm-none-eabi/lib/thumb/v7e-m+fp/hard\libc_nano.a(libc_a-memset.o)
 .ARM.attributes
                0x00000388       0x34 C:/ST/STM32CubeIDE_1.16.0/STM32CubeIDE/plugins/com.st.stm32cube.ide.mcu.externaltools.gnu-tools-for-stm32.12.3.rel1.win32_1.0.200.202406191623/tools/bin/../lib/gcc/arm-none-eabi/12.3.1/../../../../arm-none-eabi/lib/thumb/v7e-m+fp/hard\libc_nano.a(libc_a-init.o)
 .ARM.attributes
                0x000003bc       0x22 C:/ST/STM32CubeIDE_1.16.0/STM32CubeIDE/plugins/com.st.stm32cube.ide.mcu.externaltools.gnu-tools-for-stm32.12.3.rel1.win32_1.0.200.202406191623/tools/bin/../lib/gcc/arm-none-eabi/12.3.1/thumb/v7e-m+fp/hard\libgcc.a(_arm_addsubdf3.o)
 .ARM.attributes
                0x000003de       0x22 C:/ST/STM32CubeIDE_1.16.0/STM32CubeIDE/plugins/com.st.stm32cube.ide.mcu.externaltools.gnu-tools-for-stm32.12.3.rel1.win32_1.0.200.202406191623/tools/bin/../lib/gcc/arm-none-eabi/12.3.1/thumb/v7e-m+fp/hard\libgcc.a(_arm_truncdfsf2.o)
 .ARM.attributes
                0x00000400       0x22 C:/ST/STM32CubeIDE_1.16.0/STM32CubeIDE/plugins/com.st.stm32cube.ide.mcu.externaltools.gnu-tools-for-stm32.12.3.rel1.win32_1.0.200.202406191623/tools/bin/../lib/gcc/arm-none-eabi/12.3.1/thumb/v7e-m+fp/hard/crtn.o
OUTPUT(lab3.elf elf32-littlearm)
LOAD linker stubs
LOAD C:/ST/STM32CubeIDE_1.16.0/STM32CubeIDE/plugins/com.st.stm32cube.ide.mcu.externaltools.gnu-tools-for-stm32.12.3.rel1.win32_1.0.200.202406191623/tools/bin/../lib/gcc/arm-none-eabi/12.3.1/../../../../arm-none-eabi/lib/thumb/v7e-m+fp/hard\libc.a
LOAD C:/ST/STM32CubeIDE_1.16.0/STM32CubeIDE/plugins/com.st.stm32cube.ide.mcu.externaltools.gnu-tools-for-stm32.12.3.rel1.win32_1.0.200.202406191623/tools/bin/../lib/gcc/arm-none-eabi/12.3.1/../../../../arm-none-eabi/lib/thumb/v7e-m+fp/hard\libm.a
LOAD C:/ST/STM32CubeIDE_1.16.0/STM32CubeIDE/plugins/com.st.stm32cube.ide.mcu.externaltools.gnu-tools-for-stm32.12.3.rel1.win32_1.0.200.202406191623/tools/bin/../lib/gcc/arm-none-eabi/12.3.1/thumb/v7e-m+fp/hard\libgcc.a

.debug_info     0x00000000     0xecea
 .debug_info    0x00000000     0x162b ./Core/Src/main.o
 .debug_info    0x0000162b     0x10ba ./Core/Src/stm32l4xx_hal_msp.o
 .debug_info    0x000026e5      0x868 ./Core/Src/stm32l4xx_it.o
 .debug_info    0x00002f4d      0x5e9 ./Core/Src/system_stm32l4xx.o
 .debug_info    0x00003536       0x30 ./Core/Startup/startup_stm32l4s5vitx.o
 .debug_info    0x00003566      0xb4f ./Drivers/STM32L4xx_HAL_Driver/Src/stm32l4xx_hal.o
 .debug_info    0x000040b5      0xd9f ./Drivers/STM32L4xx_HAL_Driver/Src/stm32l4xx_hal_cortex.o
 .debug_info    0x00004e54      0xbb9 ./Drivers/STM32L4xx_HAL_Driver/Src/stm32l4xx_hal_dac.o
 .debug_info    0x00005a0d      0x787 ./Drivers/STM32L4xx_HAL_Driver/Src/stm32l4xx_hal_gpio.o
 .debug_info    0x00006194      0xa0a ./Drivers/STM32L4xx_HAL_Driver/Src/stm32l4xx_hal_pwr_ex.o
 .debug_info    0x00006b9e      0xd32 ./Drivers/STM32L4xx_HAL_Driver/Src/stm32l4xx_hal_rcc.o
 .debug_info    0x000078d0     0x2bc0 ./Drivers/STM32L4xx_HAL_Driver/Src/stm32l4xx_hal_tim.o
 .debug_info    0x0000a490     0x17c4 ./Drivers/STM32L4xx_HAL_Driver/Src/stm32l4xx_hal_tim_ex.o
 .debug_info    0x0000bc54     0x1612 C:\Users\Ali\STM32CubeIDE\workspace_1.16.0\lab3\Core\Lib\libarm_cortexM4lf_math.a(arm_sin_f32.o)
 .debug_info    0x0000d266     0x1a84 C:\Users\Ali\STM32CubeIDE\workspace_1.16.0\lab3\Core\Lib\libarm_cortexM4lf_math.a(arm_common_tables.o)

.debug_abbrev   0x00000000     0x1e63
 .debug_abbrev  0x00000000      0x299 ./Core/Src/main.o
 .debug_abbrev  0x00000299      0x1bb ./Core/Src/stm32l4xx_hal_msp.o
 .debug_abbrev  0x00000454      0x191 ./Core/Src/stm32l4xx_it.o
 .debug_abbrev  0x000005e5      0x11a ./Core/Src/system_stm32l4xx.o
 .debug_abbrev  0x000006ff       0x24 ./Core/Startup/startup_stm32l4s5vitx.o
 .debug_abbrev  0x00000723      0x242 ./Drivers/STM32L4xx_HAL_Driver/Src/stm32l4xx_hal.o
 .debug_abbrev  0x00000965      0x31c ./Drivers/STM32L4xx_HAL_Driver/Src/stm32l4xx_hal_cortex.o
 .debug_abbrev  0x00000c81      0x218 ./Drivers/STM32L4xx_HAL_Driver/Src/stm32l4xx_hal_dac.o
 .debug_abbrev  0x00000e99      0x1cb ./Drivers/STM32L4xx_HAL_Driver/Src/stm32l4xx_hal_gpio.o
 .debug_abbrev  0x00001064      0x1f9 ./Drivers/STM32L4xx_HAL_Driver/Src/stm32l4xx_hal_pwr_ex.o
 .debug_abbrev  0x0000125d      0x306 ./Drivers/STM32L4xx_HAL_Driver/Src/stm32l4xx_hal_rcc.o
 .debug_abbrev  0x00001563      0x276 ./Drivers/STM32L4xx_HAL_Driver/Src/stm32l4xx_hal_tim.o
 .debug_abbrev  0x000017d9      0x281 ./Drivers/STM32L4xx_HAL_Driver/Src/stm32l4xx_hal_tim_ex.o
 .debug_abbrev  0x00001a5a      0x22c C:\Users\Ali\STM32CubeIDE\workspace_1.16.0\lab3\Core\Lib\libarm_cortexM4lf_math.a(arm_sin_f32.o)
 .debug_abbrev  0x00001c86      0x1dd C:\Users\Ali\STM32CubeIDE\workspace_1.16.0\lab3\Core\Lib\libarm_cortexM4lf_math.a(arm_common_tables.o)

.debug_aranges  0x00000000      0xc60
 .debug_aranges
                0x00000000       0x50 ./Core/Src/main.o
 .debug_aranges
                0x00000050       0x40 ./Core/Src/stm32l4xx_hal_msp.o
 .debug_aranges
                0x00000090       0x70 ./Core/Src/stm32l4xx_it.o
 .debug_aranges
                0x00000100       0x28 ./Core/Src/system_stm32l4xx.o
 .debug_aranges
                0x00000128       0x28 ./Core/Startup/startup_stm32l4s5vitx.o
 .debug_aranges
                0x00000150      0x130 ./Drivers/STM32L4xx_HAL_Driver/Src/stm32l4xx_hal.o
 .debug_aranges
                0x00000280      0x128 ./Drivers/STM32L4xx_HAL_Driver/Src/stm32l4xx_hal_cortex.o
 .debug_aranges
                0x000003a8       0xc0 ./Drivers/STM32L4xx_HAL_Driver/Src/stm32l4xx_hal_dac.o
 .debug_aranges
                0x00000468       0x58 ./Drivers/STM32L4xx_HAL_Driver/Src/stm32l4xx_hal_gpio.o
 .debug_aranges
                0x000004c0      0x170 ./Drivers/STM32L4xx_HAL_Driver/Src/stm32l4xx_hal_pwr_ex.o
 .debug_aranges
                0x00000630       0x98 ./Drivers/STM32L4xx_HAL_Driver/Src/stm32l4xx_hal_rcc.o
 .debug_aranges
                0x000006c8      0x3e0 ./Drivers/STM32L4xx_HAL_Driver/Src/stm32l4xx_hal_tim.o
 .debug_aranges
                0x00000aa8      0x180 ./Drivers/STM32L4xx_HAL_Driver/Src/stm32l4xx_hal_tim_ex.o
 .debug_aranges
                0x00000c28       0x20 C:\Users\Ali\STM32CubeIDE\workspace_1.16.0\lab3\Core\Lib\libarm_cortexM4lf_math.a(arm_sin_f32.o)
 .debug_aranges
                0x00000c48       0x18 C:\Users\Ali\STM32CubeIDE\workspace_1.16.0\lab3\Core\Lib\libarm_cortexM4lf_math.a(arm_common_tables.o)

.debug_rnglists
                0x00000000      0x95b
 .debug_rnglists
                0x00000000       0x3c ./Core/Src/main.o
 .debug_rnglists
                0x0000003c       0x2b ./Core/Src/stm32l4xx_hal_msp.o
 .debug_rnglists
                0x00000067       0x4f ./Core/Src/stm32l4xx_it.o
 .debug_rnglists
                0x000000b6       0x1a ./Core/Src/system_stm32l4xx.o
 .debug_rnglists
                0x000000d0       0x19 ./Core/Startup/startup_stm32l4s5vitx.o
 .debug_rnglists
                0x000000e9       0xdf ./Drivers/STM32L4xx_HAL_Driver/Src/stm32l4xx_hal.o
 .debug_rnglists
                0x000001c8       0xda ./Drivers/STM32L4xx_HAL_Driver/Src/stm32l4xx_hal_cortex.o
 .debug_rnglists
                0x000002a2       0x90 ./Drivers/STM32L4xx_HAL_Driver/Src/stm32l4xx_hal_dac.o
 .debug_rnglists
                0x00000332       0x3f ./Drivers/STM32L4xx_HAL_Driver/Src/stm32l4xx_hal_gpio.o
 .debug_rnglists
                0x00000371      0x115 ./Drivers/STM32L4xx_HAL_Driver/Src/stm32l4xx_hal_pwr_ex.o
 .debug_rnglists
                0x00000486       0x74 ./Drivers/STM32L4xx_HAL_Driver/Src/stm32l4xx_hal_rcc.o
 .debug_rnglists
                0x000004fa      0x328 ./Drivers/STM32L4xx_HAL_Driver/Src/stm32l4xx_hal_tim.o
 .debug_rnglists
                0x00000822      0x139 ./Drivers/STM32L4xx_HAL_Driver/Src/stm32l4xx_hal_tim_ex.o

.debug_macro    0x00000000    0x2a218
 .debug_macro   0x00000000      0x2da ./Core/Src/main.o
 .debug_macro   0x000002da      0xab4 ./Core/Src/main.o
 .debug_macro   0x00000d8e      0x1a7 ./Core/Src/main.o
 .debug_macro   0x00000f35       0x2e ./Core/Src/main.o
 .debug_macro   0x00000f63       0x28 ./Core/Src/main.o
 .debug_macro   0x00000f8b       0x22 ./Core/Src/main.o
 .debug_macro   0x00000fad       0x8e ./Core/Src/main.o
 .debug_macro   0x0000103b       0x51 ./Core/Src/main.o
 .debug_macro   0x0000108c      0x103 ./Core/Src/main.o
 .debug_macro   0x0000118f       0x6a ./Core/Src/main.o
 .debug_macro   0x000011f9      0x1df ./Core/Src/main.o
 .debug_macro   0x000013d8       0x1c ./Core/Src/main.o
 .debug_macro   0x000013f4       0x22 ./Core/Src/main.o
 .debug_macro   0x00001416       0xfb ./Core/Src/main.o
 .debug_macro   0x00001511     0x1011 ./Core/Src/main.o
 .debug_macro   0x00002522      0x11f ./Core/Src/main.o
 .debug_macro   0x00002641    0x1d292 ./Core/Src/main.o
 .debug_macro   0x0001f8d3       0x6d ./Core/Src/main.o
 .debug_macro   0x0001f940     0x3902 ./Core/Src/main.o
 .debug_macro   0x00023242      0x189 ./Core/Src/main.o
 .debug_macro   0x000233cb       0x5c ./Core/Src/main.o
 .debug_macro   0x00023427     0x1910 ./Core/Src/main.o
 .debug_macro   0x00024d37      0x7dc ./Core/Src/main.o
 .debug_macro   0x00025513      0x1b9 ./Core/Src/main.o
 .debug_macro   0x000256cc      0x225 ./Core/Src/main.o
 .debug_macro   0x000258f1      0x486 ./Core/Src/main.o
 .debug_macro   0x00025d77      0x1ce ./Core/Src/main.o
 .debug_macro   0x00025f45       0x43 ./Core/Src/main.o
 .debug_macro   0x00025f88      0x23d ./Core/Src/main.o
 .debug_macro   0x000261c5      0x184 ./Core/Src/main.o
 .debug_macro   0x00026349       0xdf ./Core/Src/main.o
 .debug_macro   0x00026428      0x241 ./Core/Src/main.o
 .debug_macro   0x00026669      0x416 ./Core/Src/main.o
 .debug_macro   0x00026a7f       0x1c ./Core/Src/main.o
 .debug_macro   0x00026a9b       0xf2 ./Core/Src/main.o
 .debug_macro   0x00026b8d      0x122 ./Core/Src/main.o
 .debug_macro   0x00026caf      0x3f6 ./Core/Src/main.o
 .debug_macro   0x000270a5      0xa98 ./Core/Src/main.o
 .debug_macro   0x00027b3d      0x196 ./Core/Src/main.o
 .debug_macro   0x00027cd3      0x432 ./Core/Src/main.o
 .debug_macro   0x00028105       0x61 ./Core/Src/main.o
 .debug_macro   0x00028166       0x2a ./Core/Src/main.o
 .debug_macro   0x00028190       0x43 ./Core/Src/main.o
 .debug_macro   0x000281d3       0x34 ./Core/Src/main.o
 .debug_macro   0x00028207       0x16 ./Core/Src/main.o
 .debug_macro   0x0002821d       0x43 ./Core/Src/main.o
 .debug_macro   0x00028260       0x34 ./Core/Src/main.o
 .debug_macro   0x00028294       0x10 ./Core/Src/main.o
 .debug_macro   0x000282a4       0x58 ./Core/Src/main.o
 .debug_macro   0x000282fc       0x8e ./Core/Src/main.o
 .debug_macro   0x0002838a       0x1c ./Core/Src/main.o
 .debug_macro   0x000283a6      0x177 ./Core/Src/main.o
 .debug_macro   0x0002851d      0x369 ./Core/Src/main.o
 .debug_macro   0x00028886       0x10 ./Core/Src/main.o
 .debug_macro   0x00028896       0x35 ./Core/Src/main.o
 .debug_macro   0x000288cb       0x20 ./Core/Src/main.o
 .debug_macro   0x000288eb      0x19b ./Core/Src/main.o
 .debug_macro   0x00028a86      0x201 ./Core/Src/main.o
 .debug_macro   0x00028c87       0xc8 ./Core/Src/main.o
 .debug_macro   0x00028d4f      0x1d8 ./Core/Src/stm32l4xx_hal_msp.o
 .debug_macro   0x00028f27      0x1e2 ./Core/Src/stm32l4xx_it.o
 .debug_macro   0x00029109      0x1ce ./Core/Src/system_stm32l4xx.o
 .debug_macro   0x000292d7      0x21c ./Drivers/STM32L4xx_HAL_Driver/Src/stm32l4xx_hal.o
 .debug_macro   0x000294f3      0x1ce ./Drivers/STM32L4xx_HAL_Driver/Src/stm32l4xx_hal_cortex.o
 .debug_macro   0x000296c1      0x1dd ./Drivers/STM32L4xx_HAL_Driver/Src/stm32l4xx_hal_dac.o
 .debug_macro   0x0002989e      0x1d5 ./Drivers/STM32L4xx_HAL_Driver/Src/stm32l4xx_hal_gpio.o
 .debug_macro   0x00029a73      0x1f8 ./Drivers/STM32L4xx_HAL_Driver/Src/stm32l4xx_hal_pwr_ex.o
 .debug_macro   0x00029c6b      0x210 ./Drivers/STM32L4xx_HAL_Driver/Src/stm32l4xx_hal_rcc.o
 .debug_macro   0x00029e7b      0x1cf ./Drivers/STM32L4xx_HAL_Driver/Src/stm32l4xx_hal_tim.o
 .debug_macro   0x0002a04a      0x1ce ./Drivers/STM32L4xx_HAL_Driver/Src/stm32l4xx_hal_tim_ex.o

.debug_line     0x00000000     0xd291
 .debug_line    0x00000000      0xad3 ./Core/Src/main.o
 .debug_line    0x00000ad3      0x7ea ./Core/Src/stm32l4xx_hal_msp.o
 .debug_line    0x000012bd      0x85a ./Core/Src/stm32l4xx_it.o
 .debug_line    0x00001b17      0x802 ./Core/Src/system_stm32l4xx.o
 .debug_line    0x00002319       0x7a ./Core/Startup/startup_stm32l4s5vitx.o
 .debug_line    0x00002393      0xb5d ./Drivers/STM32L4xx_HAL_Driver/Src/stm32l4xx_hal.o
 .debug_line    0x00002ef0      0xd26 ./Drivers/STM32L4xx_HAL_Driver/Src/stm32l4xx_hal_cortex.o
 .debug_line    0x00003c16      0xc63 ./Drivers/STM32L4xx_HAL_Driver/Src/stm32l4xx_hal_dac.o
 .debug_line    0x00004879      0xbd1 ./Drivers/STM32L4xx_HAL_Driver/Src/stm32l4xx_hal_gpio.o
 .debug_line    0x0000544a      0xdc4 ./Drivers/STM32L4xx_HAL_Driver/Src/stm32l4xx_hal_pwr_ex.o
 .debug_line    0x0000620e     0x10ae ./Drivers/STM32L4xx_HAL_Driver/Src/stm32l4xx_hal_rcc.o
 .debug_line    0x000072bc     0x3e6c ./Drivers/STM32L4xx_HAL_Driver/Src/stm32l4xx_hal_tim.o
 .debug_line    0x0000b128     0x1c56 ./Drivers/STM32L4xx_HAL_Driver/Src/stm32l4xx_hal_tim_ex.o
 .debug_line    0x0000cd7e      0x2d0 C:\Users\Ali\STM32CubeIDE\workspace_1.16.0\lab3\Core\Lib\libarm_cortexM4lf_math.a(arm_sin_f32.o)
 .debug_line    0x0000d04e      0x243 C:\Users\Ali\STM32CubeIDE\workspace_1.16.0\lab3\Core\Lib\libarm_cortexM4lf_math.a(arm_common_tables.o)

.debug_str      0x00000000   0x1066f3
 .debug_str     0x00000000   0x102dd9 ./Core/Src/main.o
                             0x1032f7 (size before relaxing)
 .debug_str     0x00102dd9       0xad ./Core/Src/stm32l4xx_hal_msp.o
                              0xfe945 (size before relaxing)
 .debug_str     0x00102e86      0x11a ./Core/Src/stm32l4xx_it.o
                              0xfe15e (size before relaxing)
 .debug_str     0x00102fa0       0xfc ./Core/Src/system_stm32l4xx.o
                              0xfdc93 (size before relaxing)
 .debug_str     0x0010309c       0x44 ./Core/Startup/startup_stm32l4s5vitx.o
                                 0x7a (size before relaxing)
 .debug_str     0x001030e0      0x638 ./Drivers/STM32L4xx_HAL_Driver/Src/stm32l4xx_hal.o
                              0xfe871 (size before relaxing)
 .debug_str     0x00103718      0x34b ./Drivers/STM32L4xx_HAL_Driver/Src/stm32l4xx_hal_cortex.o
                              0xfe532 (size before relaxing)
 .debug_str     0x00103a63      0x25a ./Drivers/STM32L4xx_HAL_Driver/Src/stm32l4xx_hal_dac.o
                              0xfe26a (size before relaxing)
 .debug_str     0x00103cbd       0xef ./Drivers/STM32L4xx_HAL_Driver/Src/stm32l4xx_hal_gpio.o
                              0xfde0d (size before relaxing)
 .debug_str     0x00103dac      0x57a ./Drivers/STM32L4xx_HAL_Driver/Src/stm32l4xx_hal_pwr_ex.o
                              0xfe266 (size before relaxing)
 .debug_str     0x00104326      0x3be ./Drivers/STM32L4xx_HAL_Driver/Src/stm32l4xx_hal_rcc.o
                              0xfe306 (size before relaxing)
 .debug_str     0x001046e4      0xe37 ./Drivers/STM32L4xx_HAL_Driver/Src/stm32l4xx_hal_tim.o
                              0xff0af (size before relaxing)
 .debug_str     0x0010551b      0x588 ./Drivers/STM32L4xx_HAL_Driver/Src/stm32l4xx_hal_tim_ex.o
                              0xfe9c3 (size before relaxing)
 .debug_str     0x00105aa3      0xc22 C:\Users\Ali\STM32CubeIDE\workspace_1.16.0\lab3\Core\Lib\libarm_cortexM4lf_math.a(arm_sin_f32.o)
                                0xd42 (size before relaxing)
 .debug_str     0x001066c5       0x2e C:\Users\Ali\STM32CubeIDE\workspace_1.16.0\lab3\Core\Lib\libarm_cortexM4lf_math.a(arm_common_tables.o)
                                0xd1d (size before relaxing)

.comment        0x00000000       0xb8
 .comment       0x00000000       0x43 ./Core/Src/main.o
                                 0x44 (size before relaxing)
 .comment       0x00000043       0x44 ./Core/Src/stm32l4xx_hal_msp.o
 .comment       0x00000043       0x44 ./Core/Src/stm32l4xx_it.o
 .comment       0x00000043       0x44 ./Core/Src/system_stm32l4xx.o
 .comment       0x00000043       0x44 ./Drivers/STM32L4xx_HAL_Driver/Src/stm32l4xx_hal.o
 .comment       0x00000043       0x44 ./Drivers/STM32L4xx_HAL_Driver/Src/stm32l4xx_hal_cortex.o
 .comment       0x00000043       0x44 ./Drivers/STM32L4xx_HAL_Driver/Src/stm32l4xx_hal_dac.o
 .comment       0x00000043       0x44 ./Drivers/STM32L4xx_HAL_Driver/Src/stm32l4xx_hal_gpio.o
 .comment       0x00000043       0x44 ./Drivers/STM32L4xx_HAL_Driver/Src/stm32l4xx_hal_pwr_ex.o
 .comment       0x00000043       0x44 ./Drivers/STM32L4xx_HAL_Driver/Src/stm32l4xx_hal_rcc.o
 .comment       0x00000043       0x44 ./Drivers/STM32L4xx_HAL_Driver/Src/stm32l4xx_hal_tim.o
 .comment       0x00000043       0x44 ./Drivers/STM32L4xx_HAL_Driver/Src/stm32l4xx_hal_tim_ex.o
 .comment       0x00000043       0x75 C:\Users\Ali\STM32CubeIDE\workspace_1.16.0\lab3\Core\Lib\libarm_cortexM4lf_math.a(arm_sin_f32.o)
                                 0x76 (size before relaxing)
 .comment       0x000000b8       0x76 C:\Users\Ali\STM32CubeIDE\workspace_1.16.0\lab3\Core\Lib\libarm_cortexM4lf_math.a(arm_common_tables.o)

.debug_frame    0x00000000     0x3370
 .debug_frame   0x00000000       0xfc ./Core/Src/main.o
 .debug_frame   0x000000fc       0xc8 ./Core/Src/stm32l4xx_hal_msp.o
 .debug_frame   0x000001c4      0x13c ./Core/Src/stm32l4xx_it.o
 .debug_frame   0x00000300       0x58 ./Core/Src/system_stm32l4xx.o
 .debug_frame   0x00000358      0x498 ./Drivers/STM32L4xx_HAL_Driver/Src/stm32l4xx_hal.o
 .debug_frame   0x000007f0      0x4e8 ./Drivers/STM32L4xx_HAL_Driver/Src/stm32l4xx_hal_cortex.o
 .debug_frame   0x00000cd8      0x338 ./Drivers/STM32L4xx_HAL_Driver/Src/stm32l4xx_hal_dac.o
 .debug_frame   0x00001010      0x14c ./Drivers/STM32L4xx_HAL_Driver/Src/stm32l4xx_hal_gpio.o
 .debug_frame   0x0000115c      0x5c4 ./Drivers/STM32L4xx_HAL_Driver/Src/stm32l4xx_hal_pwr_ex.o
 .debug_frame   0x00001720      0x248 ./Drivers/STM32L4xx_HAL_Driver/Src/stm32l4xx_hal_rcc.o
 .debug_frame   0x00001968     0x121c ./Drivers/STM32L4xx_HAL_Driver/Src/stm32l4xx_hal_tim.o
 .debug_frame   0x00002b84      0x6b0 ./Drivers/STM32L4xx_HAL_Driver/Src/stm32l4xx_hal_tim_ex.o
 .debug_frame   0x00003234       0x20 C:\Users\Ali\STM32CubeIDE\workspace_1.16.0\lab3\Core\Lib\libarm_cortexM4lf_math.a(arm_sin_f32.o)
 .debug_frame   0x00003254       0x20 C:/ST/STM32CubeIDE_1.16.0/STM32CubeIDE/plugins/com.st.stm32cube.ide.mcu.externaltools.gnu-tools-for-stm32.12.3.rel1.win32_1.0.200.202406191623/tools/bin/../lib/gcc/arm-none-eabi/12.3.1/../../../../arm-none-eabi/lib/thumb/v7e-m+fp/hard\libc_nano.a(libc_a-memset.o)
 .debug_frame   0x00003274       0x2c C:/ST/STM32CubeIDE_1.16.0/STM32CubeIDE/plugins/com.st.stm32cube.ide.mcu.externaltools.gnu-tools-for-stm32.12.3.rel1.win32_1.0.200.202406191623/tools/bin/../lib/gcc/arm-none-eabi/12.3.1/../../../../arm-none-eabi/lib/thumb/v7e-m+fp/hard\libc_nano.a(libc_a-init.o)
 .debug_frame   0x000032a0       0xac C:/ST/STM32CubeIDE_1.16.0/STM32CubeIDE/plugins/com.st.stm32cube.ide.mcu.externaltools.gnu-tools-for-stm32.12.3.rel1.win32_1.0.200.202406191623/tools/bin/../lib/gcc/arm-none-eabi/12.3.1/thumb/v7e-m+fp/hard\libgcc.a(_arm_addsubdf3.o)
 .debug_frame   0x0000334c       0x24 C:/ST/STM32CubeIDE_1.16.0/STM32CubeIDE/plugins/com.st.stm32cube.ide.mcu.externaltools.gnu-tools-for-stm32.12.3.rel1.win32_1.0.200.202406191623/tools/bin/../lib/gcc/arm-none-eabi/12.3.1/thumb/v7e-m+fp/hard\libgcc.a(_arm_truncdfsf2.o)

.debug_line_str
                0x00000000       0x5e
 .debug_line_str
                0x00000000       0x5e ./Core/Startup/startup_stm32l4s5vitx.o

.debug_loc      0x00000000       0xfa
 .debug_loc     0x00000000       0xfa C:\Users\Ali\STM32CubeIDE\workspace_1.16.0\lab3\Core\Lib\libarm_cortexM4lf_math.a(arm_sin_f32.o)

.debug_ranges   0x00000000       0x10
 .debug_ranges  0x00000000       0x10 C:\Users\Ali\STM32CubeIDE\workspace_1.16.0\lab3\Core\Lib\libarm_cortexM4lf_math.a(arm_sin_f32.o)
