Archive member included to satisfy reference by file (symbol)

C:\Users\Ali\STM32CubeIDE\workspace_1.16.0\Lab1\Core\Lib\libarm_cortexM4lf_math.a(arm_std_f32.o)
                              ./Core/Src/main.o (arm_std_f32)
C:\Users\Ali\STM32CubeIDE\workspace_1.16.0\Lab1\Core\Lib\libarm_cortexM4lf_math.a(arm_mean_f32.o)
                              ./Core/Src/main.o (arm_mean_f32)
C:\Users\Ali\STM32CubeIDE\workspace_1.16.0\Lab1\Core\Lib\libarm_cortexM4lf_math.a(arm_correlate_f32.o)
                              ./Core/Src/main.o (arm_correlate_f32)
C:\Users\Ali\STM32CubeIDE\workspace_1.16.0\Lab1\Core\Lib\libarm_cortexM4lf_math.a(arm_conv_f32.o)
                              ./Core/Src/main.o (arm_conv_f32)
C:\Users\Ali\STM32CubeIDE\workspace_1.16.0\Lab1\Core\Lib\libarm_cortexM4lf_math.a(arm_negate_f32.o)
                              ./Core/Src/kalman_cmsis.o (arm_negate_f32)
C:\Users\Ali\STM32CubeIDE\workspace_1.16.0\Lab1\Core\Lib\libarm_cortexM4lf_math.a(arm_mult_f32.o)
                              ./Core/Src/kalman_cmsis.o (arm_mult_f32)
C:\Users\Ali\STM32CubeIDE\workspace_1.16.0\Lab1\Core\Lib\libarm_cortexM4lf_math.a(arm_add_f32.o)
                              ./Core/Src/kalman_cmsis.o (arm_add_f32)
C:/ST/STM32CubeIDE_1.16.0/STM32CubeIDE/plugins/com.st.stm32cube.ide.mcu.externaltools.gnu-tools-for-stm32.12.3.rel1.win32_1.0.200.202406191623/tools/bin/../lib/gcc/arm-none-eabi/12.3.1/../../../../arm-none-eabi/lib/thumb/v7e-m+fp/hard\libc_nano.a(libc_a-exit.o)
                              C:/ST/STM32CubeIDE_1.16.0/STM32CubeIDE/plugins/com.st.stm32cube.ide.mcu.externaltools.gnu-tools-for-stm32.12.3.rel1.win32_1.0.200.202406191623/tools/bin/../lib/gcc/arm-none-eabi/12.3.1/../../../../arm-none-eabi/lib/thumb/v7e-m+fp/hard/crt0.o (exit)
C:/ST/STM32CubeIDE_1.16.0/STM32CubeIDE/plugins/com.st.stm32cube.ide.mcu.externaltools.gnu-tools-for-stm32.12.3.rel1.win32_1.0.200.202406191623/tools/bin/../lib/gcc/arm-none-eabi/12.3.1/../../../../arm-none-eabi/lib/thumb/v7e-m+fp/hard\libc_nano.a(libc_a-findfp.o)
                              C:/ST/STM32CubeIDE_1.16.0/STM32CubeIDE/plugins/com.st.stm32cube.ide.mcu.externaltools.gnu-tools-for-stm32.12.3.rel1.win32_1.0.200.202406191623/tools/bin/../lib/gcc/arm-none-eabi/12.3.1/../../../../arm-none-eabi/lib/thumb/v7e-m+fp/hard\libc_nano.a(libc_a-exit.o) (__stdio_exit_handler)
C:/ST/STM32CubeIDE_1.16.0/STM32CubeIDE/plugins/com.st.stm32cube.ide.mcu.externaltools.gnu-tools-for-stm32.12.3.rel1.win32_1.0.200.202406191623/tools/bin/../lib/gcc/arm-none-eabi/12.3.1/../../../../arm-none-eabi/lib/thumb/v7e-m+fp/hard\libc_nano.a(libc_a-fwalk.o)
                              C:/ST/STM32CubeIDE_1.16.0/STM32CubeIDE/plugins/com.st.stm32cube.ide.mcu.externaltools.gnu-tools-for-stm32.12.3.rel1.win32_1.0.200.202406191623/tools/bin/../lib/gcc/arm-none-eabi/12.3.1/../../../../arm-none-eabi/lib/thumb/v7e-m+fp/hard\libc_nano.a(libc_a-findfp.o) (_fwalk_sglue)
C:/ST/STM32CubeIDE_1.16.0/STM32CubeIDE/plugins/com.st.stm32cube.ide.mcu.externaltools.gnu-tools-for-stm32.12.3.rel1.win32_1.0.200.202406191623/tools/bin/../lib/gcc/arm-none-eabi/12.3.1/../../../../arm-none-eabi/lib/thumb/v7e-m+fp/hard\libc_nano.a(libc_a-stdio.o)
                              C:/ST/STM32CubeIDE_1.16.0/STM32CubeIDE/plugins/com.st.stm32cube.ide.mcu.externaltools.gnu-tools-for-stm32.12.3.rel1.win32_1.0.200.202406191623/tools/bin/../lib/gcc/arm-none-eabi/12.3.1/../../../../arm-none-eabi/lib/thumb/v7e-m+fp/hard\libc_nano.a(libc_a-findfp.o) (__sread)
C:/ST/STM32CubeIDE_1.16.0/STM32CubeIDE/plugins/com.st.stm32cube.ide.mcu.externaltools.gnu-tools-for-stm32.12.3.rel1.win32_1.0.200.202406191623/tools/bin/../lib/gcc/arm-none-eabi/12.3.1/../../../../arm-none-eabi/lib/thumb/v7e-m+fp/hard\libc_nano.a(libc_a-memset.o)
                              C:/ST/STM32CubeIDE_1.16.0/STM32CubeIDE/plugins/com.st.stm32cube.ide.mcu.externaltools.gnu-tools-for-stm32.12.3.rel1.win32_1.0.200.202406191623/tools/bin/../lib/gcc/arm-none-eabi/12.3.1/../../../../arm-none-eabi/lib/thumb/v7e-m+fp/hard/crt0.o (memset)
C:/ST/STM32CubeIDE_1.16.0/STM32CubeIDE/plugins/com.st.stm32cube.ide.mcu.externaltools.gnu-tools-for-stm32.12.3.rel1.win32_1.0.200.202406191623/tools/bin/../lib/gcc/arm-none-eabi/12.3.1/../../../../arm-none-eabi/lib/thumb/v7e-m+fp/hard\libc_nano.a(libc_a-closer.o)
                              C:/ST/STM32CubeIDE_1.16.0/STM32CubeIDE/plugins/com.st.stm32cube.ide.mcu.externaltools.gnu-tools-for-stm32.12.3.rel1.win32_1.0.200.202406191623/tools/bin/../lib/gcc/arm-none-eabi/12.3.1/../../../../arm-none-eabi/lib/thumb/v7e-m+fp/hard\libc_nano.a(libc_a-stdio.o) (_close_r)
C:/ST/STM32CubeIDE_1.16.0/STM32CubeIDE/plugins/com.st.stm32cube.ide.mcu.externaltools.gnu-tools-for-stm32.12.3.rel1.win32_1.0.200.202406191623/tools/bin/../lib/gcc/arm-none-eabi/12.3.1/../../../../arm-none-eabi/lib/thumb/v7e-m+fp/hard\libc_nano.a(libc_a-reent.o)
[...]
Memory Configuration

Name             Origin             Length             Attributes
RAM              0x20000000         0x000a0000         xrw
RAM2             0x10000000         0x00010000         xrw
RAM3             0x20040000         0x00060000         xrw
FLASH            0x08000000         0x00200000         xr
*default*        0x00000000         0xffffffff

Linker script and memory map

LOAD C:/ST/STM32CubeIDE_1.16.0/STM32CubeIDE/plugins/com.st.stm32cube.ide.mcu.externaltools.gnu-tools-for-stm32.12.3.rel1.win32_1.0.200.202406191623/tools/bin/../lib/gcc/arm-none-eabi/12.3.1/thumb/v7e-m+fp/hard/crti.o
LOAD C:/ST/STM32CubeIDE_1.16.0/STM32CubeIDE/plugins/com.st.stm32cube.ide.mcu.externaltools.gnu-tools-for-stm32.12.3.rel1.win32_1.0.200.202406191623/tools/bin/../lib/gcc/arm-none-eabi/12.3.1/thumb/v7e-m+fp/hard/crtbegin.o
LOAD C:/ST/STM32CubeIDE_1.16.0/STM32CubeIDE/plugins/com.st.stm32cube.ide.mcu.externaltools.gnu-tools-for-stm32.12.3.rel1.win32_1.0.200.202406191623/tools/bin/../lib/gcc/arm-none-eabi/12.3.1/../../../../arm-none-eabi/lib/thumb/v7e-m+fp/hard/crt0.o
LOAD ./Core/Src/func.o
LOAD ./Core/Src/kalman_assem.o
LOAD ./Core/Src/kalman_c.o
LOAD ./Core/Src/kalman_cmsis.o
LOAD ./Core/Src/main.o
LOAD ./Core/Src/stm32l4xx_hal_msp.o
LOAD ./Core/Src/stm32l4xx_it.o
LOAD ./Core/Src/syscalls.o
LOAD ./Core/Src/sysmem.o
LOAD ./Core/Src/system_stm32l4xx.o
LOAD ./Core/Startup/startup_stm32l4s5vitx.o
LOAD ./Drivers/STM32L4xx_HAL_Driver/Src/stm32l4xx_hal.o
LOAD ./Drivers/STM32L4xx_HAL_Driver/Src/stm32l4xx_hal_cortex.o
LOAD ./Drivers/STM32L4xx_HAL_Driver/Src/stm32l4xx_hal_dma.o
LOAD ./Drivers/STM32L4xx_HAL_Driver/Src/stm32l4xx_hal_dma_ex.o
LOAD ./Drivers/STM32L4xx_HAL_Driver/Src/stm32l4xx_hal_exti.o
LOAD ./Drivers/STM32L4xx_HAL_Driver/Src/stm32l4xx_hal_flash.o
LOAD ./Drivers/STM32L4xx_HAL_Driver/Src/stm32l4xx_hal_flash_ex.o
LOAD ./Drivers/STM32L4xx_HAL_Driver/Src/stm32l4xx_hal_flash_ramfunc.o
LOAD ./Drivers/STM32L4xx_HAL_Driver/Src/stm32l4xx_hal_gpio.o
LOAD ./Drivers/STM32L4xx_HAL_Driver/Src/stm32l4xx_hal_i2c.o
LOAD ./Drivers/STM32L4xx_HAL_Driver/Src/stm32l4xx_hal_i2c_ex.o
LOAD ./Drivers/STM32L4xx_HAL_Driver/Src/stm32l4xx_hal_pwr.o
LOAD ./Drivers/STM32L4xx_HAL_Driver/Src/stm32l4xx_hal_pwr_ex.o
LOAD ./Drivers/STM32L4xx_HAL_Driver/Src/stm32l4xx_hal_rcc.o
LOAD ./Drivers/STM32L4xx_HAL_Driver/Src/stm32l4xx_hal_rcc_ex.o
LOAD ./Drivers/STM32L4xx_HAL_Driver/Src/stm32l4xx_hal_tim.o
LOAD ./Drivers/STM32L4xx_HAL_Driver/Src/stm32l4xx_hal_tim_ex.o
LOAD C:\Users\Ali\STM32CubeIDE\workspace_1.16.0\Lab1\Core\Lib\libarm_cortexM4lf_math.a
START GROUP
LOAD C:/ST/STM32CubeIDE_1.16.0/STM32CubeIDE/plugins/com.st.stm32cube.ide.mcu.externaltools.gnu-tools-for-stm32.12.3.rel1.win32_1.0.200.202406191623/tools/bin/../lib/gcc/arm-none-eabi/12.3.1/../../../../arm-none-eabi/lib/thumb/v7e-m+fp/hard\libc_nano.a
LOAD C:/ST/STM32CubeIDE_1.16.0/STM32CubeIDE/plugins/com.st.stm32cube.ide.mcu.externaltools.gnu-tools-for-stm32.12.3.rel1.win32_1.0.200.202406191623/tools/bin/../lib/gcc/arm-none-eabi/12.3.1/../../../../arm-none-eabi/lib/thumb/v7e-m+fp/hard\libm.a
END GROUP
START GROUP
LOAD C:/ST/STM32CubeIDE_1.16.0/STM32CubeIDE/plugins/com.st.stm32cube.ide.mcu.externaltools.gnu-tools-for-stm32.12.3.rel1.win32_1.0.200.202406191623/tools/bin/../lib/gcc/arm-none-eabi/12.3.1/thumb/v7e-m+fp/hard\libgcc.a
LOAD C:/ST/STM32CubeIDE_1.16.0/STM32CubeIDE/plugins/com.st.stm32cube.ide.mcu.externaltools.gnu-tools-for-stm32.12.3.rel1.win32_1.0.200.202406191623/tools/bin/../lib/gcc/arm-none-eabi/12.3.1/../../../../arm-none-eabi/lib/thumb/v7e-m+fp/hard\libc_nano.a
END GROUP
START GROUP
LOAD C:/ST/STM32CubeIDE_1.16.0/STM32CubeIDE/plugins/com.st.stm32cube.ide.mcu.externaltools.gnu-tools-for-stm32.12.3.rel1.win32_1.0.200.202406191623/tools/bin/../lib/gcc/arm-none-eabi/12.3.1/thumb/v7e-m+fp/hard\libgcc.a
LOAD C:/ST/STM32CubeIDE_1.16.0/STM32CubeIDE/plugins/com.st.stm32cube.ide.mcu.externaltools.gnu-tools-for-stm32.12.3.rel1.win32_1.0.200.202406191623/tools/bin/../lib/gcc/arm-none-eabi/12.3.1/../../../../arm-none-eabi/lib/thumb/v7e-m+fp/hard\libc_nano.a
LOAD C:/ST/STM32CubeIDE_1.16.0/STM32CubeIDE/plugins/com.st.stm32cube.ide.mcu.externaltools.gnu-tools-for-stm32.12.3.rel1.win32_1.0.200.202406191623/tools/bin/../lib/gcc/arm-none-eabi/12.3.1/../../../../arm-none-eabi/lib/thumb/v7e-m+fp/hard\libnosys.a
END GROUP
START GROUP
LOAD C:/ST/STM32CubeIDE_1.16.0/STM32CubeIDE/plugins/com.st.stm32cube.ide.mcu.externaltools.gnu-tools-for-stm32.12.3.rel1.win32_1.0.200.202406191623/tools/bin/../lib/gcc/arm-none-eabi/12.3.1/thumb/v7e-m+fp/hard\libgcc.a
LOAD C:/ST/STM32CubeIDE_1.16.0/STM32CubeIDE/plugins/com.st.stm32cube.ide.mcu.externaltools.gnu-tools-for-stm32.12.3.rel1.win32_1.0.200.202406191623/tools/bin/../lib/gcc/arm-none-eabi/12.3.1/../../../../arm-none-eabi/lib/thumb/v7e-m+fp/hard\libc_nano.a
LOAD C:/ST/STM32CubeIDE_1.16.0/STM32CubeIDE/plugins/com.st.stm32cube.ide.mcu.externaltools.gnu-tools-for-stm32.12.3.rel1.win32_1.0.200.202406191623/tools/bin/../lib/gcc/arm-none-eabi/12.3.1/../../../../arm-none-eabi/lib/thumb/v7e-m+fp/hard\libnosys.a
END GROUP
LOAD C:/ST/STM32CubeIDE_1.16.0/STM32CubeIDE/plugins/com.st.stm32cube.ide.mcu.externaltools.gnu-tools-for-stm32.12.3.rel1.win32_1.0.200.202406191623/tools/bin/../lib/gcc/arm-none-eabi/12.3.1/thumb/v7e-m+fp/hard/crtend.o
LOAD C:/ST/STM32CubeIDE_1.16.0/STM32CubeIDE/plugins/com.st.stm32cube.ide.mcu.externaltools.gnu-tools-for-stm32.12.3.rel1.win32_1.0.200.202406191623/tools/bin/../lib/gcc/arm-none-eabi/12.3.1/thumb/v7e-m+fp/hard/crtn.o
                0x200a0000                        _estack = (ORIGIN (RAM) + LENGTH (RAM))
                0x00000200                        _Min_Heap_Size = 0x200
                0x00000400                        _Min_Stack_Size = 0x400

.isr_vector     0x08000000      0x1bc
                0x08000000                        . = ALIGN (0x4)
 *(.isr_vector)
 .isr_vector    0x08000000      0x1bc ./Core/Startup/startup_stm32l4s5vitx.o
                0x08000000                g_pfnVectors
                0x080001bc                        . = ALIGN (0x4)

.text           0x08010000    0x14668
                0x08010000                        . = ALIGN (0x4)
 *(.text)
 .text          0x08010000       0x40 C:/ST/STM32CubeIDE_1.16.0/STM32CubeIDE/plugins/com.st.stm32cube.ide.mcu.externaltools.gnu-tools-for-stm32.12.3.rel1.win32_1.0.200.202406191623/tools/bin/../lib/gcc/arm-none-eabi/12.3.1/thumb/v7e-m+fp/hard/crtbegin.o
 *fill*         0x08010040     0xffc0 
 .text          0x08020000       0x94 ./Core/Src/kalman_assem.o
                0x08020000                kalman_assem
 .text          0x08020094      0x378 C:/ST/STM32CubeIDE_1.16.0/STM32CubeIDE/plugins/com.st.stm32cube.ide.mcu.externaltools.gnu-tools-for-stm32.12.3.rel1.win32_1.0.200.202406191623/tools/bin/../lib/gcc/arm-none-eabi/12.3.1/thumb/v7e-m+fp/hard\libgcc.a(_arm_addsubdf3.o)
                0x08020094                __aeabi_drsub
                0x0802009c                __aeabi_dsub
                0x0802009c                __subdf3
                0x080200a0                __aeabi_dadd
                0x080200a0                __adddf3
                0x08020318                __floatunsidf
                0x08020318                __aeabi_ui2d
                0x08020338                __floatsidf
                0x08020338                __aeabi_i2d
                0x0802035c                __aeabi_f2d
                0x0802035c                __extendsfdf2
                0x080203a0                __floatundidf
                0x080203a0                __aeabi_ul2d
                0x080203b0                __floatdidf
                0x080203b0                __aeabi_l2d
 .text          0x0802040c      0x424 C:/ST/STM32CubeIDE_1.16.0/STM32CubeIDE/plugins/com.st.stm32cube.ide.mcu.externaltools.gnu-tools-for-stm32.12.3.rel1.win32_1.0.200.202406191623/tools/bin/../lib/gcc/arm-none-eabi/12.3.1/thumb/v7e-m+fp/hard\libgcc.a(_arm_muldivdf3.o)
                0x0802040c                __aeabi_dmul
                0x0802040c                __muldf3
                0x08020660                __divdf3
                0x08020660                __aeabi_ddiv
 .text          0x08020830      0x110 C:/ST/STM32CubeIDE_1.16.0/STM32CubeIDE/plugins/com.st.stm32cube.ide.mcu.externaltools.gnu-tools-for-stm32.12.3.rel1.win32_1.0.200.202406191623/tools/bin/../lib/gcc/arm-none-eabi/12.3.1/thumb/v7e-m+fp/hard\libgcc.a(_arm_cmpdf2.o)
                0x08020830                __gtdf2
                0x08020830                __gedf2
                0x08020838                __ltdf2
                0x08020838                __ledf2
                0x08020840                __nedf2
                0x08020840                __eqdf2
                0x08020840                __cmpdf2
                0x080208bc                __aeabi_cdrcmple
                0x080208cc                __aeabi_cdcmpeq
                0x080208cc                __aeabi_cdcmple
                0x080208dc                __aeabi_dcmpeq
                0x080208f0                __aeabi_dcmplt
                0x08020904                __aeabi_dcmple
                0x08020918                __aeabi_dcmpge
                0x0802092c                __aeabi_dcmpgt
 .text          0x08020940       0x2c C:/ST/STM32CubeIDE_1.16.0/STM32CubeIDE/plugins/com.st.stm32cube.ide.mcu.externaltools.gnu-tools-for-stm32.12.3.rel1.win32_1.0.200.202406191623/tools/bin/../lib/gcc/arm-none-eabi/12.3.1/thumb/v7e-m+fp/hard\libgcc.a(_arm_unorddf2.o)
                0x08020940                __unorddf2
                0x08020940                __aeabi_dcmpun
 .text          0x0802096c       0xa0 C:/ST/STM32CubeIDE_1.16.0/STM32CubeIDE/plugins/com.st.stm32cube.ide.mcu.externaltools.gnu-tools-for-stm32.12.3.rel1.win32_1.0.200.202406191623/tools/bin/../lib/gcc/arm-none-eabi/12.3.1/thumb/v7e-m+fp/hard\libgcc.a(_arm_truncdfsf2.o)
                0x0802096c                __truncdfsf2
                0x0802096c                __aeabi_d2f
 *(.text*)
 .text.Kalmanfilter
                0x08020a0c      0x158 ./Core/Src/kalman_c.o
                0x08020a0c                Kalmanfilter
 .text.KalmanfilterCMSIS
                0x08020b64      0x1c4 ./Core/Src/kalman_cmsis.o
                0x08020b64                KalmanfilterCMSIS
 .text.main     0x08020d28      0x798 ./Core/Src/main.o
                0x08020d28                main
 .text.SystemClock_Config
                0x080214c0       0xa2 ./Core/Src/main.o
                0x080214c0                SystemClock_Config
 *fill*         0x08021562        0x2 
 .text.MX_GPIO_Init
                0x08021564       0x48 ./Core/Src/main.o
 .text.Error_Handler
                0x080215ac        0xc ./Core/Src/main.o
                0x080215ac                Error_Handler
 .text.HAL_MspInit
                0x080215b8       0x48 ./Core/Src/stm32l4xx_hal_msp.o
                0x080215b8                HAL_MspInit
 .text.NMI_Handler
                0x08021600        0x8 ./Core/Src/stm32l4xx_it.o
                0x08021600                NMI_Handler
 .text.HardFault_Handler
                0x08021608        0x8 ./Core/Src/stm32l4xx_it.o
                0x08021608                HardFault_Handler
 .text.MemManage_Handler
                0x08021610        0x8 ./Core/Src/stm32l4xx_it.o
                0x08021610                MemManage_Handler
 .text.BusFault_Handler
                0x08021618        0x8 ./Core/Src/stm32l4xx_it.o
                0x08021618                BusFault_Handler
 .text.UsageFault_Handler
                0x08021620        0x8 ./Core/Src/stm32l4xx_it.o
                0x08021620                UsageFault_Handler
 .text.SVC_Handler
                0x08021628        0xe ./Core/Src/stm32l4xx_it.o
                0x08021628                SVC_Handler
 .text.DebugMon_Handler
                0x08021636        0xe ./Core/Src/stm32l4xx_it.o
                0x08021636                DebugMon_Handler
 .text.PendSV_Handler
                0x08021644        0xe ./Core/Src/stm32l4xx_it.o
                0x08021644                PendSV_Handler
 .text.SysTick_Handler
                0x08021652        0xc ./Core/Src/stm32l4xx_it.o
                0x08021652                SysTick_Handler
 *fill*         0x0802165e        0x2 
 .text.SystemInit
                0x08021660       0x24 ./Core/Src/system_stm32l4xx.o
                0x08021660                SystemInit
 .text.Reset_Handler
                0x08021684       0x50 ./Core/Startup/startup_stm32l4s5vitx.o
                0x08021684                Reset_Handler
 .text.Default_Handler
                0x080216d4        0x2 ./Core/Startup/startup_stm32l4s5vitx.o
                0x080216d4                RTC_Alarm_IRQHandler
                0x080216d4                EXTI2_IRQHandler
                0x080216d4                TIM8_TRG_COM_IRQHandler
                0x080216d4                TIM8_CC_IRQHandler
                0x080216d4                TIM1_CC_IRQHandler
                0x080216d4                TSC_IRQHandler
                0x080216d4                TAMP_STAMP_IRQHandler
                0x080216d4                EXTI3_IRQHandler
                0x080216d4                LPTIM2_IRQHandler
                0x080216d4                DFSDM1_FLT1_IRQHandler
                0x080216d4                GFXMMU_IRQHandler
                0x080216d4                I2C3_ER_IRQHandler
                0x080216d4                DFSDM1_FLT2_IRQHandler
                0x080216d4                EXTI0_IRQHandler
                0x080216d4                I2C2_EV_IRQHandler
                0x080216d4                CAN1_RX0_IRQHandler
                0x080216d4                FPU_IRQHandler
                0x080216d4                TIM1_UP_TIM16_IRQHandler
                0x080216d4                LTDC_ER_IRQHandler
                0x080216d4                SPI1_IRQHandler
                0x080216d4                OCTOSPI1_IRQHandler
                0x080216d4                TIM6_DAC_IRQHandler
                0x080216d4                DCMI_IRQHandler
                0x080216d4                TIM8_UP_IRQHandler
                0x080216d4                OCTOSPI2_IRQHandler
                0x080216d4                DMA2_Channel2_IRQHandler
                0x080216d4                DMA1_Channel4_IRQHandler
                0x080216d4                SAI2_IRQHandler
                0x080216d4                ADC1_IRQHandler
                0x080216d4                DFSDM1_FLT3_IRQHandler
                0x080216d4                USART3_IRQHandler
                0x080216d4                DMA1_Channel7_IRQHandler
                0x080216d4                CAN1_RX1_IRQHandler
                0x080216d4                UART5_IRQHandler
                0x080216d4                TIM4_IRQHandler
                0x080216d4                DMA2_Channel1_IRQHandler
                0x080216d4                I2C1_EV_IRQHandler
                0x080216d4                DMAMUX1_OVR_IRQHandler
                0x080216d4                DMA1_Channel6_IRQHandler
                0x080216d4                UART4_IRQHandler
                0x080216d4                DMA2_Channel4_IRQHandler
                0x080216d4                TIM3_IRQHandler
                0x080216d4                RCC_IRQHandler
                0x080216d4                DMA1_Channel1_IRQHandler
                0x080216d4                Default_Handler
                0x080216d4                DMA2_Channel7_IRQHandler
                0x080216d4                EXTI15_10_IRQHandler
                0x080216d4                TIM7_IRQHandler
                0x080216d4                SDMMC1_IRQHandler
                0x080216d4                TIM5_IRQHandler
                0x080216d4                I2C3_EV_IRQHandler
                0x080216d4                EXTI9_5_IRQHandler
                0x080216d4                RTC_WKUP_IRQHandler
                0x080216d4                LTDC_IRQHandler
                0x080216d4                PVD_PVM_IRQHandler
                0x080216d4                SPI2_IRQHandler
                0x080216d4                CAN1_TX_IRQHandler
                0x080216d4                DMA2_Channel5_IRQHandler
                0x080216d4                DMA1_Channel5_IRQHandler
                0x080216d4                EXTI4_IRQHandler
                0x080216d4                RNG_IRQHandler
                0x080216d4                TIM1_TRG_COM_TIM17_IRQHandler
                0x080216d4                DMA1_Channel3_IRQHandler
                0x080216d4                COMP_IRQHandler
                0x080216d4                HASH_CRS_IRQHandler
                0x080216d4                WWDG_IRQHandler
                0x080216d4                I2C4_EV_IRQHandler
                0x080216d4                LPUART1_IRQHandler
                0x080216d4                DMA2_Channel6_IRQHandler
                0x080216d4                TIM2_IRQHandler
                0x080216d4                DMA2D_IRQHandler
                0x080216d4                EXTI1_IRQHandler
                0x080216d4                AES_IRQHandler
                0x080216d4                USART2_IRQHandler
                0x080216d4                DFSDM1_FLT0_IRQHandler
                0x080216d4                I2C2_ER_IRQHandler
                0x080216d4                DMA1_Channel2_IRQHandler
                0x080216d4                TIM8_BRK_IRQHandler
                0x080216d4                CAN1_SCE_IRQHandler
                0x080216d4                FLASH_IRQHandler
                0x080216d4                USART1_IRQHandler
                0x080216d4                OTG_FS_IRQHandler
                0x080216d4                SPI3_IRQHandler
                0x080216d4                I2C1_ER_IRQHandler
                0x080216d4                FMC_IRQHandler
                0x080216d4                LPTIM1_IRQHandler
                0x080216d4                I2C4_ER_IRQHandler
                0x080216d4                SAI1_IRQHandler
                0x080216d4                DMA2_Channel3_IRQHandler
                0x080216d4                TIM1_BRK_TIM15_IRQHandler
 .text.HAL_Init
                0x080216d6       0x30 ./Drivers/STM32L4xx_HAL_Driver/Src/stm32l4xx_hal.o
                0x080216d6                HAL_Init
 *fill*         0x08021706        0x2 
 .text.HAL_InitTick
                0x08021708       0x78 ./Drivers/STM32L4xx_HAL_Driver/Src/stm32l4xx_hal.o
                0x08021708                HAL_InitTick
 .text.HAL_IncTick
                0x08021780       0x28 ./Drivers/STM32L4xx_HAL_Driver/Src/stm32l4xx_hal.o
                0x08021780                HAL_IncTick
 .text.HAL_GetTick
                0x080217a8       0x18 ./Drivers/STM32L4xx_HAL_Driver/Src/stm32l4xx_hal.o
                0x080217a8                HAL_GetTick
 .text.__NVIC_SetPriorityGrouping
                0x080217c0       0x48 ./Drivers/STM32L4xx_HAL_Driver/Src/stm32l4xx_hal_cortex.o
 .text.__NVIC_GetPriorityGrouping
                0x08021808       0x1c ./Drivers/STM32L4xx_HAL_Driver/Src/stm32l4xx_hal_cortex.o
 .text.__NVIC_SetPriority
                0x08021824       0x54 ./Drivers/STM32L4xx_HAL_Driver/Src/stm32l4xx_hal_cortex.o
 .text.NVIC_EncodePriority
                0x08021878       0x66 ./Drivers/STM32L4xx_HAL_Driver/Src/stm32l4xx_hal_cortex.o
 *fill*         0x080218de        0x2 
 .text.SysTick_Config
                0x080218e0       0x44 ./Drivers/STM32L4xx_HAL_Driver/Src/stm32l4xx_hal_cortex.o
 .text.HAL_NVIC_SetPriorityGrouping
                0x08021924       0x16 ./Drivers/STM32L4xx_HAL_Driver/Src/stm32l4xx_hal_cortex.o
                0x08021924                HAL_NVIC_SetPriorityGrouping
 .text.HAL_NVIC_SetPriority
                0x0802193a       0x38 ./Drivers/STM32L4xx_HAL_Driver/Src/stm32l4xx_hal_cortex.o
                0x0802193a                HAL_NVIC_SetPriority
 .text.HAL_SYSTICK_Config
                0x08021972       0x18 ./Drivers/STM32L4xx_HAL_Driver/Src/stm32l4xx_hal_cortex.o
                0x08021972                HAL_SYSTICK_Config
 *fill*         0x0802198a        0x2 
 .text.HAL_PWREx_GetVoltageRange
                0x0802198c       0x40 ./Drivers/STM32L4xx_HAL_Driver/Src/stm32l4xx_hal_pwr_ex.o
                0x0802198c                HAL_PWREx_GetVoltageRange
 .text.HAL_PWREx_ControlVoltageScaling
                0x080219cc      0x148 ./Drivers/STM32L4xx_HAL_Driver/Src/stm32l4xx_hal_pwr_ex.o
                0x080219cc                HAL_PWREx_ControlVoltageScaling
 .text.HAL_RCC_OscConfig
                0x08021b14      0x834 ./Drivers/STM32L4xx_HAL_Driver/Src/stm32l4xx_hal_rcc.o
                0x08021b14                HAL_RCC_OscConfig
 .text.HAL_RCC_ClockConfig
                0x08022348      0x274 ./Drivers/STM32L4xx_HAL_Driver/Src/stm32l4xx_hal_rcc.o
                0x08022348                HAL_RCC_ClockConfig
 .text.HAL_RCC_GetSysClockFreq
                0x080225bc      0x118 ./Drivers/STM32L4xx_HAL_Driver/Src/stm32l4xx_hal_rcc.o
                0x080225bc                HAL_RCC_GetSysClockFreq
 .text.RCC_SetFlashLatencyFromMSIRange
                0x080226d4       0xb4 ./Drivers/STM32L4xx_HAL_Driver/Src/stm32l4xx_hal_rcc.o
 .text.RCC_GetSysClockFreqFromPLLSource
                0x08022788       0xcc ./Drivers/STM32L4xx_HAL_Driver/Src/stm32l4xx_hal_rcc.o
 .text.arm_std_f32
                0x08022854      0x114 C:\Users\Ali\STM32CubeIDE\workspace_1.16.0\Lab1\Core\Lib\libarm_cortexM4lf_math.a(arm_std_f32.o)
                0x08022854                arm_std_f32
 .text.arm_mean_f32
                0x08022968       0x7c C:\Users\Ali\STM32CubeIDE\workspace_1.16.0\Lab1\Core\Lib\libarm_cortexM4lf_math.a(arm_mean_f32.o)
                0x08022968                arm_mean_f32
 .text.arm_correlate_f32
                0x080229e4      0x56c C:\Users\Ali\STM32CubeIDE\workspace_1.16.0\Lab1\Core\Lib\libarm_cortexM4lf_math.a(arm_correlate_f32.o)
                0x080229e4                arm_correlate_f32
 .text.arm_conv_f32
                0x08022f50      0x534 C:\Users\Ali\STM32CubeIDE\workspace_1.16.0\Lab1\Core\Lib\libarm_cortexM4lf_math.a(arm_conv_f32.o)
                0x08022f50                arm_conv_f32
 .text.arm_negate_f32
                0x08023484       0x88 C:\Users\Ali\STM32CubeIDE\workspace_1.16.0\Lab1\Core\Lib\libarm_cortexM4lf_math.a(arm_negate_f32.o)
                0x08023484                arm_negate_f32
 .text.arm_mult_f32
                0x0802350c       0xb4 C:\Users\Ali\STM32CubeIDE\workspace_1.16.0\Lab1\Core\Lib\libarm_cortexM4lf_math.a(arm_mult_f32.o)
                0x0802350c                arm_mult_f32
 .text.arm_add_f32
                0x080235c0       0xb4 C:\Users\Ali\STM32CubeIDE\workspace_1.16.0\Lab1\Core\Lib\libarm_cortexM4lf_math.a(arm_add_f32.o)
                0x080235c0                arm_add_f32
 .text.memset   0x08023674       0x10 C:/ST/STM32CubeIDE_1.16.0/STM32CubeIDE/plugins/com.st.stm32cube.ide.mcu.externaltools.gnu-tools-for-stm32.12.3.rel1.win32_1.0.200.202406191623/tools/bin/../lib/gcc/arm-none-eabi/12.3.1/../../../../arm-none-eabi/lib/thumb/v7e-m+fp/hard\libc_nano.a(libc_a-memset.o)
                0x08023674                memset
 .text.__errno  0x08023684        0xc C:/ST/STM32CubeIDE_1.16.0/STM32CubeIDE/plugins/com.st.stm32cube.ide.mcu.externaltools.gnu-tools-for-stm32.12.3.rel1.win32_1.0.200.202406191623/tools/bin/../lib/gcc/arm-none-eabi/12.3.1/../../../../arm-none-eabi/lib/thumb/v7e-m+fp/hard\libc_nano.a(libc_a-errno.o)
                0x08023684                __errno
 .text.__libc_init_array
                0x08023690       0x48 C:/ST/STM32CubeIDE_1.16.0/STM32CubeIDE/plugins/com.st.stm32cube.ide.mcu.externaltools.gnu-tools-for-stm32.12.3.rel1.win32_1.0.200.202406191623/tools/bin/../lib/gcc/arm-none-eabi/12.3.1/../../../../arm-none-eabi/lib/thumb/v7e-m+fp/hard\libc_nano.a(libc_a-init.o)
                0x08023690                __libc_init_array
 .text.memcpy   0x080236d8       0x1c C:/ST/STM32CubeIDE_1.16.0/STM32CubeIDE/plugins/com.st.stm32cube.ide.mcu.externaltools.gnu-tools-for-stm32.12.3.rel1.win32_1.0.200.202406191623/tools/bin/../lib/gcc/arm-none-eabi/12.3.1/../../../../arm-none-eabi/lib/thumb/v7e-m+fp/hard\libc_nano.a(libc_a-memcpy-stub.o)
                0x080236d8                memcpy
 .text.pow      0x080236f4       0xe0 C:/ST/STM32CubeIDE_1.16.0/STM32CubeIDE/plugins/com.st.stm32cube.ide.mcu.externaltools.gnu-tools-for-stm32.12.3.rel1.win32_1.0.200.202406191623/tools/bin/../lib/gcc/arm-none-eabi/12.3.1/../../../../arm-none-eabi/lib/thumb/v7e-m+fp/hard\libm.a(libm_a-w_pow.o)
                0x080236f4                pow
 .text.sqrt     0x080237d4       0x58 C:/ST/STM32CubeIDE_1.16.0/STM32CubeIDE/plugins/com.st.stm32cube.ide.mcu.externaltools.gnu-tools-for-stm32.12.3.rel1.win32_1.0.200.202406191623/tools/bin/../lib/gcc/arm-none-eabi/12.3.1/../../../../arm-none-eabi/lib/thumb/v7e-m+fp/hard\libm.a(libm_a-w_sqrt.o)
                0x080237d4                sqrt
 .text.sqrtf    0x0802382c       0x3c C:/ST/STM32CubeIDE_1.16.0/STM32CubeIDE/plugins/com.st.stm32cube.ide.mcu.externaltools.gnu-tools-for-stm32.12.3.rel1.win32_1.0.200.202406191623/tools/bin/../lib/gcc/arm-none-eabi/12.3.1/../../../../arm-none-eabi/lib/thumb/v7e-m+fp/hard\libm.a(libm_a-wf_sqrt.o)
                0x0802382c                sqrtf
 .text.finite   0x08023868       0x16 C:/ST/STM32CubeIDE_1.16.0/STM32CubeIDE/plugins/com.st.stm32cube.ide.mcu.externaltools.gnu-tools-for-stm32.12.3.rel1.win32_1.0.200.202406191623/tools/bin/../lib/gcc/arm-none-eabi/12.3.1/../../../../arm-none-eabi/lib/thumb/v7e-m+fp/hard\libm.a(libm_a-s_finite.o)
                0x08023868                finite
 *fill*         0x0802387e        0x2 
 .text.__ieee754_sqrt
                0x08023880      0x1b4 C:/ST/STM32CubeIDE_1.16.0/STM32CubeIDE/plugins/com.st.stm32cube.ide.mcu.externaltools.gnu-tools-for-stm32.12.3.rel1.win32_1.0.200.202406191623/tools/bin/../lib/gcc/arm-none-eabi/12.3.1/../../../../arm-none-eabi/lib/thumb/v7e-m+fp/hard\libm.a(libm_a-e_sqrt.o)
                0x08023880                __ieee754_sqrt
 .text.__ieee754_sqrtf
                0x08023a34        0x6 C:/ST/STM32CubeIDE_1.16.0/STM32CubeIDE/plugins/com.st.stm32cube.ide.mcu.externaltools.gnu-tools-for-stm32.12.3.rel1.win32_1.0.200.202406191623/tools/bin/../lib/gcc/arm-none-eabi/12.3.1/../../../../arm-none-eabi/lib/thumb/v7e-m+fp/hard\libm.a(libm_a-ef_sqrt.o)
                0x08023a34                __ieee754_sqrtf
 *fill*         0x08023a3a        0x6 
 .text.__ieee754_pow
                0x08023a40      0xa88 C:/ST/STM32CubeIDE_1.16.0/STM32CubeIDE/plugins/com.st.stm32cube.ide.mcu.externaltools.gnu-tools-for-stm32.12.3.rel1.win32_1.0.200.202406191623/tools/bin/../lib/gcc/arm-none-eabi/12.3.1/../../../../arm-none-eabi/lib/thumb/v7e-m+fp/hard\libm.a(libm_a-e_pow.o)
                0x08023a40                __ieee754_pow
 .text.fabs     0x080244c8       0x10 C:/ST/STM32CubeIDE_1.16.0/STM32CubeIDE/plugins/com.st.stm32cube.ide.mcu.externaltools.gnu-tools-for-stm32.12.3.rel1.win32_1.0.200.202406191623/tools/bin/../lib/gcc/arm-none-eabi/12.3.1/../../../../arm-none-eabi/lib/thumb/v7e-m+fp/hard\libm.a(libm_a-s_fabs.o)
                0x080244c8                fabs
 .text.scalbn   0x080244d8       0xfc C:/ST/STM32CubeIDE_1.16.0/STM32CubeIDE/plugins/com.st.stm32cube.ide.mcu.externaltools.gnu-tools-for-stm32.12.3.rel1.win32_1.0.200.202406191623/tools/bin/../lib/gcc/arm-none-eabi/12.3.1/../../../../arm-none-eabi/lib/thumb/v7e-m+fp/hard\libm.a(libm_a-s_scalbn.o)
                0x080244d8                scalbn
 .text.with_errno
                0x080245d4       0x24 C:/ST/STM32CubeIDE_1.16.0/STM32CubeIDE/plugins/com.st.stm32cube.ide.mcu.externaltools.gnu-tools-for-stm32.12.3.rel1.win32_1.0.200.202406191623/tools/bin/../lib/gcc/arm-none-eabi/12.3.1/../../../../arm-none-eabi/lib/thumb/v7e-m+fp/hard\libm.a(libm_a-math_err.o)
 .text.xflow    0x080245f8       0x32 C:/ST/STM32CubeIDE_1.16.0/STM32CubeIDE/plugins/com.st.stm32cube.ide.mcu.externaltools.gnu-tools-for-stm32.12.3.rel1.win32_1.0.200.202406191623/tools/bin/../lib/gcc/arm-none-eabi/12.3.1/../../../../arm-none-eabi/lib/thumb/v7e-m+fp/hard\libm.a(libm_a-math_err.o)
 *fill*         0x0802462a        0x6 
 .text.__math_uflow
                0x08024630       0x10 C:/ST/STM32CubeIDE_1.16.0/STM32CubeIDE/plugins/com.st.stm32cube.ide.mcu.externaltools.gnu-tools-for-stm32.12.3.rel1.win32_1.0.200.202406191623/tools/bin/../lib/gcc/arm-none-eabi/12.3.1/../../../../arm-none-eabi/lib/thumb/v7e-m+fp/hard\libm.a(libm_a-math_err.o)
                0x08024630                __math_uflow
 .text.__math_oflow
                0x08024640       0x10 C:/ST/STM32CubeIDE_1.16.0/STM32CubeIDE/plugins/com.st.stm32cube.ide.mcu.externaltools.gnu-tools-for-stm32.12.3.rel1.win32_1.0.200.202406191623/tools/bin/../lib/gcc/arm-none-eabi/12.3.1/../../../../arm-none-eabi/lib/thumb/v7e-m+fp/hard\libm.a(libm_a-math_err.o)
                0x08024640                __math_oflow
 *(.glue_7)
 .glue_7        0x08024650        0x0 linker stubs
 *(.glue_7t)
 .glue_7t       0x08024650        0x0 linker stubs
 *(.eh_frame)
 .eh_frame      0x08024650        0x0 C:/ST/STM32CubeIDE_1.16.0/STM32CubeIDE/plugins/com.st.stm32cube.ide.mcu.externaltools.gnu-tools-for-stm32.12.3.rel1.win32_1.0.200.202406191623/tools/bin/../lib/gcc/arm-none-eabi/12.3.1/thumb/v7e-m+fp/hard/crtbegin.o
 *(.init)
 .init          0x08024650        0x4 C:/ST/STM32CubeIDE_1.16.0/STM32CubeIDE/plugins/com.st.stm32cube.ide.mcu.externaltools.gnu-tools-for-stm32.12.3.rel1.win32_1.0.200.202406191623/tools/bin/../lib/gcc/arm-none-eabi/12.3.1/thumb/v7e-m+fp/hard/crti.o
                0x08024650                _init
 .init          0x08024654        0x8 C:/ST/STM32CubeIDE_1.16.0/STM32CubeIDE/plugins/com.st.stm32cube.ide.mcu.externaltools.gnu-tools-for-stm32.12.3.rel1.win32_1.0.200.202406191623/tools/bin/../lib/gcc/arm-none-eabi/12.3.1/thumb/v7e-m+fp/hard/crtn.o
 *(.fini)
 .fini          0x0802465c        0x4 C:/ST/STM32CubeIDE_1.16.0/STM32CubeIDE/plugins/com.st.stm32cube.ide.mcu.externaltools.gnu-tools-for-stm32.12.3.rel1.win32_1.0.200.202406191623/tools/bin/../lib/gcc/arm-none-eabi/12.3.1/thumb/v7e-m+fp/hard/crti.o
                0x0802465c                _fini
 .fini          0x08024660        0x8 C:/ST/STM32CubeIDE_1.16.0/STM32CubeIDE/plugins/com.st.stm32cube.ide.mcu.externaltools.gnu-tools-for-stm32.12.3.rel1.win32_1.0.200.202406191623/tools/bin/../lib/gcc/arm-none-eabi/12.3.1/thumb/v7e-m+fp/hard/crtn.o
                0x08024668                        . = ALIGN (0x4)
                0x08024668                        _etext = .

.vfp11_veneer   0x08024668        0x0
 .vfp11_veneer  0x08024668        0x0 linker stubs

.v4_bx          0x08024668        0x0
 .v4_bx         0x08024668        0x0 linker stubs

.iplt           0x08024668        0x0
 .iplt          0x08024668        0x0 C:/ST/STM32CubeIDE_1.16.0/STM32CubeIDE/plugins/com.st.stm32cube.ide.mcu.externaltools.gnu-tools-for-stm32.12.3.rel1.win32_1.0.200.202406191623/tools/bin/../lib/gcc/arm-none-eabi/12.3.1/thumb/v7e-m+fp/hard/crtbegin.o

.rodata         0x08024668      0x230
                0x08024668                        . = ALIGN (0x4)
 *(.rodata)
 .rodata        0x08024668      0x1bc ./Core/Src/main.o
 *(.rodata*)
 .rodata.AHBPrescTable
                0x08024824       0x10 ./Core/Src/system_stm32l4xx.o
                0x08024824                AHBPrescTable
 .rodata.MSIRangeTable
                0x08024834       0x30 ./Core/Src/system_stm32l4xx.o
                0x08024834                MSIRangeTable
 *fill*         0x08024864        0x4 
 .rodata.dp_l   0x08024868       0x10 C:/ST/STM32CubeIDE_1.16.0/STM32CubeIDE/plugins/com.st.stm32cube.ide.mcu.externaltools.gnu-tools-for-stm32.12.3.rel1.win32_1.0.200.202406191623/tools/bin/../lib/gcc/arm-none-eabi/12.3.1/../../../../arm-none-eabi/lib/thumb/v7e-m+fp/hard\libm.a(libm_a-e_pow.o)
 .rodata.dp_h   0x08024878       0x10 C:/ST/STM32CubeIDE_1.16.0/STM32CubeIDE/plugins/com.st.stm32cube.ide.mcu.externaltools.gnu-tools-for-stm32.12.3.rel1.win32_1.0.200.202406191623/tools/bin/../lib/gcc/arm-none-eabi/12.3.1/../../../../arm-none-eabi/lib/thumb/v7e-m+fp/hard\libm.a(libm_a-e_pow.o)
 .rodata.bp     0x08024888       0x10 C:/ST/STM32CubeIDE_1.16.0/STM32CubeIDE/plugins/com.st.stm32cube.ide.mcu.externaltools.gnu-tools-for-stm32.12.3.rel1.win32_1.0.200.202406191623/tools/bin/../lib/gcc/arm-none-eabi/12.3.1/../../../../arm-none-eabi/lib/thumb/v7e-m+fp/hard\libm.a(libm_a-e_pow.o)
                0x08024898                        . = ALIGN (0x4)

.ARM.extab      0x08024898        0x0
                0x08024898                        . = ALIGN (0x4)
 *(.ARM.extab* .gnu.linkonce.armextab.*)
                0x08024898                        . = ALIGN (0x4)

.ARM            0x08024898        0x0
                0x08024898                        . = ALIGN (0x4)
                0x08024898                        __exidx_start = .
 *(.ARM.exidx*)
                0x08024898                        __exidx_end = .
                0x08024898                        . = ALIGN (0x4)

.preinit_array  0x08024898        0x0
                0x08024898                        . = ALIGN (0x4)
                0x08024898                        PROVIDE (__preinit_array_start = .)
 *(.preinit_array*)
                0x08024898                        PROVIDE (__preinit_array_end = .)
                0x08024898                        . = ALIGN (0x4)

.init_array     0x08024898        0x4
                0x08024898                        . = ALIGN (0x4)
                0x08024898                        PROVIDE (__init_array_start = .)
 *(SORT_BY_NAME(.init_array.*))
 *(.init_array*)
 .init_array    0x08024898        0x4 C:/ST/STM32CubeIDE_1.16.0/STM32CubeIDE/plugins/com.st.stm32cube.ide.mcu.externaltools.gnu-tools-for-stm32.12.3.rel1.win32_1.0.200.202406191623/tools/bin/../lib/gcc/arm-none-eabi/12.3.1/thumb/v7e-m+fp/hard/crtbegin.o
                0x0802489c                        PROVIDE (__init_array_end = .)
                0x0802489c                        . = ALIGN (0x4)

.fini_array     0x0802489c        0x4
                0x0802489c                        . = ALIGN (0x4)
                [!provide]                        PROVIDE (__fini_array_start = .)
 *(SORT_BY_NAME(.fini_array.*))
 *(.fini_array*)
 .fini_array    0x0802489c        0x4 C:/ST/STM32CubeIDE_1.16.0/STM32CubeIDE/plugins/com.st.stm32cube.ide.mcu.externaltools.gnu-tools-for-stm32.12.3.rel1.win32_1.0.200.202406191623/tools/bin/../lib/gcc/arm-none-eabi/12.3.1/thumb/v7e-m+fp/hard/crtbegin.o
                [!provide]                        PROVIDE (__fini_array_end = .)
                0x080248a0                        . = ALIGN (0x4)
                0x080248a0                        _sidata = LOADADDR (.data)

.rel.dyn        0x080248a0        0x0
 .rel.iplt      0x080248a0        0x0 C:/ST/STM32CubeIDE_1.16.0/STM32CubeIDE/plugins/com.st.stm32cube.ide.mcu.externaltools.gnu-tools-for-stm32.12.3.rel1.win32_1.0.200.202406191623/tools/bin/../lib/gcc/arm-none-eabi/12.3.1/thumb/v7e-m+fp/hard/crtbegin.o

.data           0x20000000       0x70 load address 0x080248a0
                0x20000000                        . = ALIGN (0x4)
                0x20000000                        _sdata = .
 *(.data)
 *(.data*)
 .data.SystemCoreClock
                0x20000000        0x4 ./Core/Src/system_stm32l4xx.o
                0x20000000                SystemCoreClock
 .data.uwTickPrio
                0x20000004        0x4 ./Drivers/STM32L4xx_HAL_Driver/Src/stm32l4xx_hal.o
                0x20000004                uwTickPrio
 .data.uwTickFreq
                0x20000008        0x1 ./Drivers/STM32L4xx_HAL_Driver/Src/stm32l4xx_hal.o
                0x20000008                uwTickFreq
 *fill*         0x20000009        0x3 
 .data._impure_ptr
                0x2000000c        0x4 C:/ST/STM32CubeIDE_1.16.0/STM32CubeIDE/plugins/com.st.stm32cube.ide.mcu.externaltools.gnu-tools-for-stm32.12.3.rel1.win32_1.0.200.202406191623/tools/bin/../lib/gcc/arm-none-eabi/12.3.1/../../../../arm-none-eabi/lib/thumb/v7e-m+fp/hard\libc_nano.a(libc_a-impure.o)
                0x2000000c                _impure_ptr
 .data._impure_data
                0x20000010       0x4c C:/ST/STM32CubeIDE_1.16.0/STM32CubeIDE/plugins/com.st.stm32cube.ide.mcu.externaltools.gnu-tools-for-stm32.12.3.rel1.win32_1.0.200.202406191623/tools/bin/../lib/gcc/arm-none-eabi/12.3.1/../../../../arm-none-eabi/lib/thumb/v7e-m+fp/hard\libc_nano.a(libc_a-impure.o)
                0x20000010                _impure_data
 *fill*         0x2000005c        0x4 
 .data.tiny     0x20000060        0x8 C:/ST/STM32CubeIDE_1.16.0/STM32CubeIDE/plugins/com.st.stm32cube.ide.mcu.externaltools.gnu-tools-for-stm32.12.3.rel1.win32_1.0.200.202406191623/tools/bin/../lib/gcc/arm-none-eabi/12.3.1/../../../../arm-none-eabi/lib/thumb/v7e-m+fp/hard\libm.a(libm_a-e_sqrt.o)
 .data.one      0x20000068        0x8 C:/ST/STM32CubeIDE_1.16.0/STM32CubeIDE/plugins/com.st.stm32cube.ide.mcu.externaltools.gnu-tools-for-stm32.12.3.rel1.win32_1.0.200.202406191623/tools/bin/../lib/gcc/arm-none-eabi/12.3.1/../../../../arm-none-eabi/lib/thumb/v7e-m+fp/hard\libm.a(libm_a-e_sqrt.o)
 *(.RamFunc)
 *(.RamFunc*)
                0x20000070                        . = ALIGN (0x4)
                0x20000070                        _edata = .

.igot.plt       0x20000070        0x0 load address 0x08024910
 .igot.plt      0x20000070        0x0 C:/ST/STM32CubeIDE_1.16.0/STM32CubeIDE/plugins/com.st.stm32cube.ide.mcu.externaltools.gnu-tools-for-stm32.12.3.rel1.win32_1.0.200.202406191623/tools/bin/../lib/gcc/arm-none-eabi/12.3.1/thumb/v7e-m+fp/hard/crtbegin.o
                0x20000070                        . = ALIGN (0x4)

.bss            0x20000070      0x158 load address 0x08024910
                0x20000070                        _sbss = .
                0x20000070                        __bss_start__ = _sbss
 *(.bss)
 .bss           0x20000070       0x1c C:/ST/STM32CubeIDE_1.16.0/STM32CubeIDE/plugins/com.st.stm32cube.ide.mcu.externaltools.gnu-tools-for-stm32.12.3.rel1.win32_1.0.200.202406191623/tools/bin/../lib/gcc/arm-none-eabi/12.3.1/thumb/v7e-m+fp/hard/crtbegin.o
 *(.bss*)
 .bss.uwTick    0x2000008c        0x4 ./Drivers/STM32L4xx_HAL_Driver/Src/stm32l4xx_hal.o
                0x2000008c                uwTick
 .bss.__sf      0x20000090      0x138 C:/ST/STM32CubeIDE_1.16.0/STM32CubeIDE/plugins/com.st.stm32cube.ide.mcu.externaltools.gnu-tools-for-stm32.12.3.rel1.win32_1.0.200.202406191623/tools/bin/../lib/gcc/arm-none-eabi/12.3.1/../../../../arm-none-eabi/lib/thumb/v7e-m+fp/hard\libc_nano.a(libc_a-findfp.o)
                0x20000090                __sf
 *(COMMON)
                0x200001c8                        . = ALIGN (0x4)
                0x200001c8                        _ebss = .
                0x200001c8                        __bss_end__ = _ebss

._user_heap_stack
                0x200001c8      0x600 load address 0x08024910
                0x200001c8                        . = ALIGN (0x8)
                [!provide]                        PROVIDE (end = .)
                0x200001c8                        PROVIDE (_end = .)
                0x200003c8                        . = (. + _Min_Heap_Size)
 *fill*         0x200001c8      0x200 
                0x200007c8                        . = (. + _Min_Stack_Size)
 *fill*         0x200003c8      0x400 
                0x200007c8                        . = ALIGN (0x8)

/DISCARD/
 libc.a(*)
 libm.a(*)
 libgcc.a(*)

.ARM.attributes
                0x00000000       0x30
 *(.ARM.attributes)
 .ARM.attributes
                0x00000000       0x22 C:/ST/STM32CubeIDE_1.16.0/STM32CubeIDE/plugins/com.st.stm32cube.ide.mcu.externaltools.gnu-tools-for-stm32.12.3.rel1.win32_1.0.200.202406191623/tools/bin/../lib/gcc/arm-none-eabi/12.3.1/thumb/v7e-m+fp/hard/crti.o
 .ARM.attributes
                0x00000022       0x34 C:/ST/STM32CubeIDE_1.16.0/STM32CubeIDE/plugins/com.st.stm32cube.ide.mcu.externaltools.gnu-tools-for-stm32.12.3.rel1.win32_1.0.200.202406191623/tools/bin/../lib/gcc/arm-none-eabi/12.3.1/thumb/v7e-m+fp/hard/crtbegin.o
 .ARM.attributes
                0x00000056       0x20 ./Core/Src/kalman_assem.o
 .ARM.attributes
                0x00000076       0x34 ./Core/Src/kalman_c.o
 .ARM.attributes
                0x000000aa       0x34 ./Core/Src/kalman_cmsis.o
 .ARM.attributes
                0x000000de       0x34 ./Core/Src/main.o
 .ARM.attributes
                0x00000112       0x34 ./Core/Src/stm32l4xx_hal_msp.o
 .ARM.attributes
                0x00000146       0x34 ./Core/Src/stm32l4xx_it.o
 .ARM.attributes
                0x0000017a       0x34 ./Core/Src/system_stm32l4xx.o
 .ARM.attributes
                0x000001ae       0x21 ./Core/Startup/startup_stm32l4s5vitx.o
 .ARM.attributes
                0x000001cf       0x34 ./Drivers/STM32L4xx_HAL_Driver/Src/stm32l4xx_hal.o
 .ARM.attributes
                0x00000203       0x34 ./Drivers/STM32L4xx_HAL_Driver/Src/stm32l4xx_hal_cortex.o
 .ARM.attributes
                0x00000237       0x34 ./Drivers/STM32L4xx_HAL_Driver/Src/stm32l4xx_hal_pwr_ex.o
 .ARM.attributes
                0x0000026b       0x34 ./Drivers/STM32L4xx_HAL_Driver/Src/stm32l4xx_hal_rcc.o
 .ARM.attributes
                0x0000029f       0x34 C:\Users\Ali\STM32CubeIDE\workspace_1.16.0\Lab1\Core\Lib\libarm_cortexM4lf_math.a(arm_std_f32.o)
 .ARM.attributes
                0x000002d3       0x34 C:\Users\Ali\STM32CubeIDE\workspace_1.16.0\Lab1\Core\Lib\libarm_cortexM4lf_math.a(arm_mean_f32.o)
 .ARM.attributes
                0x00000307       0x34 C:\Users\Ali\STM32CubeIDE\workspace_1.16.0\Lab1\Core\Lib\libarm_cortexM4lf_math.a(arm_correlate_f32.o)
 .ARM.attributes
                0x0000033b       0x34 C:\Users\Ali\STM32CubeIDE\workspace_1.16.0\Lab1\Core\Lib\libarm_cortexM4lf_math.a(arm_conv_f32.o)
 .ARM.attributes
                0x0000036f       0x34 C:\Users\Ali\STM32CubeIDE\workspace_1.16.0\Lab1\Core\Lib\libarm_cortexM4lf_math.a(arm_negate_f32.o)
 .ARM.attributes
                0x000003a3       0x34 C:\Users\Ali\STM32CubeIDE\workspace_1.16.0\Lab1\Core\Lib\libarm_cortexM4lf_math.a(arm_mult_f32.o)
 .ARM.attributes
                0x000003d7       0x34 C:\Users\Ali\STM32CubeIDE\workspace_1.16.0\Lab1\Core\Lib\libarm_cortexM4lf_math.a(arm_add_f32.o)
 .ARM.attributes
                0x0000040b       0x34 C:/ST/STM32CubeIDE_1.16.0/STM32CubeIDE/plugins/com.st.stm32cube.ide.mcu.externaltools.gnu-tools-for-stm32.12.3.rel1.win32_1.0.200.202406191623/tools/bin/../lib/gcc/arm-none-eabi/12.3.1/../../../../arm-none-eabi/lib/thumb/v7e-m+fp/hard\libc_nano.a(libc_a-findfp.o)
 .ARM.attributes
                0x0000043f       0x34 C:/ST/STM32CubeIDE_1.16.0/STM32CubeIDE/plugins/com.st.stm32cube.ide.mcu.externaltools.gnu-tools-for-stm32.12.3.rel1.win32_1.0.200.202406191623/tools/bin/../lib/gcc/arm-none-eabi/12.3.1/../../../../arm-none-eabi/lib/thumb/v7e-m+fp/hard\libc_nano.a(libc_a-memset.o)
 .ARM.attributes
                0x00000473       0x34 C:/ST/STM32CubeIDE_1.16.0/STM32CubeIDE/plugins/com.st.stm32cube.ide.mcu.externaltools.gnu-tools-for-stm32.12.3.rel1.win32_1.0.200.202406191623/tools/bin/../lib/gcc/arm-none-eabi/12.3.1/../../../../arm-none-eabi/lib/thumb/v7e-m+fp/hard\libc_nano.a(libc_a-impure.o)
 .ARM.attributes
                0x000004a7       0x34 C:/ST/STM32CubeIDE_1.16.0/STM32CubeIDE/plugins/com.st.stm32cube.ide.mcu.externaltools.gnu-tools-for-stm32.12.3.rel1.win32_1.0.200.202406191623/tools/bin/../lib/gcc/arm-none-eabi/12.3.1/../../../../arm-none-eabi/lib/thumb/v7e-m+fp/hard\libc_nano.a(libc_a-errno.o)
 .ARM.attributes
                0x000004db       0x34 C:/ST/STM32CubeIDE_1.16.0/STM32CubeIDE/plugins/com.st.stm32cube.ide.mcu.externaltools.gnu-tools-for-stm32.12.3.rel1.win32_1.0.200.202406191623/tools/bin/../lib/gcc/arm-none-eabi/12.3.1/../../../../arm-none-eabi/lib/thumb/v7e-m+fp/hard\libc_nano.a(libc_a-init.o)
 .ARM.attributes
                0x0000050f       0x34 C:/ST/STM32CubeIDE_1.16.0/STM32CubeIDE/plugins/com.st.stm32cube.ide.mcu.externaltools.gnu-tools-for-stm32.12.3.rel1.win32_1.0.200.202406191623/tools/bin/../lib/gcc/arm-none-eabi/12.3.1/../../../../arm-none-eabi/lib/thumb/v7e-m+fp/hard\libc_nano.a(libc_a-memcpy-stub.o)
 .ARM.attributes
                0x00000543       0x34 C:/ST/STM32CubeIDE_1.16.0/STM32CubeIDE/plugins/com.st.stm32cube.ide.mcu.externaltools.gnu-tools-for-stm32.12.3.rel1.win32_1.0.200.202406191623/tools/bin/../lib/gcc/arm-none-eabi/12.3.1/../../../../arm-none-eabi/lib/thumb/v7e-m+fp/hard\libm.a(libm_a-w_pow.o)
 .ARM.attributes
                0x00000577       0x34 C:/ST/STM32CubeIDE_1.16.0/STM32CubeIDE/plugins/com.st.stm32cube.ide.mcu.externaltools.gnu-tools-for-stm32.12.3.rel1.win32_1.0.200.202406191623/tools/bin/../lib/gcc/arm-none-eabi/12.3.1/../../../../arm-none-eabi/lib/thumb/v7e-m+fp/hard\libm.a(libm_a-w_sqrt.o)
 .ARM.attributes
                0x000005ab       0x34 C:/ST/STM32CubeIDE_1.16.0/STM32CubeIDE/plugins/com.st.stm32cube.ide.mcu.externaltools.gnu-tools-for-stm32.12.3.rel1.win32_1.0.200.202406191623/tools/bin/../lib/gcc/arm-none-eabi/12.3.1/../../../../arm-none-eabi/lib/thumb/v7e-m+fp/hard\libm.a(libm_a-wf_sqrt.o)
 .ARM.attributes
                0x000005df       0x34 C:/ST/STM32CubeIDE_1.16.0/STM32CubeIDE/plugins/com.st.stm32cube.ide.mcu.externaltools.gnu-tools-for-stm32.12.3.rel1.win32_1.0.200.202406191623/tools/bin/../lib/gcc/arm-none-eabi/12.3.1/../../../../arm-none-eabi/lib/thumb/v7e-m+fp/hard\libm.a(libm_a-s_finite.o)
 .ARM.attributes
                0x00000613       0x34 C:/ST/STM32CubeIDE_1.16.0/STM32CubeIDE/plugins/com.st.stm32cube.ide.mcu.externaltools.gnu-tools-for-stm32.12.3.rel1.win32_1.0.200.202406191623/tools/bin/../lib/gcc/arm-none-eabi/12.3.1/../../../../arm-none-eabi/lib/thumb/v7e-m+fp/hard\libm.a(libm_a-e_sqrt.o)
 .ARM.attributes
                0x00000647       0x34 C:/ST/STM32CubeIDE_1.16.0/STM32CubeIDE/plugins/com.st.stm32cube.ide.mcu.externaltools.gnu-tools-for-stm32.12.3.rel1.win32_1.0.200.202406191623/tools/bin/../lib/gcc/arm-none-eabi/12.3.1/../../../../arm-none-eabi/lib/thumb/v7e-m+fp/hard\libm.a(libm_a-ef_sqrt.o)
 .ARM.attributes
                0x0000067b       0x34 C:/ST/STM32CubeIDE_1.16.0/STM32CubeIDE/plugins/com.st.stm32cube.ide.mcu.externaltools.gnu-tools-for-stm32.12.3.rel1.win32_1.0.200.202406191623/tools/bin/../lib/gcc/arm-none-eabi/12.3.1/../../../../arm-none-eabi/lib/thumb/v7e-m+fp/hard\libm.a(libm_a-e_pow.o)
 .ARM.attributes
                0x000006af       0x34 C:/ST/STM32CubeIDE_1.16.0/STM32CubeIDE/plugins/com.st.stm32cube.ide.mcu.externaltools.gnu-tools-for-stm32.12.3.rel1.win32_1.0.200.202406191623/tools/bin/../lib/gcc/arm-none-eabi/12.3.1/../../../../arm-none-eabi/lib/thumb/v7e-m+fp/hard\libm.a(libm_a-s_fabs.o)
 .ARM.attributes
                0x000006e3       0x34 C:/ST/STM32CubeIDE_1.16.0/STM32CubeIDE/plugins/com.st.stm32cube.ide.mcu.externaltools.gnu-tools-for-stm32.12.3.rel1.win32_1.0.200.202406191623/tools/bin/../lib/gcc/arm-none-eabi/12.3.1/../../../../arm-none-eabi/lib/thumb/v7e-m+fp/hard\libm.a(libm_a-s_scalbn.o)
 .ARM.attributes
                0x00000717       0x34 C:/ST/STM32CubeIDE_1.16.0/STM32CubeIDE/plugins/com.st.stm32cube.ide.mcu.externaltools.gnu-tools-for-stm32.12.3.rel1.win32_1.0.200.202406191623/tools/bin/../lib/gcc/arm-none-eabi/12.3.1/../../../../arm-none-eabi/lib/thumb/v7e-m+fp/hard\libm.a(libm_a-math_err.o)
 .ARM.attributes
                0x0000074b       0x22 C:/ST/STM32CubeIDE_1.16.0/STM32CubeIDE/plugins/com.st.stm32cube.ide.mcu.externaltools.gnu-tools-for-stm32.12.3.rel1.win32_1.0.200.202406191623/tools/bin/../lib/gcc/arm-none-eabi/12.3.1/thumb/v7e-m+fp/hard\libgcc.a(_arm_addsubdf3.o)
 .ARM.attributes
                0x0000076d       0x22 C:/ST/STM32CubeIDE_1.16.0/STM32CubeIDE/plugins/com.st.stm32cube.ide.mcu.externaltools.gnu-tools-for-stm32.12.3.rel1.win32_1.0.200.202406191623/tools/bin/../lib/gcc/arm-none-eabi/12.3.1/thumb/v7e-m+fp/hard\libgcc.a(_arm_muldivdf3.o)
 .ARM.attributes
                0x0000078f       0x22 C:/ST/STM32CubeIDE_1.16.0/STM32CubeIDE/plugins/com.st.stm32cube.ide.mcu.externaltools.gnu-tools-for-stm32.12.3.rel1.win32_1.0.200.202406191623/tools/bin/../lib/gcc/arm-none-eabi/12.3.1/thumb/v7e-m+fp/hard\libgcc.a(_arm_cmpdf2.o)
 .ARM.attributes
                0x000007b1       0x22 C:/ST/STM32CubeIDE_1.16.0/STM32CubeIDE/plugins/com.st.stm32cube.ide.mcu.externaltools.gnu-tools-for-stm32.12.3.rel1.win32_1.0.200.202406191623/tools/bin/../lib/gcc/arm-none-eabi/12.3.1/thumb/v7e-m+fp/hard\libgcc.a(_arm_unorddf2.o)
 .ARM.attributes
                0x000007d3       0x22 C:/ST/STM32CubeIDE_1.16.0/STM32CubeIDE/plugins/com.st.stm32cube.ide.mcu.externaltools.gnu-tools-for-stm32.12.3.rel1.win32_1.0.200.202406191623/tools/bin/../lib/gcc/arm-none-eabi/12.3.1/thumb/v7e-m+fp/hard\libgcc.a(_arm_truncdfsf2.o)
 .ARM.attributes
                0x000007f5       0x22 C:/ST/STM32CubeIDE_1.16.0/STM32CubeIDE/plugins/com.st.stm32cube.ide.mcu.externaltools.gnu-tools-for-stm32.12.3.rel1.win32_1.0.200.202406191623/tools/bin/../lib/gcc/arm-none-eabi/12.3.1/thumb/v7e-m+fp/hard/crtn.o
OUTPUT(Lab1.elf elf32-littlearm)
LOAD linker stubs
LOAD C:/ST/STM32CubeIDE_1.16.0/STM32CubeIDE/plugins/com.st.stm32cube.ide.mcu.externaltools.gnu-tools-for-stm32.12.3.rel1.win32_1.0.200.202406191623/tools/bin/../lib/gcc/arm-none-eabi/12.3.1/../../../../arm-none-eabi/lib/thumb/v7e-m+fp/hard\libc.a
LOAD C:/ST/STM32CubeIDE_1.16.0/STM32CubeIDE/plugins/com.st.stm32cube.ide.mcu.externaltools.gnu-tools-for-stm32.12.3.rel1.win32_1.0.200.202406191623/tools/bin/../lib/gcc/arm-none-eabi/12.3.1/../../../../arm-none-eabi/lib/thumb/v7e-m+fp/hard\libm.a
LOAD C:/ST/STM32CubeIDE_1.16.0/STM32CubeIDE/plugins/com.st.stm32cube.ide.mcu.externaltools.gnu-tools-for-stm32.12.3.rel1.win32_1.0.200.202406191623/tools/bin/../lib/gcc/arm-none-eabi/12.3.1/thumb/v7e-m+fp/hard\libgcc.a

.debug_line     0x00000000     0x8720
 .debug_line    0x00000000       0x70 ./Core/Src/kalman_assem.o
 .debug_line    0x00000070      0x65f ./Core/Src/kalman_c.o
 .debug_line    0x000006cf      0x604 ./Core/Src/kalman_cmsis.o
 .debug_line    0x00000cd3      0xb66 ./Core/Src/main.o
 .debug_line    0x00001839      0x714 ./Core/Src/stm32l4xx_hal_msp.o
 .debug_line    0x00001f4d      0x7d6 ./Core/Src/stm32l4xx_it.o
 .debug_line    0x00002723      0x7a0 ./Core/Src/system_stm32l4xx.o
 .debug_line    0x00002ec3       0x7a ./Core/Startup/startup_stm32l4s5vitx.o
 .debug_line    0x00002f3d      0xafb ./Drivers/STM32L4xx_HAL_Driver/Src/stm32l4xx_hal.o
 .debug_line    0x00003a38      0xcc4 ./Drivers/STM32L4xx_HAL_Driver/Src/stm32l4xx_hal_cortex.o
 .debug_line    0x000046fc      0xd62 ./Drivers/STM32L4xx_HAL_Driver/Src/stm32l4xx_hal_pwr_ex.o
 .debug_line    0x0000545e     0x104c ./Drivers/STM32L4xx_HAL_Driver/Src/stm32l4xx_hal_rcc.o
 .debug_line    0x000064aa      0x3c5 C:\Users\Ali\STM32CubeIDE\workspace_1.16.0\Lab1\Core\Lib\libarm_cortexM4lf_math.a(arm_std_f32.o)
 .debug_line    0x0000686f      0x2d9 C:\Users\Ali\STM32CubeIDE\workspace_1.16.0\Lab1\Core\Lib\libarm_cortexM4lf_math.a(arm_mean_f32.o)
 .debug_line    0x00006b48      0x9e6 C:\Users\Ali\STM32CubeIDE\workspace_1.16.0\Lab1\Core\Lib\libarm_cortexM4lf_math.a(arm_correlate_f32.o)
 .debug_line    0x0000752e      0x944 C:\Users\Ali\STM32CubeIDE\workspace_1.16.0\Lab1\Core\Lib\libarm_cortexM4lf_math.a(arm_conv_f32.o)
 .debug_line    0x00007e72      0x2ef C:\Users\Ali\STM32CubeIDE\workspace_1.16.0\Lab1\Core\Lib\libarm_cortexM4lf_math.a(arm_negate_f32.o)
 .debug_line    0x00008161      0x2e0 C:\Users\Ali\STM32CubeIDE\workspace_1.16.0\Lab1\Core\Lib\libarm_cortexM4lf_math.a(arm_mult_f32.o)
 .debug_line    0x00008441      0x2df C:\Users\Ali\STM32CubeIDE\workspace_1.16.0\Lab1\Core\Lib\libarm_cortexM4lf_math.a(arm_add_f32.o)

.debug_line_str
                0x00000000       0x79
 .debug_line_str
                0x00000000       0x51 ./Core/Src/kalman_assem.o
 .debug_line_str
                0x00000051       0x28 ./Core/Startup/startup_stm32l4s5vitx.o
                                 0x5e (size before relaxing)

.debug_info     0x00000000     0x995b
 .debug_info    0x00000000       0x25 ./Core/Src/kalman_assem.o
 .debug_info    0x00000025      0x144 ./Core/Src/kalman_c.o
 .debug_info    0x00000169      0x21a ./Core/Src/kalman_cmsis.o
 .debug_info    0x00000383      0xa12 ./Core/Src/main.o
 .debug_info    0x00000d95      0x2f0 ./Core/Src/stm32l4xx_hal_msp.o
 .debug_info    0x00001085      0x11a ./Core/Src/stm32l4xx_it.o
 .debug_info    0x0000119f      0x5e9 ./Core/Src/system_stm32l4xx.o
 .debug_info    0x00001788       0x30 ./Core/Startup/startup_stm32l4s5vitx.o
 .debug_info    0x000017b8      0xb4f ./Drivers/STM32L4xx_HAL_Driver/Src/stm32l4xx_hal.o
 .debug_info    0x00002307      0xd9f ./Drivers/STM32L4xx_HAL_Driver/Src/stm32l4xx_hal_cortex.o
 .debug_info    0x000030a6      0xa0a ./Drivers/STM32L4xx_HAL_Driver/Src/stm32l4xx_hal_pwr_ex.o
 .debug_info    0x00003ab0      0xd32 ./Drivers/STM32L4xx_HAL_Driver/Src/stm32l4xx_hal_rcc.o
 .debug_info    0x000047e2      0xc13 C:\Users\Ali\STM32CubeIDE\workspace_1.16.0\Lab1\Core\Lib\libarm_cortexM4lf_math.a(arm_std_f32.o)
 .debug_info    0x000053f5      0xae8 C:\Users\Ali\STM32CubeIDE\workspace_1.16.0\Lab1\Core\Lib\libarm_cortexM4lf_math.a(arm_mean_f32.o)
 .debug_info    0x00005edd      0xcf5 C:\Users\Ali\STM32CubeIDE\workspace_1.16.0\Lab1\Core\Lib\libarm_cortexM4lf_math.a(arm_correlate_f32.o)
 .debug_info    0x00006bd2      0xcc1 C:\Users\Ali\STM32CubeIDE\workspace_1.16.0\Lab1\Core\Lib\libarm_cortexM4lf_math.a(arm_conv_f32.o)
 .debug_info    0x00007893      0xae0 C:\Users\Ali\STM32CubeIDE\workspace_1.16.0\Lab1\Core\Lib\libarm_cortexM4lf_math.a(arm_negate_f32.o)
 .debug_info    0x00008373      0xaf4 C:\Users\Ali\STM32CubeIDE\workspace_1.16.0\Lab1\Core\Lib\libarm_cortexM4lf_math.a(arm_mult_f32.o)
 .debug_info    0x00008e67      0xaf4 C:\Users\Ali\STM32CubeIDE\workspace_1.16.0\Lab1\Core\Lib\libarm_cortexM4lf_math.a(arm_add_f32.o)

.debug_abbrev   0x00000000     0x1f8e
 .debug_abbrev  0x00000000       0x14 ./Core/Src/kalman_assem.o
 .debug_abbrev  0x00000014       0xb3 ./Core/Src/kalman_c.o
 .debug_abbrev  0x000000c7      0x106 ./Core/Src/kalman_cmsis.o
 .debug_abbrev  0x000001cd      0x289 ./Core/Src/main.o
 .debug_abbrev  0x00000456       0xc6 ./Core/Src/stm32l4xx_hal_msp.o
 .debug_abbrev  0x0000051c       0x73 ./Core/Src/stm32l4xx_it.o
 .debug_abbrev  0x0000058f      0x11a ./Core/Src/system_stm32l4xx.o
 .debug_abbrev  0x000006a9       0x24 ./Core/Startup/startup_stm32l4s5vitx.o
 .debug_abbrev  0x000006cd      0x242 ./Drivers/STM32L4xx_HAL_Driver/Src/stm32l4xx_hal.o
 .debug_abbrev  0x0000090f      0x31c ./Drivers/STM32L4xx_HAL_Driver/Src/stm32l4xx_hal_cortex.o
 .debug_abbrev  0x00000c2b      0x1f9 ./Drivers/STM32L4xx_HAL_Driver/Src/stm32l4xx_hal_pwr_ex.o
 .debug_abbrev  0x00000e24      0x306 ./Drivers/STM32L4xx_HAL_Driver/Src/stm32l4xx_hal_rcc.o
 .debug_abbrev  0x0000112a      0x286 C:\Users\Ali\STM32CubeIDE\workspace_1.16.0\Lab1\Core\Lib\libarm_cortexM4lf_math.a(arm_std_f32.o)
 .debug_abbrev  0x000013b0      0x210 C:\Users\Ali\STM32CubeIDE\workspace_1.16.0\Lab1\Core\Lib\libarm_cortexM4lf_math.a(arm_mean_f32.o)
 .debug_abbrev  0x000015c0      0x1ff C:\Users\Ali\STM32CubeIDE\workspace_1.16.0\Lab1\Core\Lib\libarm_cortexM4lf_math.a(arm_correlate_f32.o)
 .debug_abbrev  0x000017bf      0x20e C:\Users\Ali\STM32CubeIDE\workspace_1.16.0\Lab1\Core\Lib\libarm_cortexM4lf_math.a(arm_conv_f32.o)
 .debug_abbrev  0x000019cd      0x1eb C:\Users\Ali\STM32CubeIDE\workspace_1.16.0\Lab1\Core\Lib\libarm_cortexM4lf_math.a(arm_negate_f32.o)
 .debug_abbrev  0x00001bb8      0x1eb C:\Users\Ali\STM32CubeIDE\workspace_1.16.0\Lab1\Core\Lib\libarm_cortexM4lf_math.a(arm_mult_f32.o)
 .debug_abbrev  0x00001da3      0x1eb C:\Users\Ali\STM32CubeIDE\workspace_1.16.0\Lab1\Core\Lib\libarm_cortexM4lf_math.a(arm_add_f32.o)

.debug_aranges  0x00000000      0x6a8
 .debug_aranges
                0x00000000       0x20 ./Core/Src/kalman_assem.o
 .debug_aranges
                0x00000020       0x20 ./Core/Src/kalman_c.o
 .debug_aranges
                0x00000040       0x20 ./Core/Src/kalman_cmsis.o
 .debug_aranges
                0x00000060       0x38 ./Core/Src/main.o
 .debug_aranges
                0x00000098       0x20 ./Core/Src/stm32l4xx_hal_msp.o
 .debug_aranges
                0x000000b8       0x60 ./Core/Src/stm32l4xx_it.o
 .debug_aranges
                0x00000118       0x28 ./Core/Src/system_stm32l4xx.o
 .debug_aranges
                0x00000140       0x28 ./Core/Startup/startup_stm32l4s5vitx.o
 .debug_aranges
                0x00000168      0x130 ./Drivers/STM32L4xx_HAL_Driver/Src/stm32l4xx_hal.o
 .debug_aranges
                0x00000298      0x128 ./Drivers/STM32L4xx_HAL_Driver/Src/stm32l4xx_hal_cortex.o
 .debug_aranges
                0x000003c0      0x170 ./Drivers/STM32L4xx_HAL_Driver/Src/stm32l4xx_hal_pwr_ex.o
 .debug_aranges
                0x00000530       0x98 ./Drivers/STM32L4xx_HAL_Driver/Src/stm32l4xx_hal_rcc.o
 .debug_aranges
                0x000005c8       0x20 C:\Users\Ali\STM32CubeIDE\workspace_1.16.0\Lab1\Core\Lib\libarm_cortexM4lf_math.a(arm_std_f32.o)
 .debug_aranges
                0x000005e8       0x20 C:\Users\Ali\STM32CubeIDE\workspace_1.16.0\Lab1\Core\Lib\libarm_cortexM4lf_math.a(arm_mean_f32.o)
 .debug_aranges
                0x00000608       0x20 C:\Users\Ali\STM32CubeIDE\workspace_1.16.0\Lab1\Core\Lib\libarm_cortexM4lf_math.a(arm_correlate_f32.o)
 .debug_aranges
                0x00000628       0x20 C:\Users\Ali\STM32CubeIDE\workspace_1.16.0\Lab1\Core\Lib\libarm_cortexM4lf_math.a(arm_conv_f32.o)
 .debug_aranges
                0x00000648       0x20 C:\Users\Ali\STM32CubeIDE\workspace_1.16.0\Lab1\Core\Lib\libarm_cortexM4lf_math.a(arm_negate_f32.o)
 .debug_aranges
                0x00000668       0x20 C:\Users\Ali\STM32CubeIDE\workspace_1.16.0\Lab1\Core\Lib\libarm_cortexM4lf_math.a(arm_mult_f32.o)
 .debug_aranges
                0x00000688       0x20 C:\Users\Ali\STM32CubeIDE\workspace_1.16.0\Lab1\Core\Lib\libarm_cortexM4lf_math.a(arm_add_f32.o)

.debug_str      0x00000000    0xf976b
 .debug_str     0x00000000       0x5f ./Core/Src/kalman_assem.o
 .debug_str     0x0000005f     0x6d3f ./Core/Src/kalman_c.o
                               0x6e8d (size before relaxing)
 .debug_str     0x00006d9e       0x6d ./Core/Src/kalman_cmsis.o
                               0x6ed6 (size before relaxing)
 .debug_str     0x00006e0b    0xf06f0 ./Core/Src/main.o
                              0xf77ec (size before relaxing)
 .debug_str     0x000f74fb       0x2c ./Core/Src/stm32l4xx_hal_msp.o
                              0xf2ef7 (size before relaxing)
 .debug_str     0x000f7527       0xc9 ./Core/Src/stm32l4xx_it.o
                              0xf2e11 (size before relaxing)
 .debug_str     0x000f75f0       0xfc ./Core/Src/system_stm32l4xx.o
                              0xf2fa7 (size before relaxing)
 .debug_str     0x000f76ec       0x36 ./Core/Startup/startup_stm32l4s5vitx.o
                                 0x7a (size before relaxing)
 .debug_str     0x000f7722      0xac9 ./Drivers/STM32L4xx_HAL_Driver/Src/stm32l4xx_hal.o
                              0xf3b85 (size before relaxing)
 .debug_str     0x000f81eb      0x388 ./Drivers/STM32L4xx_HAL_Driver/Src/stm32l4xx_hal_cortex.o
                              0xf3846 (size before relaxing)
 .debug_str     0x000f8573      0x5c1 ./Drivers/STM32L4xx_HAL_Driver/Src/stm32l4xx_hal_pwr_ex.o
                              0xf357a (size before relaxing)
 .debug_str     0x000f8b34      0x453 ./Drivers/STM32L4xx_HAL_Driver/Src/stm32l4xx_hal_rcc.o
                              0xf361a (size before relaxing)
 .debug_str     0x000f8f87      0x64a C:\Users\Ali\STM32CubeIDE\workspace_1.16.0\Lab1\Core\Lib\libarm_cortexM4lf_math.a(arm_std_f32.o)
                                0x74c (size before relaxing)
 .debug_str     0x000f95d1       0x30 C:\Users\Ali\STM32CubeIDE\workspace_1.16.0\Lab1\Core\Lib\libarm_cortexM4lf_math.a(arm_mean_f32.o)
                                0x670 (size before relaxing)
 .debug_str     0x000f9601       0xa7 C:\Users\Ali\STM32CubeIDE\workspace_1.16.0\Lab1\Core\Lib\libarm_cortexM4lf_math.a(arm_correlate_f32.o)
                                0x6f2 (size before relaxing)
 .debug_str     0x000f96a8       0x35 C:\Users\Ali\STM32CubeIDE\workspace_1.16.0\Lab1\Core\Lib\libarm_cortexM4lf_math.a(arm_conv_f32.o)
                                0x6cf (size before relaxing)
 .debug_str     0x000f96dd       0x31 C:\Users\Ali\STM32CubeIDE\workspace_1.16.0\Lab1\Core\Lib\libarm_cortexM4lf_math.a(arm_negate_f32.o)
                                0x670 (size before relaxing)
 .debug_str     0x000f970e       0x2f C:\Users\Ali\STM32CubeIDE\workspace_1.16.0\Lab1\Core\Lib\libarm_cortexM4lf_math.a(arm_mult_f32.o)
                                0x673 (size before relaxing)
 .debug_str     0x000f973d       0x2e C:\Users\Ali\STM32CubeIDE\workspace_1.16.0\Lab1\Core\Lib\libarm_cortexM4lf_math.a(arm_add_f32.o)
                                0x671 (size before relaxing)

.debug_rnglists
                0x00000000      0x41a
 .debug_rnglists
                0x00000000       0x14 ./Core/Src/kalman_c.o
 .debug_rnglists
                0x00000014       0x14 ./Core/Src/kalman_cmsis.o
 .debug_rnglists
                0x00000028       0x27 ./Core/Src/main.o
 .debug_rnglists
                0x0000004f       0x13 ./Core/Src/stm32l4xx_hal_msp.o
 .debug_rnglists
                0x00000062       0x43 ./Core/Src/stm32l4xx_it.o
 .debug_rnglists
                0x000000a5       0x1a ./Core/Src/system_stm32l4xx.o
 .debug_rnglists
                0x000000bf       0x19 ./Core/Startup/startup_stm32l4s5vitx.o
 .debug_rnglists
                0x000000d8       0xdf ./Drivers/STM32L4xx_HAL_Driver/Src/stm32l4xx_hal.o
 .debug_rnglists
                0x000001b7       0xda ./Drivers/STM32L4xx_HAL_Driver/Src/stm32l4xx_hal_cortex.o
 .debug_rnglists
                0x00000291      0x115 ./Drivers/STM32L4xx_HAL_Driver/Src/stm32l4xx_hal_pwr_ex.o
 .debug_rnglists
                0x000003a6       0x74 ./Drivers/STM32L4xx_HAL_Driver/Src/stm32l4xx_hal_rcc.o

.debug_macro    0x00000000    0x28e38
 .debug_macro   0x00000000       0xec ./Core/Src/kalman_c.o
 .debug_macro   0x000000ec      0xab4 ./Core/Src/kalman_c.o
 .debug_macro   0x00000ba0       0x22 ./Core/Src/kalman_c.o
 .debug_macro   0x00000bc2       0x5b ./Core/Src/kalman_c.o
 .debug_macro   0x00000c1d       0x2a ./Core/Src/kalman_c.o
 .debug_macro   0x00000c47       0x94 ./Core/Src/kalman_c.o
 .debug_macro   0x00000cdb       0x43 ./Core/Src/kalman_c.o
 .debug_macro   0x00000d1e       0x34 ./Core/Src/kalman_c.o
 .debug_macro   0x00000d52      0x189 ./Core/Src/kalman_c.o
 .debug_macro   0x00000edb       0x16 ./Core/Src/kalman_c.o
 .debug_macro   0x00000ef1       0x43 ./Core/Src/kalman_c.o
 .debug_macro   0x00000f34       0x57 ./Core/Src/kalman_c.o
 .debug_macro   0x00000f8b       0x34 ./Core/Src/kalman_c.o
 .debug_macro   0x00000fbf       0x10 ./Core/Src/kalman_c.o
 .debug_macro   0x00000fcf       0x58 ./Core/Src/kalman_c.o
 .debug_macro   0x00001027       0x8e ./Core/Src/kalman_c.o
 .debug_macro   0x000010b5       0x1c ./Core/Src/kalman_c.o
 .debug_macro   0x000010d1      0x177 ./Core/Src/kalman_c.o
 .debug_macro   0x00001248      0x369 ./Core/Src/kalman_c.o
 .debug_macro   0x000015b1      0x19b ./Core/Src/kalman_c.o
 .debug_macro   0x0000174c       0xec ./Core/Src/kalman_cmsis.o
 .debug_macro   0x00001838      0x2cc ./Core/Src/main.o
 .debug_macro   0x00001b04      0x19b ./Core/Src/main.o
 .debug_macro   0x00001c9f       0x2e ./Core/Src/main.o
 .debug_macro   0x00001ccd       0x28 ./Core/Src/main.o
 .debug_macro   0x00001cf5       0x8e ./Core/Src/main.o
 .debug_macro   0x00001d83       0x51 ./Core/Src/main.o
 .debug_macro   0x00001dd4      0x103 ./Core/Src/main.o
 .debug_macro   0x00001ed7       0x6a ./Core/Src/main.o
 .debug_macro   0x00001f41      0x1df ./Core/Src/main.o
 .debug_macro   0x00002120       0x1c ./Core/Src/main.o
 .debug_macro   0x0000213c       0x22 ./Core/Src/main.o
 .debug_macro   0x0000215e       0xfb ./Core/Src/main.o
 .debug_macro   0x00002259     0x1011 ./Core/Src/main.o
 .debug_macro   0x0000326a      0x11f ./Core/Src/main.o
 .debug_macro   0x00003389    0x1d292 ./Core/Src/main.o
 .debug_macro   0x0002061b       0x6d ./Core/Src/main.o
 .debug_macro   0x00020688     0x3902 ./Core/Src/main.o
 .debug_macro   0x00023f8a       0x5c ./Core/Src/main.o
 .debug_macro   0x00023fe6     0x1910 ./Core/Src/main.o
 .debug_macro   0x000258f6      0x7dc ./Core/Src/main.o
 .debug_macro   0x000260d2      0x1b9 ./Core/Src/main.o
 .debug_macro   0x0002628b      0x225 ./Core/Src/main.o
 .debug_macro   0x000264b0      0x486 ./Core/Src/main.o
 .debug_macro   0x00026936      0x1ce ./Core/Src/main.o
 .debug_macro   0x00026b04       0x43 ./Core/Src/main.o
 .debug_macro   0x00026b47      0x23d ./Core/Src/main.o
 .debug_macro   0x00026d84      0x241 ./Core/Src/main.o
 .debug_macro   0x00026fc5      0x416 ./Core/Src/main.o
 .debug_macro   0x000273db       0x1c ./Core/Src/main.o
 .debug_macro   0x000273f7       0xf2 ./Core/Src/main.o
 .debug_macro   0x000274e9      0x122 ./Core/Src/main.o
 .debug_macro   0x0002760b      0x3f6 ./Core/Src/main.o
 .debug_macro   0x00027a01      0x432 ./Core/Src/main.o
 .debug_macro   0x00027e33       0x61 ./Core/Src/main.o
 .debug_macro   0x00027e94       0x10 ./Core/Src/main.o
 .debug_macro   0x00027ea4       0x35 ./Core/Src/main.o
 .debug_macro   0x00027ed9       0x20 ./Core/Src/main.o
 .debug_macro   0x00027ef9      0x201 ./Core/Src/main.o
 .debug_macro   0x000280fa       0xc8 ./Core/Src/main.o
 .debug_macro   0x000281c2      0x1ba ./Core/Src/stm32l4xx_hal_msp.o
 .debug_macro   0x0002837c      0x1c4 ./Core/Src/stm32l4xx_it.o
 .debug_macro   0x00028540      0x1a6 ./Core/Src/system_stm32l4xx.o
 .debug_macro   0x000286e6      0x1f4 ./Drivers/STM32L4xx_HAL_Driver/Src/stm32l4xx_hal.o
 .debug_macro   0x000288da      0x1a6 ./Drivers/STM32L4xx_HAL_Driver/Src/stm32l4xx_hal_cortex.o
 .debug_macro   0x00028a80      0x1d0 ./Drivers/STM32L4xx_HAL_Driver/Src/stm32l4xx_hal_pwr_ex.o
 .debug_macro   0x00028c50      0x1e8 ./Drivers/STM32L4xx_HAL_Driver/Src/stm32l4xx_hal_rcc.o

.comment        0x00000000       0xb8
 .comment       0x00000000       0x43 ./Core/Src/kalman_c.o
                                 0x44 (size before relaxing)
 .comment       0x00000043       0x44 ./Core/Src/kalman_cmsis.o
 .comment       0x00000043       0x44 ./Core/Src/main.o
 .comment       0x00000043       0x44 ./Core/Src/stm32l4xx_hal_msp.o
 .comment       0x00000043       0x44 ./Core/Src/stm32l4xx_it.o
 .comment       0x00000043       0x44 ./Core/Src/system_stm32l4xx.o
 .comment       0x00000043       0x44 ./Drivers/STM32L4xx_HAL_Driver/Src/stm32l4xx_hal.o
 .comment       0x00000043       0x44 ./Drivers/STM32L4xx_HAL_Driver/Src/stm32l4xx_hal_cortex.o
 .comment       0x00000043       0x44 ./Drivers/STM32L4xx_HAL_Driver/Src/stm32l4xx_hal_pwr_ex.o
 .comment       0x00000043       0x44 ./Drivers/STM32L4xx_HAL_Driver/Src/stm32l4xx_hal_rcc.o
 .comment       0x00000043       0x75 C:\Users\Ali\STM32CubeIDE\workspace_1.16.0\Lab1\Core\Lib\libarm_cortexM4lf_math.a(arm_std_f32.o)
                                 0x76 (size before relaxing)
 .comment       0x000000b8       0x76 C:\Users\Ali\STM32CubeIDE\workspace_1.16.0\Lab1\Core\Lib\libarm_cortexM4lf_math.a(arm_mean_f32.o)
 .comment       0x000000b8       0x76 C:\Users\Ali\STM32CubeIDE\workspace_1.16.0\Lab1\Core\Lib\libarm_cortexM4lf_math.a(arm_correlate_f32.o)
 .comment       0x000000b8       0x76 C:\Users\Ali\STM32CubeIDE\workspace_1.16.0\Lab1\Core\Lib\libarm_cortexM4lf_math.a(arm_conv_f32.o)
 .comment       0x000000b8       0x76 C:\Users\Ali\STM32CubeIDE\workspace_1.16.0\Lab1\Core\Lib\libarm_cortexM4lf_math.a(arm_negate_f32.o)
 .comment       0x000000b8       0x76 C:\Users\Ali\STM32CubeIDE\workspace_1.16.0\Lab1\Core\Lib\libarm_cortexM4lf_math.a(arm_mult_f32.o)
 .comment       0x000000b8       0x76 C:\Users\Ali\STM32CubeIDE\workspace_1.16.0\Lab1\Core\Lib\libarm_cortexM4lf_math.a(arm_add_f32.o)

.debug_frame    0x00000000     0x1d08
 .debug_frame   0x00000000       0x38 ./Core/Src/kalman_c.o
 .debug_frame   0x00000038       0x34 ./Core/Src/kalman_cmsis.o
 .debug_frame   0x0000006c       0xa4 ./Core/Src/main.o
 .debug_frame   0x00000110       0x38 ./Core/Src/stm32l4xx_hal_msp.o
 .debug_frame   0x00000148      0x104 ./Core/Src/stm32l4xx_it.o
 .debug_frame   0x0000024c       0x58 ./Core/Src/system_stm32l4xx.o
 .debug_frame   0x000002a4      0x498 ./Drivers/STM32L4xx_HAL_Driver/Src/stm32l4xx_hal.o
 .debug_frame   0x0000073c      0x4e8 ./Drivers/STM32L4xx_HAL_Driver/Src/stm32l4xx_hal_cortex.o
 .debug_frame   0x00000c24      0x5c4 ./Drivers/STM32L4xx_HAL_Driver/Src/stm32l4xx_hal_pwr_ex.o
 .debug_frame   0x000011e8      0x248 ./Drivers/STM32L4xx_HAL_Driver/Src/stm32l4xx_hal_rcc.o
 .debug_frame   0x00001430       0x64 C:\Users\Ali\STM32CubeIDE\workspace_1.16.0\Lab1\Core\Lib\libarm_cortexM4lf_math.a(arm_std_f32.o)
 .debug_frame   0x00001494       0x2c C:\Users\Ali\STM32CubeIDE\workspace_1.16.0\Lab1\Core\Lib\libarm_cortexM4lf_math.a(arm_mean_f32.o)
 .debug_frame   0x000014c0       0x40 C:\Users\Ali\STM32CubeIDE\workspace_1.16.0\Lab1\Core\Lib\libarm_cortexM4lf_math.a(arm_correlate_f32.o)
 .debug_frame   0x00001500       0x40 C:\Users\Ali\STM32CubeIDE\workspace_1.16.0\Lab1\Core\Lib\libarm_cortexM4lf_math.a(arm_conv_f32.o)
 .debug_frame   0x00001540       0x30 C:\Users\Ali\STM32CubeIDE\workspace_1.16.0\Lab1\Core\Lib\libarm_cortexM4lf_math.a(arm_negate_f32.o)
 .debug_frame   0x00001570       0x34 C:\Users\Ali\STM32CubeIDE\workspace_1.16.0\Lab1\Core\Lib\libarm_cortexM4lf_math.a(arm_mult_f32.o)
 .debug_frame   0x000015a4       0x34 C:\Users\Ali\STM32CubeIDE\workspace_1.16.0\Lab1\Core\Lib\libarm_cortexM4lf_math.a(arm_add_f32.o)
 .debug_frame   0x000015d8      0x144 C:/ST/STM32CubeIDE_1.16.0/STM32CubeIDE/plugins/com.st.stm32cube.ide.mcu.externaltools.gnu-tools-for-stm32.12.3.rel1.win32_1.0.200.202406191623/tools/bin/../lib/gcc/arm-none-eabi/12.3.1/../../../../arm-none-eabi/lib/thumb/v7e-m+fp/hard\libc_nano.a(libc_a-findfp.o)
 .debug_frame   0x0000171c       0x20 C:/ST/STM32CubeIDE_1.16.0/STM32CubeIDE/plugins/com.st.stm32cube.ide.mcu.externaltools.gnu-tools-for-stm32.12.3.rel1.win32_1.0.200.202406191623/tools/bin/../lib/gcc/arm-none-eabi/12.3.1/../../../../arm-none-eabi/lib/thumb/v7e-m+fp/hard\libc_nano.a(libc_a-memset.o)
 .debug_frame   0x0000173c       0x20 C:/ST/STM32CubeIDE_1.16.0/STM32CubeIDE/plugins/com.st.stm32cube.ide.mcu.externaltools.gnu-tools-for-stm32.12.3.rel1.win32_1.0.200.202406191623/tools/bin/../lib/gcc/arm-none-eabi/12.3.1/../../../../arm-none-eabi/lib/thumb/v7e-m+fp/hard\libc_nano.a(libc_a-errno.o)
 .debug_frame   0x0000175c       0x2c C:/ST/STM32CubeIDE_1.16.0/STM32CubeIDE/plugins/com.st.stm32cube.ide.mcu.externaltools.gnu-tools-for-stm32.12.3.rel1.win32_1.0.200.202406191623/tools/bin/../lib/gcc/arm-none-eabi/12.3.1/../../../../arm-none-eabi/lib/thumb/v7e-m+fp/hard\libc_nano.a(libc_a-init.o)
 .debug_frame   0x00001788       0x28 C:/ST/STM32CubeIDE_1.16.0/STM32CubeIDE/plugins/com.st.stm32cube.ide.mcu.externaltools.gnu-tools-for-stm32.12.3.rel1.win32_1.0.200.202406191623/tools/bin/../lib/gcc/arm-none-eabi/12.3.1/../../../../arm-none-eabi/lib/thumb/v7e-m+fp/hard\libc_nano.a(libc_a-memcpy-stub.o)
 .debug_frame   0x000017b0       0x44 C:/ST/STM32CubeIDE_1.16.0/STM32CubeIDE/plugins/com.st.stm32cube.ide.mcu.externaltools.gnu-tools-for-stm32.12.3.rel1.win32_1.0.200.202406191623/tools/bin/../lib/gcc/arm-none-eabi/12.3.1/../../../../arm-none-eabi/lib/thumb/v7e-m+fp/hard\libm.a(libm_a-w_pow.o)
 .debug_frame   0x000017f4       0x3c C:/ST/STM32CubeIDE_1.16.0/STM32CubeIDE/plugins/com.st.stm32cube.ide.mcu.externaltools.gnu-tools-for-stm32.12.3.rel1.win32_1.0.200.202406191623/tools/bin/../lib/gcc/arm-none-eabi/12.3.1/../../../../arm-none-eabi/lib/thumb/v7e-m+fp/hard\libm.a(libm_a-w_sqrt.o)
 .debug_frame   0x00001830       0x38 C:/ST/STM32CubeIDE_1.16.0/STM32CubeIDE/plugins/com.st.stm32cube.ide.mcu.externaltools.gnu-tools-for-stm32.12.3.rel1.win32_1.0.200.202406191623/tools/bin/../lib/gcc/arm-none-eabi/12.3.1/../../../../arm-none-eabi/lib/thumb/v7e-m+fp/hard\libm.a(libm_a-wf_sqrt.o)
 .debug_frame   0x00001868       0x28 C:/ST/STM32CubeIDE_1.16.0/STM32CubeIDE/plugins/com.st.stm32cube.ide.mcu.externaltools.gnu-tools-for-stm32.12.3.rel1.win32_1.0.200.202406191623/tools/bin/../lib/gcc/arm-none-eabi/12.3.1/../../../../arm-none-eabi/lib/thumb/v7e-m+fp/hard\libm.a(libm_a-s_finite.o)
 .debug_frame   0x00001890       0x38 C:/ST/STM32CubeIDE_1.16.0/STM32CubeIDE/plugins/com.st.stm32cube.ide.mcu.externaltools.gnu-tools-for-stm32.12.3.rel1.win32_1.0.200.202406191623/tools/bin/../lib/gcc/arm-none-eabi/12.3.1/../../../../arm-none-eabi/lib/thumb/v7e-m+fp/hard\libm.a(libm_a-e_sqrt.o)
 .debug_frame   0x000018c8       0x20 C:/ST/STM32CubeIDE_1.16.0/STM32CubeIDE/plugins/com.st.stm32cube.ide.mcu.externaltools.gnu-tools-for-stm32.12.3.rel1.win32_1.0.200.202406191623/tools/bin/../lib/gcc/arm-none-eabi/12.3.1/../../../../arm-none-eabi/lib/thumb/v7e-m+fp/hard\libm.a(libm_a-ef_sqrt.o)
 .debug_frame   0x000018e8       0x78 C:/ST/STM32CubeIDE_1.16.0/STM32CubeIDE/plugins/com.st.stm32cube.ide.mcu.externaltools.gnu-tools-for-stm32.12.3.rel1.win32_1.0.200.202406191623/tools/bin/../lib/gcc/arm-none-eabi/12.3.1/../../../../arm-none-eabi/lib/thumb/v7e-m+fp/hard\libm.a(libm_a-e_pow.o)
 .debug_frame   0x00001960       0x20 C:/ST/STM32CubeIDE_1.16.0/STM32CubeIDE/plugins/com.st.stm32cube.ide.mcu.externaltools.gnu-tools-for-stm32.12.3.rel1.win32_1.0.200.202406191623/tools/bin/../lib/gcc/arm-none-eabi/12.3.1/../../../../arm-none-eabi/lib/thumb/v7e-m+fp/hard\libm.a(libm_a-s_fabs.o)
 .debug_frame   0x00001980       0x2c C:/ST/STM32CubeIDE_1.16.0/STM32CubeIDE/plugins/com.st.stm32cube.ide.mcu.externaltools.gnu-tools-for-stm32.12.3.rel1.win32_1.0.200.202406191623/tools/bin/../lib/gcc/arm-none-eabi/12.3.1/../../../../arm-none-eabi/lib/thumb/v7e-m+fp/hard\libm.a(libm_a-s_scalbn.o)
 .debug_frame   0x000019ac      0x158 C:/ST/STM32CubeIDE_1.16.0/STM32CubeIDE/plugins/com.st.stm32cube.ide.mcu.externaltools.gnu-tools-for-stm32.12.3.rel1.win32_1.0.200.202406191623/tools/bin/../lib/gcc/arm-none-eabi/12.3.1/../../../../arm-none-eabi/lib/thumb/v7e-m+fp/hard\libm.a(libm_a-math_err.o)
 .debug_frame   0x00001b04       0xac C:/ST/STM32CubeIDE_1.16.0/STM32CubeIDE/plugins/com.st.stm32cube.ide.mcu.externaltools.gnu-tools-for-stm32.12.3.rel1.win32_1.0.200.202406191623/tools/bin/../lib/gcc/arm-none-eabi/12.3.1/thumb/v7e-m+fp/hard\libgcc.a(_arm_addsubdf3.o)
 .debug_frame   0x00001bb0       0x50 C:/ST/STM32CubeIDE_1.16.0/STM32CubeIDE/plugins/com.st.stm32cube.ide.mcu.externaltools.gnu-tools-for-stm32.12.3.rel1.win32_1.0.200.202406191623/tools/bin/../lib/gcc/arm-none-eabi/12.3.1/thumb/v7e-m+fp/hard\libgcc.a(_arm_muldivdf3.o)
 .debug_frame   0x00001c00       0xc4 C:/ST/STM32CubeIDE_1.16.0/STM32CubeIDE/plugins/com.st.stm32cube.ide.mcu.externaltools.gnu-tools-for-stm32.12.3.rel1.win32_1.0.200.202406191623/tools/bin/../lib/gcc/arm-none-eabi/12.3.1/thumb/v7e-m+fp/hard\libgcc.a(_arm_cmpdf2.o)
 .debug_frame   0x00001cc4       0x20 C:/ST/STM32CubeIDE_1.16.0/STM32CubeIDE/plugins/com.st.stm32cube.ide.mcu.externaltools.gnu-tools-for-stm32.12.3.rel1.win32_1.0.200.202406191623/tools/bin/../lib/gcc/arm-none-eabi/12.3.1/thumb/v7e-m+fp/hard\libgcc.a(_arm_unorddf2.o)
 .debug_frame   0x00001ce4       0x24 C:/ST/STM32CubeIDE_1.16.0/STM32CubeIDE/plugins/com.st.stm32cube.ide.mcu.externaltools.gnu-tools-for-stm32.12.3.rel1.win32_1.0.200.202406191623/tools/bin/../lib/gcc/arm-none-eabi/12.3.1/thumb/v7e-m+fp/hard\libgcc.a(_arm_truncdfsf2.o)

.debug_loc      0x00000000     0x33dd
 .debug_loc     0x00000000      0x5c9 C:\Users\Ali\STM32CubeIDE\workspace_1.16.0\Lab1\Core\Lib\libarm_cortexM4lf_math.a(arm_std_f32.o)
 .debug_loc     0x000005c9      0x177 C:\Users\Ali\STM32CubeIDE\workspace_1.16.0\Lab1\Core\Lib\libarm_cortexM4lf_math.a(arm_mean_f32.o)
 .debug_loc     0x00000740     0x133d C:\Users\Ali\STM32CubeIDE\workspace_1.16.0\Lab1\Core\Lib\libarm_cortexM4lf_math.a(arm_correlate_f32.o)
 .debug_loc     0x00001a7d     0x1363 C:\Users\Ali\STM32CubeIDE\workspace_1.16.0\Lab1\Core\Lib\libarm_cortexM4lf_math.a(arm_conv_f32.o)
 .debug_loc     0x00002de0      0x1d3 C:\Users\Ali\STM32CubeIDE\workspace_1.16.0\Lab1\Core\Lib\libarm_cortexM4lf_math.a(arm_negate_f32.o)
 .debug_loc     0x00002fb3      0x215 C:\Users\Ali\STM32CubeIDE\workspace_1.16.0\Lab1\Core\Lib\libarm_cortexM4lf_math.a(arm_mult_f32.o)
 .debug_loc     0x000031c8      0x215 C:\Users\Ali\STM32CubeIDE\workspace_1.16.0\Lab1\Core\Lib\libarm_cortexM4lf_math.a(arm_add_f32.o)

.debug_ranges   0x00000000       0x88
 .debug_ranges  0x00000000       0x28 C:\Users\Ali\STM32CubeIDE\workspace_1.16.0\Lab1\Core\Lib\libarm_cortexM4lf_math.a(arm_std_f32.o)
 .debug_ranges  0x00000028       0x10 C:\Users\Ali\STM32CubeIDE\workspace_1.16.0\Lab1\Core\Lib\libarm_cortexM4lf_math.a(arm_mean_f32.o)
 .debug_ranges  0x00000038       0x10 C:\Users\Ali\STM32CubeIDE\workspace_1.16.0\Lab1\Core\Lib\libarm_cortexM4lf_math.a(arm_correlate_f32.o)
 .debug_ranges  0x00000048       0x10 C:\Users\Ali\STM32CubeIDE\workspace_1.16.0\Lab1\Core\Lib\libarm_cortexM4lf_math.a(arm_conv_f32.o)
 .debug_ranges  0x00000058       0x10 C:\Users\Ali\STM32CubeIDE\workspace_1.16.0\Lab1\Core\Lib\libarm_cortexM4lf_math.a(arm_negate_f32.o)
 .debug_ranges  0x00000068       0x10 C:\Users\Ali\STM32CubeIDE\workspace_1.16.0\Lab1\Core\Lib\libarm_cortexM4lf_math.a(arm_mult_f32.o)
 .debug_ranges  0x00000078       0x10 C:\Users\Ali\STM32CubeIDE\workspace_1.16.0\Lab1\Core\Lib\libarm_cortexM4lf_math.a(arm_add_f32.o)
